intact s1: speed 0.37 drift -0.19 tilt 0.20 stance foot_l 0.43, foot_r 0.70, shank_r 0.01 airborne 0.12 [257s]
intact s2: speed 0.32 drift 0.21 tilt 0.18 stance foot_l 0.60, foot_r 0.51 airborne 0.17 [258s]
weak_hip_left s1: speed 0.39 drift 0.09 tilt 0.17 stance foot_l 0.76, foot_r 0.39, shank_l 0.01 airborne 0.08 [248s]
weak_hip_left s2: speed 0.41 drift -0.21 tilt 0.17 stance foot_l 0.61, foot_r 0.65, shank_r 0.02 airborne 0.09 [253s]
locked_knee_left s1: speed 0.42 drift -0.20 tilt 0.16 stance foot_l 0.68, foot_r 0.46, shank_r 0.01 airborne 0.14 [250s]
locked_knee_left s2: speed 0.37 drift -0.00 tilt 0.28 stance foot_l 0.61, foot_r 0.63, shank_r 0.00 airborne 0.15 [256s]
short_shank_left s2: speed 0.50 drift -0.13 tilt 0.20 stance foot_l 0.12, foot_r 0.78, shank_r 0.01 airborne 0.17 [244s]
short_shank_left s1: speed 0.39 drift -0.00 tilt 0.25 stance foot_l 0.14, foot_r 0.77, shank_r 0.03 airborne 0.22 [256s]
stump_left s2: speed 0.37 drift 0.34 tilt 0.23 stance foot_r 0.68, thigh_l 0.16, thigh_r 0.17, shank_r 0.01 airborne 0.12 [213s]
stump_left s1: speed 0.47 drift -0.32 tilt 0.17 stance foot_r 0.33, thigh_l 0.37, thigh_r 0.31 airborne 0.21 [214s]
noleg_left s1: speed 0.30 drift -0.13 tilt 0.23 stance foot_r 0.77, shank_r 0.01 airborne 0.23 [186s]
noleg_left s2: speed 0.30 drift -0.01 tilt 0.34 stance foot_r 0.82, shank_r 0.02 airborne 0.18 [186s]
nolegs s1: speed 0.37 drift -0.30 tilt 2.70 stance hand_l 0.64, hand_r 0.51 airborne 0.07 [91s]
nolegs s2: speed 0.35 drift -0.04 tilt 1.09 stance hand_l 0.57, hand_r 0.44, pelvis 0.43 airborne 0.08 [98s]
weak_hip_right s1: speed 0.49 drift -0.02 tilt 0.22 stance foot_l 0.55, foot_r 0.56 airborne 0.11 [233s]
weak_hip_right s0: speed 0.33 drift -0.12 tilt 0.23 stance foot_l 0.52, foot_r 0.71 airborne 0.05 [257s]
weak_hip_right s2: speed 0.33 drift -0.37 tilt 0.19 stance foot_l 0.54, foot_r 0.63 airborne 0.05 [244s]
locked_knee_right s0: speed 0.36 drift 0.66 tilt 0.17 stance foot_l 0.64, foot_r 0.67, shank_l 0.01 airborne 0.07 [253s]
locked_knee_right s1: speed 0.44 drift -0.10 tilt 0.19 stance foot_l 0.57, foot_r 0.77 airborne 0.08 [251s]
locked_knee_right s2: speed 0.47 drift 0.17 tilt 0.20 stance foot_l 0.42, foot_r 0.63 airborne 0.08 [252s]
short_shank_right s0: speed 0.30 drift 0.12 tilt 0.22 stance foot_l 0.46, foot_r 0.46, shank_l 0.03, shank_r 0.01 airborne 0.22 [244s]
short_shank_right s1: speed 0.32 drift 0.12 tilt 0.23 stance foot_l 0.80, foot_r 0.09, shank_l 0.01 airborne 0.18 [248s]
stump_right s0: speed 0.30 drift -0.06 tilt 0.31 stance foot_l 0.87, shank_l 0.01 airborne 0.13 [205s]
short_shank_right s2: speed 0.25 drift 0.26 tilt 0.25 stance foot_l 0.67, foot_r 0.18, shank_l 0.01 airborne 0.19 [240s]
stump_right s1: speed 0.29 drift -0.13 tilt 0.28 stance foot_l 0.72, thigh_l 0.04, thigh_r 0.14, shank_l 0.02 airborne 0.18 [213s]
stump_right s2: speed 0.40 drift -0.23 tilt 0.25 stance foot_l 0.79, shank_l 0.03 airborne 0.21 [212s]
noleg_right s0: speed 0.33 drift -0.18 tilt 0.33 stance foot_l 0.85, shank_l 0.01 airborne 0.15 [183s]
noleg_right s1: speed 0.33 drift -0.56 tilt 0.32 stance foot_l 0.85, thigh_l 0.03, shank_l 0.03 airborne 0.15 [182s]
noleg_right s2: speed 0.42 drift 0.09 tilt 0.28 stance foot_l 0.81, shank_l 0.02 airborne 0.19 [101s]
