   [windy/projection] t0 pick width     oracle rise      value 0.48 in 0.9623->0.8098 ho 0.8099 q_top 0.377 null 0.015 [37s]
   [obstacle/projection] t0 pick deflect   oracle rise      value 0.90 in 0.9285->0.6169 ho 0.6319 q_top 0.499 null 0.028 [39s]
   [twin/projection] t0 pick profile   oracle rise      value 0.85 in 0.7624->0.6807 ho 0.7129 q_top 0.223 null 0.043 [45s]
   [windy/projection] t1 pick base      oracle base      value 1.00 in 0.8098->0.6597 ho 0.6596 q_top 0.337 null 0.012 [52s]
   [obstacle/projection] t1 pick deflect   oracle width     value 0.00 in 0.6169->0.6169 ho 0.6319 q_top 0.092 null 0.002 [54s]
   [obstacle/projection] t2 pick wind      oracle width     value -0.27 in 0.6169->0.6169 ho 0.6319 q_top 0.092 null 0.003 [61s]
   [obstacle/projection] t3 pick cool      oracle width     value 0.74 in 0.6169->0.5792 ho 0.5762 q_top 0.092 null 0.002 [62s]
   [windy/projection] t2 pick wind      oracle wind      value 1.00 in 0.6597->0.5504 ho 0.5501 q_top 0.204 null 0.009 [66s]
   [twin/projection] t1 pick attract   oracle attract   value 1.00 in 0.6807->0.5887 ho 0.6769 q_top 0.264 null 0.014 [69s]
   [obstacle/projection] t4 pick amp       oracle amp       value 1.00 in 0.5792->0.5588 ho 0.5507 q_top 0.070 null 0.002 [75s]
   [windy/projection] t3 pick width     oracle width     value 1.00 in 0.5504->0.4777 ho 0.4771 q_top 0.348 null 0.010 [82s]
   [obstacle/projection] t5 pick jitter    oracle width     value 0.06 in 0.5588->0.5588 ho 0.5507 q_top 0.091 null 0.003 [88s]
   [twin/projection] t2 pick width     oracle cool      value 0.98 in 0.5887->0.5172 ho 0.5757 q_top 0.225 null 0.015 [89s]
   [windy/projection] t4 pick cool      oracle rise      value 0.57 in 0.4777->0.4519 ho 0.4514 q_top 0.182 null 0.001 [98s]
   [obstacle/projection] t6 pick cool      oracle width     value 0.00 in 0.5588->0.5588 ho 0.5507 q_top 0.091 null 0.002 [101s]
   [obstacle/projection] t7 pick profile   oracle width     value 0.06 in 0.5588->0.5588 ho 0.5507 q_top 0.091 null 0.002 [103s]
   [obstacle/hybrid] t0 pick rise      oracle rise      value 1.00 in 0.9285->0.5836 ho 0.5725 q_top 0.499 null 0.028 [103s]
   [twin/projection] t3 pick soot      oracle base      value 0.00 in 0.5172->0.5172 ho 0.5757 q_top 0.174 null 0.006 [110s]
   [twin/projection] t4 pick amp       oracle base      value 0.80 in 0.5172->0.4750 ho 0.5703 q_top 0.174 null 0.005 [112s]
   [windy/projection] t5 pick width     oracle profile   value 0.83 in 0.4519->0.4297 ho 0.4290 q_top 0.179 null 0.007 [115s]
   [obstacle/hybrid] t1 pick jitter    oracle jitter    value 1.00 in 0.5836->0.5612 ho 0.5562 q_top 0.152 null 0.001 [121s]
   [windy/projection] t6 pick cool      oracle rise      value 0.64 in 0.4297->0.4163 ho 0.4157 q_top 0.114 null 0.001 [130s]
   [twin/projection] t5 pick base      oracle rise      value 0.58 in 0.4750->0.4542 ho 0.5532 q_top 0.079 null 0.001 [131s]
   [obstacle/hybrid] t2 pick deflect   oracle width     value 0.07 in 0.5612->0.5612 ho 0.5562 q_top 0.086 null 0.001 [138s]
   [windy/projection] t7 pick soot      oracle soot      value 1.00 in 0.4163->0.4106 ho 0.4103 q_top 0.071 null 0.004 [145s]
   [windy/hybrid] t0 pick rise      oracle rise      value 1.00 in 0.9623->0.6478 ho 0.6479 q_top 0.377 null 0.015 [145s]
   [obstacle/hybrid] t3 pick profile   oracle width     value 0.81 in 0.5612->0.5446 ho 0.5419 q_top 0.086 null 0.001 [153s]
   [twin/projection] t6 pick wind      oracle rise      value -1.76 in 0.4542->0.4542 ho 0.5532 q_top 0.070 null 0.001 [156s]
   [twin/projection] t7 pick width     oracle rise      value 0.39 in 0.4542->0.4405 ho 0.5258 q_top 0.070 null 0.001 [158s]
   [twin/hybrid] t0 pick rise      oracle rise      value 1.00 in 0.7624->0.6660 ho 0.6775 q_top 0.223 null 0.043 [158s]
   [windy/hybrid] t1 pick jitter    oracle jitter    value 1.00 in 0.6478->0.5914 ho 0.5915 q_top 0.182 null 0.005 [163s]
   [obstacle/hybrid] t4 pick width     oracle width     value 1.00 in 0.5446->0.5303 ho 0.5244 q_top 0.062 null 0.002 [171s]
   [windy/hybrid] t2 pick amp       oracle base      value 0.98 in 0.5914->0.5587 ho 0.5587 q_top 0.108 null 0.004 [178s]
   [twin/hybrid] t1 pick profile   oracle profile   value 1.00 in 0.6660->0.5962 ho 0.6173 q_top 0.221 null 0.002 [183s]
   [obstacle/hybrid] t5 pick soot      oracle soot      value 1.00 in 0.5303->0.5231 ho 0.5186 q_top 0.048 null 0.001 [187s]
   [windy/hybrid] t3 pick rate      oracle rate      value 1.00 in 0.5587->0.5379 ho 0.5377 q_top 0.097 null 0.003 [194s]
   [twin/hybrid] t2 pick attract   oracle attract   value 1.00 in 0.5962->0.5064 ho 0.5618 q_top 0.283 null 0.002 [206s]
   [obstacle/hybrid] t6 pick rate      oracle rate      value 1.00 in 0.5231->0.5172 ho 0.5040 q_top 0.029 null 0.001 [211s]
   [windy/hybrid] t4 pick rise      oracle rise      value 1.00 in 0.5379->0.5278 ho 0.5276 q_top 0.089 null 0.002 [213s]
   [twin/hybrid] t3 pick amp       oracle amp       value 1.00 in 0.5064->0.4499 ho 0.5512 q_top 0.191 null 0.002 [229s]
   [windy/hybrid] t5 pick wind      oracle wind      value 1.00 in 0.5278->0.4777 ho 0.4774 q_top 0.094 null 0.002 [232s]
   [obstacle/hybrid] t7 pick soot      oracle soot      value 1.00 in 0.5172->0.5114 ho 0.5004 q_top 0.043 null 0.001 [243s]
   [obstacle/oracle] t0 pick rise      oracle rise      value 1.00 in 0.9285->0.5836 ho 0.5725 q_top 0.499 null 0.028 [243s]
   [windy/hybrid] t6 pick wind      oracle wind      value 1.00 in 0.4777->0.4502 ho 0.4499 q_top 0.264 null 0.003 [251s]
   [twin/hybrid] t4 pick width     oracle width     value 1.00 in 0.4499->0.4254 ho 0.5176 q_top 0.091 null 0.005 [252s]
   [obstacle/oracle] t1 pick jitter    oracle jitter    value 1.00 in 0.5836->0.5612 ho 0.5562 q_top 0.152 null 0.001 [261s]
   [windy/hybrid] t7 pick rise      oracle rise      value 1.00 in 0.4502->0.4183 ho 0.4178 q_top 0.159 null 0.002 [271s]
   [windy/oracle] t0 pick rise      oracle rise      value 1.00 in 0.9623->0.6478 ho 0.6479 q_top 0.377 null 0.015 [271s]
   [twin/hybrid] t5 pick base      oracle base      value 1.00 in 0.4254->0.4063 ho 0.5021 q_top 0.081 null 0.001 [276s]
   [obstacle/oracle] t2 pick width     oracle width     value 1.00 in 0.5612->0.5408 ho 0.5345 q_top 0.086 null 0.001 [279s]
   [windy/oracle] t1 pick jitter    oracle jitter    value 1.00 in 0.6478->0.5914 ho 0.5915 q_top 0.182 null 0.006 [287s]
   [obstacle/oracle] t3 pick profile   oracle profile   value 1.00 in 0.5408->0.5316 ho 0.5267 q_top 0.043 null 0.001 [296s]
   [windy/oracle] t2 pick base      oracle base      value 1.00 in 0.5914->0.5581 ho 0.5579 q_top 0.108 null 0.003 [302s]
   [twin/hybrid] t6 pick width     oracle width     value 1.00 in 0.4063->0.3961 ho 0.4882 q_top 0.039 null 0.001 [305s]
   [obstacle/oracle] t4 pick soot      oracle soot      value 1.00 in 0.5316->0.5238 ho 0.5204 q_top 0.052 null 0.001 [314s]
   [windy/oracle] t3 pick wind      oracle wind      value 1.00 in 0.5581->0.5488 ho 0.5486 q_top 0.116 null 0.003 [319s]
   [twin/hybrid] t7 pick rate      oracle rate      value 1.00 in 0.3961->0.3961 ho 0.4882 q_top 0.021 null 0.003 [333s]
   [twin/oracle] t0 pick rise      oracle rise      value 1.00 in 0.7624->0.6660 ho 0.6775 q_top 0.223 null 0.043 [334s]
   [obstacle/oracle] t5 pick deflect   oracle deflect   value 1.00 in 0.5238->0.5185 ho 0.5106 q_top 0.032 null 0.001 [335s]
   [windy/oracle] t4 pick wind      oracle wind      value 1.00 in 0.5488->0.4277 ho 0.4272 q_top 0.195 null 0.003 [336s]
   [windy/oracle] t5 pick profile   oracle profile   value 1.00 in 0.4277->0.4124 ho 0.4116 q_top 0.076 null 0.001 [355s]
   [obstacle/oracle] t6 pick rate      oracle rate      value 1.00 in 0.5185->0.5127 ho 0.4954 q_top 0.031 null 0.001 [357s]
   [twin/oracle] t1 pick profile   oracle profile   value 1.00 in 0.6660->0.5962 ho 0.6173 q_top 0.221 null 0.002 [358s]
   [windy/oracle] t6 pick jitter    oracle jitter    value 1.00 in 0.4124->0.3974 ho 0.3968 q_top 0.084 null 0.001 [375s]
   [twin/oracle] t2 pick attract   oracle attract   value 1.00 in 0.5962->0.5064 ho 0.5618 q_top 0.283 null 0.002 [381s]
   [obstacle/oracle] t7 pick soot      oracle soot      value 1.00 in 0.5127->0.5062 ho 0.4913 q_top 0.046 null 0.001 [386s]
obstacle          [design] v0 0.929 floor 0.121 | final in/ho: projection 0.559/0.551 hybrid 0.511/0.500 oracle 0.506/0.491 | value med proj 0.06 hyb 1.00 [386s]
   [windy/oracle] t7 pick rise      oracle rise      value 1.00 in 0.3974->0.3848 ho 0.3840 q_top 0.114 null 0.002 [392s]
windy             [design] v0 0.962 floor 0.004 | final in/ho: projection 0.411/0.410 hybrid 0.418/0.418 oracle 0.385/0.384 | value med proj 0.92 hyb 1.00 [392s]
   [twin/oracle] t3 pick amp       oracle amp       value 1.00 in 0.5064->0.4499 ho 0.5512 q_top 0.191 null 0.002 [402s]
   [split/projection] t0 pick width     oracle rise      value 0.66 in 1.1896->0.7636 ho 0.7676 q_top 0.621 null 0.041 [34s]
   [twin/oracle] t4 pick width     oracle width     value 1.00 in 0.4499->0.4254 ho 0.5176 q_top 0.091 null 0.008 [424s]
   [shutoff/projection] t0 pick width     oracle cool      value 0.72 in 0.7774->0.7039 ho 0.7088 q_top 0.221 null 0.005 [36s]
   [split/projection] t1 pick base      oracle base      value 1.00 in 0.7636->0.6421 ho 0.6379 q_top 0.310 null 0.006 [47s]
   [shutoff/projection] t1 pick base      oracle base      value 1.00 in 0.7039->0.6548 ho 0.6590 q_top 0.136 null 0.003 [46s]
   [split/projection] t2 pick deflect   oracle wind      value 0.12 in 0.6421->0.6421 ho 0.6379 q_top 0.101 null 0.004 [61s]
   [twin/oracle] t5 pick base      oracle base      value 1.00 in 0.4254->0.4063 ho 0.5021 q_top 0.081 null 0.001 [448s]
   [shutoff/projection] t2 pick wind      oracle jitter    value -0.34 in 0.6548->0.6548 ho 0.6590 q_top 0.116 null 0.003 [57s]
   [shutoff/projection] t3 pick jitter    oracle jitter    value 1.00 in 0.6548->0.6256 ho 0.6306 q_top 0.116 null 0.003 [59s]
   [split/projection] t3 pick wind      oracle wind      value 1.00 in 0.6421->0.6004 ho 0.6006 q_top 0.101 null 0.003 [76s]
   [shutoff/projection] t4 pick rate      oracle width     value 0.84 in 0.6256->0.6138 ho 0.6148 q_top 0.046 null 0.003 [71s]
   [shutoff/projection] t5 pick rise      oracle width     value 0.27 in 0.6138->0.6073 ho 0.6094 q_top 0.059 null 0.002 [83s]
   [split/projection] t4 pick amp       oracle rise      value 0.63 in 0.6004->0.5908 ho 0.5929 q_top 0.109 null 0.002 [94s]
   [twin/oracle] t6 pick width     oracle width     value 1.00 in 0.4063->0.3961 ho 0.4882 q_top 0.039 null 0.001 [480s]
   [shutoff/projection] t6 pick rise      oracle width     value 0.17 in 0.6073->0.6073 ho 0.6094 q_top 0.051 null 0.002 [97s]
   [shutoff/projection] t7 pick width     oracle width     value 1.00 in 0.6073->0.5889 ho 0.5936 q_top 0.051 null 0.002 [98s]
   [shutoff/hybrid] t0 pick cool      oracle cool      value 1.00 in 0.7774->0.6753 ho 0.6787 q_top 0.221 null 0.005 [98s]
   [split/projection] t5 pick cool      oracle rise      value 0.65 in 0.5908->0.5754 ho 0.5761 q_top 0.099 null 0.002 [110s]
   [shutoff/hybrid] t1 pick base      oracle base      value 1.00 in 0.6753->0.6403 ho 0.6436 q_top 0.102 null 0.002 [109s]
   [twin/oracle] t7 pick rate      oracle rate      value 1.00 in 0.3961->0.3961 ho 0.4882 q_top 0.021 null 0.002 [509s]
twin              [design] v0 0.762 floor 0.280 | final in/ho: projection 0.440/0.526 hybrid 0.396/0.488 oracle 0.396/0.488 | value med proj 0.69 hyb 1.00 [509s]
   [split/projection] t6 pick width     oracle width     value 1.00 in 0.5754->0.5501 ho 0.5553 q_top 0.152 null 0.003 [126s]
   [shutoff/hybrid] t2 pick wind      oracle wind      value 1.00 in 0.6403->0.6227 ho 0.6174 q_top 0.131 null 0.001 [119s]
   [shutoff/hybrid] t3 pick rate      oracle rate      value 1.00 in 0.6227->0.6162 ho 0.6115 q_top 0.136 null 0.001 [132s]
   [split/projection] t7 pick width     oracle rise      value 0.00 in 0.5501->0.5501 ho 0.5553 q_top 0.099 null 0.002 [142s]
   [split/hybrid] t0 pick rise      oracle rise      value 1.00 in 1.1896->0.5401 ho 0.5375 q_top 0.621 null 0.041 [142s]
   [shutoff/hybrid] t4 pick profile   oracle profile   value 1.00 in 0.6162->0.6059 ho 0.6004 q_top 0.133 null 0.001 [145s]
   [split/hybrid] t1 pick deflect   oracle profile   value 0.25 in 0.5401->0.5320 ho 0.5250 q_top 0.151 null 0.001 [158s]
   [shutoff/hybrid] t5 pick jitter    oracle width     value 0.58 in 0.6059->0.5905 ho 0.5851 q_top 0.153 null 0.001 [157s]
   [ignition/projection] t0 pick bed       oracle wind      value 0.09 in 0.8152->0.8062 ho 0.8062 q_top 0.118 null 0.093 [43s]
   [split/hybrid] t2 pick amp       oracle profile   value 0.25 in 0.5320->0.5194 ho 0.5031 q_top 0.160 null 0.001 [174s]
   [shutoff/hybrid] t6 pick cool      oracle cool      value 1.00 in 0.5905->0.5815 ho 0.5773 q_top 0.041 null 0.001 [171s]
   [ignition/projection] t1 pick bed       oracle wind      value 0.46 in 0.8062->0.7716 ho 0.7715 q_top 0.104 null 0.068 [63s]
   [shutoff/hybrid] t7 pick cool      oracle width     value 0.29 in 0.5815->0.5815 ho 0.5773 q_top 0.029 null 0.002 [183s]
   [shutoff/oracle] t0 pick cool      oracle cool      value 1.00 in 0.7774->0.6753 ho 0.6787 q_top 0.221 null 0.005 [183s]
   [split/hybrid] t3 pick cool      oracle profile   value 0.31 in 0.5194->0.5194 ho 0.5031 q_top 0.220 null 0.001 [190s]
   [split/hybrid] t4 pick rate      oracle profile   value 0.04 in 0.5194->0.5194 ho 0.5031 q_top 0.220 null 0.001 [198s]
   [split/hybrid] t5 pick amp       oracle profile   value 0.00 in 0.5194->0.5194 ho 0.5031 q_top 0.220 null 0.001 [199s]
   [split/hybrid] t6 pick rise      oracle profile   value 0.00 in 0.5194->0.5194 ho 0.5031 q_top 0.220 null 0.001 [200s]
   [split/hybrid] t7 pick deflect   oracle profile   value 0.00 in 0.5194->0.5194 ho 0.5031 q_top 0.220 null 0.001 [201s]
   [split/oracle] t0 pick rise      oracle rise      value 1.00 in 1.1896->0.5401 ho 0.5375 q_top 0.621 null 0.041 [201s]
   [shutoff/oracle] t1 pick base      oracle base      value 1.00 in 0.6753->0.6403 ho 0.6436 q_top 0.102 null 0.002 [198s]
   [ignition/projection] t2 pick bed       oracle wind      value 0.06 in 0.7716->0.7716 ho 0.7715 q_top 0.083 null 0.064 [86s]
   [shutoff/oracle] t2 pick wind      oracle wind      value 1.00 in 0.6403->0.6227 ho 0.6174 q_top 0.131 null 0.002 [211s]
   [split/oracle] t1 pick profile   oracle profile   value 1.00 in 0.5401->0.5077 ho 0.5004 q_top 0.151 null 0.001 [218s]
   [ignition/projection] t3 pick wind      oracle wind      value 1.00 in 0.7716->0.7259 ho 0.7258 q_top 0.083 null 0.064 [100s]
   [shutoff/oracle] t3 pick rate      oracle rate      value 1.00 in 0.6227->0.6162 ho 0.6115 q_top 0.136 null 0.001 [224s]
   [split/oracle] t2 pick width     oracle width     value 1.00 in 0.5077->0.4732 ho 0.4661 q_top 0.151 null 0.001 [237s]
   [shutoff/oracle] t4 pick profile   oracle profile   value 1.00 in 0.6162->0.6059 ho 0.6004 q_top 0.133 null 0.001 [236s]
   [ignition/projection] t4 pick base      oracle rise      value 0.95 in 0.7259->0.7064 ho 0.7063 q_top 0.055 null 0.072 [122s]
   [split/oracle] t3 pick width     oracle width     value 1.00 in 0.4732->0.4546 ho 0.4451 q_top 0.134 null 0.001 [254s]
   [shutoff/oracle] t5 pick width     oracle width     value 1.00 in 0.6059->0.5795 ho 0.5742 q_top 0.153 null 0.002 [249s]
   [shutoff/oracle] t6 pick width     oracle width     value 1.00 in 0.5795->0.5464 ho 0.5424 q_top 0.210 null 0.001 [262s]
   [ignition/projection] t5 pick wind      oracle rise      value 0.44 in 0.7064->0.6985 ho 0.6984 q_top 0.031 null 0.115 [145s]
   [split/oracle] t4 pick soot      oracle soot      value 1.00 in 0.4546->0.4421 ho 0.4378 q_top 0.131 null 0.001 [271s]
   [shutoff/oracle] t7 pick base      oracle base      value 1.00 in 0.5464->0.5284 ho 0.5227 q_top 0.178 null 0.002 [274s]
shutoff           [design] v0 0.777 floor 0.125 | final in/ho: projection 0.589/0.594 hybrid 0.582/0.577 oracle 0.528/0.523 | value med proj 0.78 hyb 1.00 [274s]
   [ignition/projection] t6 pick jitter    oracle rise      value 0.00 in 0.6985->0.6985 ho 0.6984 q_top 0.025 null 0.079 [168s]
   [ignition/projection] t7 pick soot      oracle rise      value 0.21 in 0.6985->0.6985 ho 0.6984 q_top 0.025 null 0.116 [168s]
   [ignition/hybrid] t0 pick wind      oracle wind      value 1.00 in 0.8152->0.7113 ho 0.7112 q_top 0.118 null 0.093 [168s]
   [split/oracle] t5 pick deflect   oracle deflect   value 1.00 in 0.4421->0.4316 ho 0.4172 q_top 0.057 null 0.001 [292s]
   [ignition/hybrid] t1 pick base      oracle base      value 1.00 in 0.7113->0.6542 ho 0.6542 q_top 0.156 null 0.029 [185s]
   [split/oracle] t6 pick width     oracle width     value 1.00 in 0.4316->0.4226 ho 0.4090 q_top 0.065 null 0.001 [315s]
   [delayed_ignition/projection] t0 pick bed       oracle wind      value 0.07 in 0.8450->0.8450 ho 0.8449 q_top 0.101 null 0.096 [41s]
   [delayed_ignition/projection] t1 pick wind      oracle wind      value 1.00 in 0.8450->0.7514 ho 0.7513 q_top 0.101 null 0.071 [42s]
   [ignition/hybrid] t2 pick rise      oracle rise      value 1.00 in 0.6542->0.6214 ho 0.6214 q_top 0.075 null 0.028 [205s]
   [split/oracle] t7 pick rise      oracle rise      value 1.00 in 0.4226->0.4167 ho 0.3989 q_top 0.028 null 0.001 [336s]
split             [design] v0 1.190 floor 0.095 | final in/ho: projection 0.550/0.555 hybrid 0.519/0.503 oracle 0.417/0.399 | value med proj 0.65 hyb 0.15 [336s]
   [delayed_ignition/projection] t2 pick base      oracle base      value 1.00 in 0.7514->0.7013 ho 0.7013 q_top 0.128 null 0.036 [57s]
   [ignition/hybrid] t3 pick jitter    oracle jitter    value 1.00 in 0.6214->0.5794 ho 0.5794 q_top 0.054 null 0.033 [225s]
   [delayed_ignition/projection] t3 pick width     oracle rise      value 0.84 in 0.7013->0.6620 ho 0.6620 q_top 0.074 null 0.050 [75s]
   [ignition/hybrid] t4 pick rise      oracle width     value 0.97 in 0.5794->0.5726 ho 0.5726 q_top 0.037 null 0.021 [249s]
   [delayed_ignition/projection] t4 pick wind      oracle rise      value 0.00 in 0.6620->0.6620 ho 0.6620 q_top 0.042 null 0.049 [93s]
   [full/projection] t0 pick bed       oracle wind      value 0.02 in 0.8404->0.8404 ho 0.8404 q_top 0.136 null 0.035 [44s]
   [full/projection] t1 pick deflect   oracle wind      value 0.67 in 0.8404->0.7871 ho 0.7871 q_top 0.136 null 0.036 [47s]
   [delayed_ignition/projection] t5 pick soot      oracle rise      value 0.29 in 0.6620->0.6620 ho 0.6620 q_top 0.042 null 0.034 [111s]
   [delayed_ignition/projection] t6 pick rise      oracle rise      value 1.00 in 0.6620->0.6409 ho 0.6409 q_top 0.042 null 0.048 [112s]
   [ignition/hybrid] t5 pick rate      oracle width     value 0.91 in 0.5726->0.5608 ho 0.5608 q_top 0.050 null 0.023 [274s]
   [full/projection] t2 pick deflect   oracle wind      value 0.00 in 0.7871->0.7871 ho 0.7871 q_top 0.061 null 0.069 [65s]
   [full/projection] t3 pick wind      oracle wind      value 1.00 in 0.7871->0.7257 ho 0.7257 q_top 0.061 null 0.061 [71s]
   [delayed_ignition/projection] t7 pick jitter    oracle rate      value 0.06 in 0.6409->0.6409 ho 0.6409 q_top 0.039 null 0.068 [133s]
   [delayed_ignition/hybrid] t0 pick wind      oracle wind      value 1.00 in 0.8450->0.7514 ho 0.7513 q_top 0.101 null 0.096 [133s]
   [ignition/hybrid] t6 pick soot      oracle soot      value 1.00 in 0.5608->0.5608 ho 0.5608 q_top 0.037 null 0.027 [300s]
   [full/projection] t4 pick base      oracle rise      value 0.96 in 0.7257->0.6756 ho 0.6756 q_top 0.135 null 0.005 [88s]
   [delayed_ignition/hybrid] t1 pick base      oracle base      value 1.00 in 0.7514->0.7013 ho 0.7013 q_top 0.128 null 0.040 [150s]
   [ignition/hybrid] t7 pick rise      oracle jitter    value 0.78 in 0.5608->0.5608 ho 0.5608 q_top 0.037 null 0.024 [308s]
   [ignition/oracle] t0 pick wind      oracle wind      value 1.00 in 0.8152->0.7113 ho 0.7112 q_top 0.118 null 0.093 [308s]
   [ignition/oracle] t1 pick base      oracle base      value 1.00 in 0.7113->0.6542 ho 0.6542 q_top 0.156 null 0.019 [324s]
   [delayed_ignition/hybrid] t2 pick rise      oracle rise      value 1.00 in 0.7013->0.6548 ho 0.6548 q_top 0.074 null 0.053 [169s]
   [full/projection] t5 pick cool      oracle rise      value 0.64 in 0.6756->0.6417 ho 0.6417 q_top 0.064 null 0.006 [113s]
   [ignition/oracle] t2 pick rise      oracle rise      value 1.00 in 0.6542->0.6214 ho 0.6214 q_top 0.075 null 0.026 [346s]
   [delayed_ignition/hybrid] t3 pick cool      oracle cool      value 1.00 in 0.6548->0.6454 ho 0.6454 q_top 0.041 null 0.056 [189s]
   [full/projection] t6 pick wind      oracle width     value 0.36 in 0.6417->0.6293 ho 0.6293 q_top 0.077 null 0.021 [138s]
   [delayed_ignition/hybrid] t4 pick width     oracle width     value 1.00 in 0.6454->0.6313 ho 0.6313 q_top 0.037 null 0.070 [210s]
   [ignition/oracle] t3 pick jitter    oracle jitter    value 1.00 in 0.6214->0.5794 ho 0.5794 q_top 0.054 null 0.039 [370s]
   [full/projection] t7 pick cool      oracle wind      value 0.61 in 0.6293->0.6222 ho 0.6222 q_top 0.017 null 0.008 [161s]
   [full/hybrid] t0 pick wind      oracle wind      value 1.00 in 0.8404->0.7606 ho 0.7606 q_top 0.136 null 0.035 [161s]
   [delayed_ignition/hybrid] t5 pick cool      oracle width     value 0.67 in 0.6313->0.6313 ho 0.6313 q_top 0.022 null 0.046 [230s]
   [full/hybrid] t1 pick rise      oracle rise      value 1.00 in 0.7606->0.6818 ho 0.6818 q_top 0.124 null 0.005 [179s]
   [ignition/oracle] t4 pick width     oracle width     value 1.00 in 0.5794->0.5724 ho 0.5724 q_top 0.037 null 0.029 [393s]
   [delayed_ignition/hybrid] t6 pick jitter    oracle width     value 0.29 in 0.6313->0.6313 ho 0.6313 q_top 0.022 null 0.042 [243s]
   [delayed_ignition/hybrid] t7 pick width     oracle width     value 1.00 in 0.6313->0.6313 ho 0.6313 q_top 0.022 null 0.077 [244s]
   [delayed_ignition/oracle] t0 pick wind      oracle wind      value 1.00 in 0.8450->0.7514 ho 0.7513 q_top 0.101 null 0.096 [244s]
   [full/hybrid] t2 pick deflect   oracle base      value 0.27 in 0.6818->0.6684 ho 0.6684 q_top 0.142 null 0.019 [200s]
   [delayed_ignition/oracle] t1 pick base      oracle base      value 1.00 in 0.7514->0.7013 ho 0.7013 q_top 0.128 null 0.047 [258s]
   [ignition/oracle] t5 pick wind      oracle wind      value 1.00 in 0.5724->0.5563 ho 0.5562 q_top 0.045 null 0.024 [419s]
   [delayed_ignition/oracle] t2 pick rise      oracle rise      value 1.00 in 0.7013->0.6548 ho 0.6548 q_top 0.074 null 0.066 [278s]
   [full/hybrid] t3 pick wind      oracle base      value 0.55 in 0.6684->0.6430 ho 0.6430 q_top 0.134 null 0.009 [222s]
   [ignition/oracle] t6 pick rise      oracle rise      value 1.00 in 0.5563->0.5479 ho 0.5478 q_top 0.051 null 0.015 [443s]
   [delayed_ignition/oracle] t3 pick cool      oracle cool      value 1.00 in 0.6548->0.6454 ho 0.6454 q_top 0.041 null 0.077 [298s]
   [full/hybrid] t4 pick rate      oracle base      value 0.08 in 0.6430->0.6430 ho 0.6430 q_top 0.136 null 0.011 [243s]
   [ignition/oracle] t7 pick soot      oracle soot      value 1.00 in 0.5479->0.5418 ho 0.5418 q_top 0.067 null 0.034 [468s]
ignition          [design] v0 0.815 floor 0.001 | final in/ho: projection 0.698/0.698 hybrid 0.561/0.561 oracle 0.542/0.542 | value med proj 0.33 hyb 1.00 [468s]
   [full/hybrid] t5 pick deflect   oracle base      value 0.03 in 0.6430->0.6430 ho 0.6430 q_top 0.136 null 0.022 [257s]
   [full/hybrid] t6 pick base      oracle base      value 1.00 in 0.6430->0.5980 ho 0.5980 q_top 0.136 null 0.014 [258s]
   [delayed_ignition/oracle] t4 pick width     oracle width     value 1.00 in 0.6454->0.6313 ho 0.6313 q_top 0.037 null 0.034 [320s]
   [delayed_ignition/oracle] t5 pick width     oracle width     value 1.00 in 0.6313->0.6313 ho 0.6313 q_top 0.022 null 0.044 [339s]
   [full/hybrid] t7 pick jitter    oracle jitter    value 1.00 in 0.5980->0.5860 ho 0.5860 q_top 0.035 null 0.035 [284s]
   [full/oracle] t0 pick wind      oracle wind      value 1.00 in 0.8404->0.7606 ho 0.7606 q_top 0.136 null 0.035 [284s]
   [delayed_ignition/oracle] t6 pick cool      oracle cool      value 1.00 in 0.6313->0.6313 ho 0.6313 q_top 0.022 null 0.059 [345s]
   [delayed_ignition/oracle] t7 pick profile   oracle profile   value 1.00 in 0.6313->0.6313 ho 0.6313 q_top 0.022 null 0.047 [347s]
delayed_ignition  [design] v0 0.845 floor 0.002 | final in/ho: projection 0.641/0.641 hybrid 0.631/0.631 oracle 0.631/0.631 | value med proj 0.57 hyb 1.00 [347s]
   [shelf_bed/projection] t0 pick bed       oracle rise      value 0.05 in 0.8544->0.8544 ho 0.8543 q_top 0.134 null 0.137 [42s]
   [shelf_bed/projection] t1 pick deflect   oracle rise      value 0.91 in 0.8544->0.7966 ho 0.7965 q_top 0.134 null 0.238 [44s]
   [full/oracle] t1 pick rise      oracle rise      value 1.00 in 0.7606->0.6818 ho 0.6818 q_top 0.124 null 0.004 [304s]
   [shelf_bed/projection] t2 pick deflect   oracle width     value 0.00 in 0.7966->0.7966 ho 0.7965 q_top 0.057 null 0.115 [63s]
   [shelf_bed/projection] t3 pick wind      oracle width     value 0.34 in 0.7966->0.7966 ho 0.7965 q_top 0.057 null 0.186 [68s]
   [shelf_bed/projection] t4 pick base      oracle width     value 0.90 in 0.7966->0.7783 ho 0.7783 q_top 0.057 null 0.204 [69s]
   [full/oracle] t2 pick base      oracle base      value 1.00 in 0.6818->0.6321 ho 0.6321 q_top 0.142 null 0.015 [327s]
   [gusty/projection] t0 pick wind      oracle wind      value 1.00 in 0.7434->0.6935 ho 0.6935 q_top 0.187 null 0.005 [37s]
   [gusty/projection] t1 pick base      oracle rise      value 0.55 in 0.6935->0.6672 ho 0.6671 q_top 0.091 null 0.004 [51s]
   [shelf_bed/projection] t5 pick jitter    oracle rise      value 0.01 in 0.7783->0.7783 ho 0.7783 q_top 0.070 null 0.179 [93s]
   [full/oracle] t3 pick deflect   oracle deflect   value 1.00 in 0.6321->0.6198 ho 0.6199 q_top 0.058 null 0.021 [353s]
   [shelf_bed/projection] t6 pick width     oracle rise      value 0.35 in 0.7783->0.7783 ho 0.7783 q_top 0.070 null 0.129 [99s]
   [shelf_bed/projection] t7 pick soot      oracle rise      value 0.00 in 0.7783->0.7783 ho 0.7783 q_top 0.070 null 0.193 [101s]
   [shelf_bed/hybrid] t0 pick rise      oracle rise      value 1.00 in 0.8544->0.7911 ho 0.7911 q_top 0.134 null 0.137 [101s]
   [gusty/projection] t2 pick jitter    oracle rise      value 0.06 in 0.6672->0.6672 ho 0.6671 q_top 0.045 null 0.004 [69s]
   [gusty/projection] t3 pick wind      oracle rise      value 0.23 in 0.6672->0.6566 ho 0.6566 q_top 0.045 null 0.005 [71s]
   [gusty/projection] t4 pick soot      oracle rise      value 0.10 in 0.6566->0.6566 ho 0.6566 q_top 0.054 null 0.005 [86s]
   [shelf_bed/hybrid] t1 pick wind      oracle wind      value 1.00 in 0.7911->0.7375 ho 0.7375 q_top 0.060 null 0.151 [125s]
   [gusty/projection] t5 pick cool      oracle rise      value 0.43 in 0.6566->0.6442 ho 0.6442 q_top 0.054 null 0.004 [89s]
   [full/oracle] t4 pick wind      oracle wind      value 1.00 in 0.6198->0.6045 ho 0.6045 q_top 0.029 null 0.018 [380s]
   [gusty/projection] t6 pick width     oracle width     value 1.00 in 0.6442->0.6042 ho 0.6041 q_top 0.075 null 0.010 [107s]
   [shelf_bed/hybrid] t2 pick amp       oracle width     value 0.45 in 0.7375->0.7200 ho 0.7200 q_top 0.076 null 0.219 [148s]
   [full/oracle] t5 pick wind      oracle wind      value 1.00 in 0.6045->0.5861 ho 0.5861 q_top 0.042 null 0.021 [407s]
   [gusty/projection] t7 pick profile   oracle width     value -0.05 in 0.6042->0.6042 ho 0.6041 q_top 0.030 null 0.005 [122s]
   [gusty/hybrid] t0 pick wind      oracle wind      value 1.00 in 0.7434->0.6935 ho 0.6935 q_top 0.187 null 0.005 [122s]
   [shelf_bed/hybrid] t3 pick deflect   oracle width     value 0.17 in 0.7200->0.7200 ho 0.7200 q_top 0.045 null 0.262 [169s]
   [gusty/hybrid] t1 pick rise      oracle rise      value 1.00 in 0.6935->0.6457 ho 0.6457 q_top 0.091 null 0.005 [134s]
   [full/oracle] t6 pick jitter    oracle jitter    value 1.00 in 0.5861->0.5661 ho 0.5661 q_top 0.054 null 0.047 [434s]
   [shelf_bed/hybrid] t4 pick jitter    oracle width     value 0.56 in 0.7200->0.7092 ho 0.7092 q_top 0.045 null 0.225 [184s]
   [gusty/hybrid] t2 pick width     oracle width     value 1.00 in 0.6457->0.5648 ho 0.5648 q_top 0.142 null 0.012 [152s]
   [gusty/hybrid] t3 pick profile   oracle profile   value 1.00 in 0.5648->0.5648 ho 0.5648 q_top 0.041 null 0.002 [167s]
   [gusty/hybrid] t4 pick floor     oracle width     value 0.29 in 0.5648->0.5648 ho 0.5648 q_top 0.041 null 0.002 [168s]
   [full/oracle] t7 pick rate      oracle rate      value 1.00 in 0.5661->0.5507 ho 0.5507 q_top 0.042 null 0.015 [459s]
full              [design] v0 0.840 floor 0.001 | final in/ho: projection 0.622/0.622 hybrid 0.586/0.586 oracle 0.551/0.551 | value med proj 0.62 hyb 0.78 [459s]
   [gusty/hybrid] t5 pick amp       oracle width     value 0.21 in 0.5648->0.5648 ho 0.5648 q_top 0.041 null 0.002 [170s]
   [shelf_bed/hybrid] t5 pick rate      oracle rate      value 1.00 in 0.7092->0.7016 ho 0.7016 q_top 0.022 null 0.306 [207s]
   [gusty/hybrid] t6 pick jitter    oracle width     value 0.09 in 0.5648->0.5648 ho 0.5648 q_top 0.041 null 0.002 [171s]
   [gusty/hybrid] t7 pick rate      oracle width     value 0.06 in 0.5648->0.5648 ho 0.5648 q_top 0.041 null 0.002 [172s]
   [gusty/oracle] t0 pick wind      oracle wind      value 1.00 in 0.7434->0.6935 ho 0.6935 q_top 0.187 null 0.005 [172s]
   [gusty/oracle] t1 pick rise      oracle rise      value 1.00 in 0.6935->0.6457 ho 0.6457 q_top 0.091 null 0.005 [185s]
   [shelf_bed/hybrid] t6 pick rise      oracle rise      value 1.00 in 0.7016->0.7016 ho 0.7016 q_top 0.027 null 0.264 [236s]
   [gusty/oracle] t2 pick width     oracle width     value 1.00 in 0.6457->0.5648 ho 0.5648 q_top 0.142 null 0.011 [201s]
   [gust_shelf/projection] t0 pick deflect   oracle rise      value 0.85 in 0.7874->0.7149 ho 0.7149 q_top 0.200 null 0.002 [41s]
   [shelf_bed/hybrid] t7 pick soot      oracle soot      value 1.00 in 0.7016->0.7016 ho 0.7016 q_top 0.027 null 0.377 [249s]
   [shelf_bed/oracle] t0 pick rise      oracle rise      value 1.00 in 0.8544->0.7911 ho 0.7911 q_top 0.134 null 0.137 [249s]
   [gusty/oracle] t3 pick profile   oracle profile   value 1.00 in 0.5648->0.5648 ho 0.5648 q_top 0.041 null 0.002 [220s]
   [gusty/oracle] t4 pick width     oracle width     value 1.00 in 0.5648->0.5648 ho 0.5648 q_top 0.041 null 0.002 [222s]
   [gusty/oracle] t5 pick floor     oracle floor     value 1.00 in 0.5648->0.5648 ho 0.5648 q_top 0.041 null 0.002 [223s]
   [gust_shelf/projection] t1 pick deflect   oracle width     value 0.02 in 0.7149->0.7149 ho 0.7149 q_top 0.078 null 0.010 [55s]
   [gusty/oracle] t6 pick amp       oracle amp       value 1.00 in 0.5648->0.5648 ho 0.5648 q_top 0.041 null 0.001 [227s]
   [gusty/oracle] t7 pick jitter    oracle jitter    value 1.00 in 0.5648->0.5648 ho 0.5648 q_top 0.041 null 0.002 [228s]
gusty             [transfer] v0 0.743 floor 0.001 | final in/ho: projection 0.604/0.604 hybrid 0.565/0.565 oracle 0.565/0.565 | value med proj 0.33 hyb 0.65 [228s]
   [gust_shelf/projection] t2 pick base      oracle width     value 0.72 in 0.7149->0.6874 ho 0.6873 q_top 0.078 null 0.009 [63s]
   [shelf_bed/oracle] t1 pick wind      oracle wind      value 1.00 in 0.7911->0.7375 ho 0.7375 q_top 0.060 null 0.187 [275s]
   [gust_shelf/projection] t3 pick wind      oracle wind      value 1.00 in 0.6874->0.6678 ho 0.6677 q_top 0.086 null 0.010 [80s]
   [shelf_bed/oracle] t2 pick width     oracle width     value 1.00 in 0.7375->0.6984 ho 0.6983 q_top 0.076 null 0.207 [296s]
   [fast_gust/projection] t0 pick wind      oracle rise      value -2.44 in 0.6240->0.6240 ho 0.6240 q_top 0.090 null 0.002 [36s]
   [fast_gust/projection] t1 pick soot      oracle rise      value 0.54 in 0.6240->0.6102 ho 0.6103 q_top 0.090 null 0.002 [37s]
   [gust_shelf/projection] t4 pick wind      oracle rise      value 0.00 in 0.6678->0.6678 ho 0.6677 q_top 0.037 null 0.005 [98s]
   [shelf_bed/oracle] t3 pick profile   oracle profile   value 1.00 in 0.6984->0.6895 ho 0.6894 q_top 0.028 null 0.248 [319s]
   [gust_shelf/projection] t5 pick jitter    oracle rise      value 0.02 in 0.6678->0.6678 ho 0.6677 q_top 0.037 null 0.005 [114s]
   [fast_gust/projection] t2 pick base      oracle width     value 0.72 in 0.6102->0.5947 ho 0.5947 q_top 0.081 null 0.003 [55s]
   [gust_shelf/projection] t6 pick cool      oracle rise      value 0.24 in 0.6678->0.6556 ho 0.6556 q_top 0.037 null 0.005 [116s]
   [gust_shelf/projection] t7 pick floor     oracle width     value 0.19 in 0.6556->0.6489 ho 0.6489 q_top 0.034 null 0.009 [134s]
   [gust_shelf/hybrid] t0 pick rise      oracle rise      value 1.00 in 0.7874->0.7020 ho 0.7021 q_top 0.200 null 0.002 [134s]
   [fast_gust/projection] t3 pick jitter    oracle rise      value 0.06 in 0.5947->0.5947 ho 0.5947 q_top 0.060 null 0.003 [77s]
   [fast_gust/projection] t4 pick soot      oracle rise      value 0.35 in 0.5947->0.5947 ho 0.5947 q_top 0.060 null 0.004 [79s]
   [fast_gust/projection] t5 pick width     oracle rise      value 0.22 in 0.5947->0.5947 ho 0.5947 q_top 0.060 null 0.003 [80s]
   [fast_gust/projection] t6 pick rate      oracle rise      value 0.03 in 0.5947->0.5947 ho 0.5947 q_top 0.060 null 0.003 [81s]
   [shelf_bed/oracle] t4 pick deflect   oracle deflect   value 1.00 in 0.6895->0.6895 ho 0.6894 q_top 0.012 null 0.172 [346s]
   [fast_gust/projection] t7 pick cool      oracle rise      value 0.05 in 0.5947->0.5947 ho 0.5947 q_top 0.060 null 0.003 [83s]
   [fast_gust/hybrid] t0 pick rise      oracle rise      value 1.00 in 0.6240->0.5985 ho 0.5984 q_top 0.090 null 0.002 [83s]
   [gust_shelf/hybrid] t1 pick wind      oracle wind      value 1.00 in 0.7020->0.6415 ho 0.6415 q_top 0.172 null 0.013 [154s]
   [fast_gust/hybrid] t1 pick cool      oracle width     value 0.65 in 0.5985->0.5917 ho 0.5917 q_top 0.083 null 0.004 [100s]
   [shelf_bed/oracle] t5 pick rise      oracle rise      value 1.00 in 0.6895->0.6895 ho 0.6894 q_top 0.012 null 0.071 [367s]
   [shelf_bed/oracle] t6 pick width     oracle width     value 1.00 in 0.6895->0.6895 ho 0.6894 q_top 0.012 null 0.413 [368s]
   [shelf_bed/oracle] t7 pick jitter    oracle jitter    value 1.00 in 0.6895->0.6895 ho 0.6894 q_top 0.012 null 0.255 [369s]
shelf_bed         [design] v0 0.854 floor 0.013 | final in/ho: projection 0.778/0.778 hybrid 0.702/0.702 oracle 0.689/0.689 | value med proj 0.20 hyb 1.00 [369s]
   [gust_shelf/hybrid] t2 pick amp       oracle width     value 0.43 in 0.6415->0.6170 ho 0.6169 q_top 0.129 null 0.008 [171s]
   [fast_gust/hybrid] t2 pick rise      oracle width     value 0.78 in 0.5917->0.5847 ho 0.5847 q_top 0.076 null 0.003 [115s]
   [gust_shelf/hybrid] t3 pick rise      oracle width     value 0.47 in 0.6170->0.6035 ho 0.6035 q_top 0.081 null 0.006 [186s]
   [fast_gust/hybrid] t3 pick jitter    oracle width     value 0.62 in 0.5847->0.5739 ho 0.5738 q_top 0.084 null 0.004 [130s]
   [strong_gust/projection] t0 pick wind      oracle wind      value 1.00 in 0.7947->0.7434 ho 0.7433 q_top 0.150 null 0.009 [38s]
   [gust_shelf/hybrid] t4 pick rate      oracle width     value 0.06 in 0.6035->0.6035 ho 0.6035 q_top 0.083 null 0.007 [203s]
   [fast_gust/hybrid] t4 pick rate      oracle rate      value 1.00 in 0.5739->0.5584 ho 0.5584 q_top 0.066 null 0.002 [146s]
   [strong_gust/projection] t1 pick base      oracle rise      value 0.61 in 0.7434->0.7072 ho 0.7070 q_top 0.107 null 0.009 [53s]
   [gust_shelf/hybrid] t5 pick cool      oracle width     value 0.01 in 0.6035->0.6035 ho 0.6035 q_top 0.083 null 0.007 [220s]
   [gust_shelf/hybrid] t6 pick amp       oracle width     value 0.00 in 0.6035->0.6035 ho 0.6035 q_top 0.083 null 0.008 [222s]
   [gust_shelf/hybrid] t7 pick rise      oracle width     value 0.00 in 0.6035->0.6035 ho 0.6035 q_top 0.083 null 0.007 [224s]
   [gust_shelf/oracle] t0 pick rise      oracle rise      value 1.00 in 0.7874->0.7020 ho 0.7021 q_top 0.200 null 0.002 [224s]
   [fast_gust/hybrid] t5 pick soot      oracle soot      value 1.00 in 0.5584->0.5415 ho 0.5415 q_top 0.110 null 0.001 [168s]
   [strong_gust/projection] t2 pick wind      oracle rise      value 0.35 in 0.7072->0.6864 ho 0.6864 q_top 0.050 null 0.009 [70s]
   [gust_shelf/oracle] t1 pick wind      oracle wind      value 1.00 in 0.7020->0.6415 ho 0.6415 q_top 0.172 null 0.012 [241s]
   [strong_gust/projection] t3 pick wind      oracle rise      value 0.03 in 0.6864->0.6864 ho 0.6864 q_top 0.066 null 0.009 [86s]
   [strong_gust/projection] t4 pick cool      oracle rise      value 0.39 in 0.6864->0.6743 ho 0.6743 q_top 0.066 null 0.009 [90s]
   [fast_gust/hybrid] t6 pick profile   oracle profile   value 1.00 in 0.5415->0.5281 ho 0.5281 q_top 0.060 null 0.001 [197s]
   [gust_shelf/oracle] t2 pick width     oracle width     value 1.00 in 0.6415->0.5838 ho 0.5838 q_top 0.129 null 0.008 [258s]
   [strong_gust/projection] t5 pick width     oracle width     value 1.00 in 0.6743->0.6271 ho 0.6270 q_top 0.077 null 0.018 [105s]
   [gust_shelf/oracle] t3 pick profile   oracle profile   value 1.00 in 0.5838->0.5702 ho 0.5702 q_top 0.059 null 0.004 [275s]
   [strong_gust/projection] t6 pick profile   oracle rise      value 0.05 in 0.6271->0.6271 ho 0.6270 q_top 0.027 null 0.007 [121s]
   [fast_gust/hybrid] t7 pick rise      oracle width     value 0.97 in 0.5281->0.5206 ho 0.5206 q_top 0.041 null 0.002 [226s]
   [fast_gust/oracle] t0 pick rise      oracle rise      value 1.00 in 0.6240->0.5985 ho 0.5984 q_top 0.090 null 0.002 [226s]
   [strong_gust/projection] t7 pick floor     oracle rise      value 0.00 in 0.6271->0.6271 ho 0.6270 q_top 0.027 null 0.006 [122s]
   [strong_gust/hybrid] t0 pick wind      oracle wind      value 1.00 in 0.7947->0.7434 ho 0.7433 q_top 0.150 null 0.009 [122s]
   [gust_shelf/oracle] t4 pick rise      oracle rise      value 1.00 in 0.5702->0.5588 ho 0.5589 q_top 0.028 null 0.005 [293s]
   [strong_gust/hybrid] t1 pick rise      oracle rise      value 1.00 in 0.7434->0.6836 ho 0.6836 q_top 0.107 null 0.010 [136s]
   [fast_gust/oracle] t1 pick width     oracle width     value 1.00 in 0.5985->0.5879 ho 0.5879 q_top 0.083 null 0.004 [243s]
   [gust_shelf/oracle] t5 pick width     oracle width     value 1.00 in 0.5588->0.5588 ho 0.5589 q_top 0.018 null 0.005 [312s]
   [strong_gust/hybrid] t2 pick width     oracle width     value 1.00 in 0.6836->0.6056 ho 0.6056 q_top 0.139 null 0.013 [151s]
   [fast_gust/oracle] t2 pick soot      oracle soot      value 1.00 in 0.5879->0.5780 ho 0.5780 q_top 0.107 null 0.002 [259s]
   [gust_shelf/oracle] t6 pick jitter    oracle jitter    value 1.00 in 0.5588->0.5588 ho 0.5589 q_top 0.018 null 0.006 [326s]
   [gust_shelf/oracle] t7 pick rate      oracle rate      value 1.00 in 0.5588->0.5588 ho 0.5589 q_top 0.018 null 0.005 [328s]
gust_shelf        [transfer] v0 0.787 floor 0.002 | final in/ho: projection 0.649/0.649 hybrid 0.603/0.604 oracle 0.559/0.559 | value med proj 0.21 hyb 0.24 [328s]
   [strong_gust/hybrid] t3 pick profile   oracle profile   value 1.00 in 0.6056->0.5949 ho 0.5948 q_top 0.048 null 0.004 [168s]
   [fast_gust/oracle] t3 pick width     oracle width     value 1.00 in 0.5780->0.5561 ho 0.5561 q_top 0.058 null 0.002 [279s]
   [strong_gust/hybrid] t4 pick wind      oracle width     value 0.34 in 0.5949->0.5949 ho 0.5948 q_top 0.023 null 0.005 [183s]
   [strong_gust/hybrid] t5 pick rate      oracle width     value 0.06 in 0.5949->0.5949 ho 0.5948 q_top 0.023 null 0.008 [192s]
   [strong_gust/hybrid] t6 pick rise      oracle width     value 0.00 in 0.5949->0.5949 ho 0.5948 q_top 0.023 null 0.006 [193s]
   [fast_gust/oracle] t4 pick profile   oracle profile   value 1.00 in 0.5561->0.5442 ho 0.5442 q_top 0.048 null 0.002 [298s]
   [strong_gust/hybrid] t7 pick floor     oracle width     value 0.00 in 0.5949->0.5949 ho 0.5948 q_top 0.023 null 0.005 [194s]
   [strong_gust/oracle] t0 pick wind      oracle wind      value 1.00 in 0.7947->0.7434 ho 0.7433 q_top 0.150 null 0.009 [194s]
   [gust_twin/projection] t0 pick width     oracle rise      value 0.71 in 1.2194->0.8043 ho 0.8043 q_top 0.427 null 0.082 [43s]
   [strong_gust/oracle] t1 pick rise      oracle rise      value 1.00 in 0.7434->0.6836 ho 0.6836 q_top 0.107 null 0.009 [209s]
   [fast_gust/oracle] t5 pick width     oracle width     value 1.00 in 0.5442->0.5310 ho 0.5310 q_top 0.048 null 0.003 [318s]
   [strong_gust/oracle] t2 pick width     oracle width     value 1.00 in 0.6836->0.6056 ho 0.6056 q_top 0.139 null 0.016 [224s]
   [gust_twin/projection] t1 pick base      oracle base      value 1.00 in 0.8043->0.6639 ho 0.6639 q_top 0.322 null 0.008 [60s]
   [fast_gust/oracle] t6 pick cool      oracle cool      value 1.00 in 0.5310->0.5249 ho 0.5249 q_top 0.035 null 0.003 [337s]
   [strong_gust/oracle] t3 pick profile   oracle profile   value 1.00 in 0.6056->0.5949 ho 0.5948 q_top 0.048 null 0.005 [241s]
   [gust_twin/projection] t2 pick wind      oracle wind      value 1.00 in 0.6639->0.6004 ho 0.6003 q_top 0.080 null 0.006 [82s]
   [fast_gust/oracle] t7 pick rise      oracle rise      value 1.00 in 0.5249->0.5153 ho 0.5153 q_top 0.035 null 0.002 [355s]
fast_gust         [transfer] v0 0.624 floor 0.002 | final in/ho: projection 0.595/0.595 hybrid 0.521/0.521 oracle 0.515/0.515 | value med proj 0.14 hyb 0.99 [355s]
   [strong_gust/oracle] t4 pick width     oracle width     value 1.00 in 0.5949->0.5949 ho 0.5948 q_top 0.023 null 0.005 [257s]
   [gust_twin/projection] t3 pick profile   oracle rise      value 0.26 in 0.6004->0.5889 ho 0.5889 q_top 0.072 null 0.006 [101s]
   [strong_gust/oracle] t5 pick wind      oracle wind      value 1.00 in 0.5949->0.5949 ho 0.5948 q_top 0.023 null 0.005 [268s]
   [strong_gust/oracle] t6 pick jitter    oracle jitter    value 1.00 in 0.5949->0.5949 ho 0.5948 q_top 0.023 null 0.005 [269s]
   [strong_gust/oracle] t7 pick rate      oracle rate      value 1.00 in 0.5949->0.5949 ho 0.5948 q_top 0.023 null 0.005 [270s]
strong_gust       [transfer] v0 0.795 floor 0.002 | final in/ho: projection 0.627/0.627 hybrid 0.595/0.595 oracle 0.595/0.595 | value med proj 0.37 hyb 0.67 [270s]
   [gust_twin/projection] t4 pick cool      oracle rise      value 0.25 in 0.5889->0.5774 ho 0.5773 q_top 0.060 null 0.004 [120s]
   [bed_chain/projection] t0 pick bed       oracle wind      value 0.10 in 0.8333->0.8211 ho 0.8210 q_top 0.198 null 0.051 [38s]
   [gust_twin/projection] t5 pick profile   oracle rise      value 0.17 in 0.5774->0.5774 ho 0.5773 q_top 0.063 null 0.008 [136s]
   [gust_twin/projection] t6 pick width     oracle rise      value 0.37 in 0.5774->0.5703 ho 0.5702 q_top 0.063 null 0.007 [137s]
   [bed_chain/projection] t1 pick bed       oracle wind      value 0.38 in 0.8211->0.7918 ho 0.7918 q_top 0.166 null 0.010 [56s]
   [gust_twin/projection] t7 pick attract   oracle rise      value 0.53 in 0.5703->0.5571 ho 0.5571 q_top 0.042 null 0.005 [153s]
   [gust_twin/hybrid] t0 pick rise      oracle rise      value 1.00 in 1.2194->0.6335 ho 0.6337 q_top 0.427 null 0.082 [153s]
   [bed_chain/projection] t2 pick bed       oracle wind      value 0.00 in 0.7918->0.7918 ho 0.7918 q_top 0.137 null 0.043 [73s]
   [bed_chain/projection] t3 pick wind      oracle wind      value 1.00 in 0.7918->0.7453 ho 0.7453 q_top 0.137 null 0.036 [83s]
   [gust_twin/hybrid] t1 pick wind      oracle wind      value 1.00 in 0.6335->0.5831 ho 0.5833 q_top 0.210 null 0.002 [172s]
   [bed_chain/projection] t4 pick base      oracle rise      value 0.64 in 0.7453->0.7132 ho 0.7132 q_top 0.084 null 0.026 [100s]
   [gust_twin/hybrid] t2 pick jitter    oracle jitter    value 1.00 in 0.5831->0.5458 ho 0.5461 q_top 0.134 null 0.002 [190s]
   [bed_chain/projection] t5 pick wind      oracle rise      value 0.64 in 0.7132->0.6821 ho 0.6820 q_top 0.061 null 0.039 [120s]
   [gust_twin/hybrid] t3 pick cool      oracle cool      value 1.00 in 0.5458->0.5275 ho 0.5277 q_top 0.078 null 0.003 [208s]
   [gust_twin/hybrid] t4 pick wind      oracle profile   value 0.89 in 0.5275->0.5100 ho 0.5102 q_top 0.233 null 0.001 [225s]
   [bed_chain/projection] t6 pick wind      oracle rise      value 0.00 in 0.6821->0.6821 ho 0.6820 q_top 0.048 null 0.010 [139s]
   [gust_twin/hybrid] t5 pick width     oracle profile   value 0.45 in 0.5100->0.4964 ho 0.4964 q_top 0.260 null 0.002 [242s]
   [bed_chain/projection] t7 pick rise      oracle rise      value 1.00 in 0.6821->0.6544 ho 0.6545 q_top 0.048 null 0.013 [159s]
   [bed_chain/hybrid] t0 pick wind      oracle wind      value 1.00 in 0.8333->0.7143 ho 0.7143 q_top 0.198 null 0.051 [159s]
   [gust_twin/hybrid] t6 pick profile   oracle profile   value 1.00 in 0.4964->0.4505 ho 0.4505 q_top 0.173 null 0.001 [259s]
   [bed_chain/hybrid] t1 pick base      oracle base      value 1.00 in 0.7143->0.6599 ho 0.6599 q_top 0.146 null 0.008 [175s]
   [gust_twin/hybrid] t7 pick base      oracle base      value 1.00 in 0.4505->0.4382 ho 0.4383 q_top 0.154 null 0.001 [276s]
   [gust_twin/oracle] t0 pick rise      oracle rise      value 1.00 in 1.2194->0.6335 ho 0.6337 q_top 0.427 null 0.082 [276s]
   [bed_chain/hybrid] t2 pick rise      oracle rise      value 1.00 in 0.6599->0.6228 ho 0.6229 q_top 0.033 null 0.009 [194s]
   [gust_twin/oracle] t1 pick wind      oracle wind      value 1.00 in 0.6335->0.5831 ho 0.5833 q_top 0.210 null 0.002 [295s]
   [bed_chain/hybrid] t3 pick width     oracle width     value 1.00 in 0.6228->0.5998 ho 0.5999 q_top 0.033 null 0.013 [215s]
   [gust_twin/oracle] t2 pick jitter    oracle jitter    value 1.00 in 0.5831->0.5458 ho 0.5461 q_top 0.134 null 0.002 [314s]
   [bed_chain/hybrid] t4 pick wind      oracle wind      value 1.00 in 0.5998->0.5924 ho 0.5925 q_top 0.018 null 0.010 [237s]
   [gust_twin/oracle] t3 pick cool      oracle cool      value 1.00 in 0.5458->0.5275 ho 0.5277 q_top 0.078 null 0.004 [332s]
   [bed_chain/hybrid] t5 pick cool      oracle width     value 0.51 in 0.5924->0.5924 ho 0.5925 q_top 0.034 null 0.014 [260s]
   [gust_twin/oracle] t4 pick profile   oracle profile   value 1.00 in 0.5275->0.5078 ho 0.5080 q_top 0.233 null 0.001 [349s]
   [bed_chain/hybrid] t6 pick profile   oracle width     value 0.20 in 0.5924->0.5924 ho 0.5925 q_top 0.034 null 0.016 [266s]
   [bed_chain/hybrid] t7 pick jitter    oracle width     value 0.53 in 0.5924->0.5924 ho 0.5925 q_top 0.034 null 0.018 [267s]
   [bed_chain/oracle] t0 pick wind      oracle wind      value 1.00 in 0.8333->0.7143 ho 0.7143 q_top 0.198 null 0.051 [267s]
   [gust_twin/oracle] t5 pick wind      oracle wind      value 1.00 in 0.5078->0.4792 ho 0.4794 q_top 0.255 null 0.001 [368s]
   [bed_chain/oracle] t1 pick base      oracle base      value 1.00 in 0.7143->0.6599 ho 0.6599 q_top 0.146 null 0.007 [283s]
   [gust_twin/oracle] t6 pick width     oracle width     value 1.00 in 0.4792->0.4576 ho 0.4576 q_top 0.265 null 0.001 [384s]
   [bed_chain/oracle] t2 pick rise      oracle rise      value 1.00 in 0.6599->0.6228 ho 0.6229 q_top 0.033 null 0.012 [303s]
   [gust_twin/oracle] t7 pick base      oracle base      value 1.00 in 0.4576->0.4372 ho 0.4373 q_top 0.164 null 0.001 [401s]
gust_twin         [transfer] v0 1.219 floor 0.003 | final in/ho: projection 0.557/0.557 hybrid 0.438/0.438 oracle 0.437/0.437 | value med proj 0.45 hyb 1.00 [401s]
   [bed_chain/oracle] t3 pick width     oracle width     value 1.00 in 0.6228->0.5998 ho 0.5999 q_top 0.033 null 0.021 [324s]
   [bed_chain/oracle] t4 pick wind      oracle wind      value 1.00 in 0.5998->0.5924 ho 0.5925 q_top 0.018 null 0.020 [344s]
   [bed_chain/oracle] t5 pick width     oracle width     value 1.00 in 0.5924->0.5825 ho 0.5825 q_top 0.034 null 0.012 [365s]
   [bed_chain/oracle] t6 pick soot      oracle soot      value 1.00 in 0.5825->0.5757 ho 0.5757 q_top 0.029 null 0.015 [384s]
   [bed_chain/oracle] t7 pick width     oracle width     value 1.00 in 0.5757->0.5757 ho 0.5757 q_top 0.027 null 0.012 [411s]
bed_chain         [transfer] v0 0.833 floor 0.002 | final in/ho: projection 0.654/0.654 hybrid 0.592/0.592 oracle 0.576/0.576 | value med proj 0.51 hyb 1.00 [411s]
done: 15 scenes in 2006s -> poc/results/f6.json
