   [delayed_ignition/hybrid_nt] t0 pick wind      oracle wind      value 1.00 E 0.8450->0.7514 (7 of 12) [28s]
   [ignition/hybrid_nt] t0 pick wind      oracle wind      value 1.00 E 0.8152->0.7113 (7 of 12) [28s]
   [full/hybrid_nt] t0 pick wind      oracle wind      value 1.00 E 0.8404->0.7606 (7 of 13) [33s]
   [ignition/hybrid_nt] t1 pick base      oracle base      value 1.00 E 0.7113->0.6542 (7 of 12) [43s]
   [delayed_ignition/hybrid_nt] t1 pick base      oracle base      value 1.00 E 0.7514->0.7013 (7 of 12) [45s]
   [full/hybrid_nt] t1 pick rise      oracle rise      value 1.00 E 0.7606->0.6818 (7 of 13) [50s]
   [ignition/hybrid_nt] t2 pick rise      oracle rise      value 1.00 E 0.6542->0.6214 (7 of 12) [62s]
   [delayed_ignition/hybrid_nt] t2 pick rise      oracle rise      value 1.00 E 0.7013->0.6548 (7 of 12) [63s]
   [full/hybrid_nt] t2 pick base      oracle base      value 1.00 E 0.6818->0.6321 (7 of 13) [69s]
   [delayed_ignition/hybrid_nt] t3 pick cool      oracle cool      value 1.00 E 0.6548->0.6454 (7 of 12) [81s]
   [ignition/hybrid_nt] t3 pick jitter    oracle jitter    value 1.00 E 0.6214->0.5794 (7 of 12) [84s]
   [full/hybrid_nt] t3 pick cool      oracle deflect   value 0.80 E 0.6321->0.6223 (7 of 13) [90s]
   [delayed_ignition/hybrid_nt] t4 pick width     oracle width     value 1.00 E 0.6454->0.6313 (7 of 12) [99s]
   [ignition/hybrid_nt] t4 pick rise      oracle width     value 0.97 E 0.5794->0.5726 (7 of 12) [104s]
   [full/hybrid_nt] t4 pick width     oracle deflect   value 0.97 E 0.6223->0.5976 (7 of 13) [112s]
   [delayed_ignition/hybrid_nt] t5 pick cool      oracle width     value 0.67 E 0.6313->0.6313 (7 of 12) [118s]
   [delayed_ignition/hybrid_nt] t6 pick jitter    oracle width     value 0.29 E 0.6313->0.6313 (6 of 12) [122s]
   [delayed_ignition/hybrid_nt] t7 pick width     oracle width     value 1.00 E 0.6313->0.6313 (6 of 12) [124s]
   [ignition/hybrid_nt] t5 pick rate      oracle width     value 0.91 E 0.5726->0.5608 (7 of 12) [126s]
   [delayed_ignition/hybrid_nt] t8 pick profile   oracle profile   value 1.00 E 0.6313->0.6313 (6 of 12) [126s]
   [delayed_ignition/hybrid_nt] t9 pick soot      oracle soot      value 1.00 E 0.6313->0.6313 (6 of 12) [129s]
   [full/hybrid_nt] t5 pick jitter    oracle deflect   value 0.71 E 0.5976->0.5976 (7 of 13) [138s]
   [full/hybrid_nt] t6 pick soot      oracle deflect   value 0.57 E 0.5976->0.5976 (7 of 13) [139s]
   [full/hybrid_nt] t7 pick deflect   oracle deflect   value 1.00 E 0.5976->0.5908 (7 of 13) [141s]
   [delayed_ignition/hybrid_nt2] t0 pick wind      oracle wind      value 1.00 E 0.8450->0.7514 (8 of 12) [146s]
   [ignition/hybrid_nt] t6 pick soot      oracle soot      value 1.00 E 0.5608->0.5608 (7 of 12) [152s]
   [delayed_ignition/hybrid_nt2] t1 pick base      oracle base      value 1.00 E 0.7514->0.7013 (8 of 12) [159s]
   [full/hybrid_nt] t8 pick width     oracle width     value 1.00 E 0.5908->0.5908 (7 of 13) [163s]
   [full/hybrid_nt] t9 pick rate      oracle rate      value 1.00 E 0.5908->0.5908 (7 of 13) [165s]
   [ignition/hybrid_nt] t7 pick rise      oracle jitter    value 0.78 E 0.5608->0.5608 (7 of 12) [165s]
   [ignition/hybrid_nt] t8 pick wind      oracle jitter    value 0.31 E 0.5608->0.5608 (6 of 12) [167s]
   [ignition/hybrid_nt] t9 pick rate      oracle jitter    value 0.00 E 0.5608->0.5608 (5 of 12) [170s]
   [delayed_ignition/hybrid_nt2] t2 pick rise      oracle rise      value 1.00 E 0.7013->0.6548 (8 of 12) [178s]
   [full/hybrid_nt2] t0 pick wind      oracle wind      value 1.00 E 0.8404->0.7606 (8 of 13) [185s]
   [ignition/hybrid_nt2] t0 pick wind      oracle wind      value 1.00 E 0.8152->0.7113 (8 of 12) [186s]
   [delayed_ignition/hybrid_nt2] t3 pick cool      oracle cool      value 1.00 E 0.6548->0.6454 (8 of 12) [197s]
   [full/hybrid_nt2] t1 pick rise      oracle rise      value 1.00 E 0.7606->0.6818 (8 of 13) [202s]
   [ignition/hybrid_nt2] t1 pick base      oracle base      value 1.00 E 0.7113->0.6542 (8 of 12) [202s]
   [delayed_ignition/hybrid_nt2] t4 pick width     oracle width     value 1.00 E 0.6454->0.6313 (8 of 12) [217s]
   [ignition/hybrid_nt2] t2 pick rise      oracle rise      value 1.00 E 0.6542->0.6214 (8 of 12) [221s]
   [full/hybrid_nt2] t2 pick base      oracle base      value 1.00 E 0.6818->0.6321 (8 of 13) [224s]
   [delayed_ignition/hybrid_nt2] t5 pick width     oracle width     value 1.00 E 0.6313->0.6313 (8 of 12) [236s]
   [ignition/hybrid_nt2] t3 pick jitter    oracle jitter    value 1.00 E 0.6214->0.5794 (8 of 12) [243s]
   [delayed_ignition/hybrid_nt2] t6 pick cool      oracle cool      value 1.00 E 0.6313->0.6313 (8 of 12) [244s]
   [delayed_ignition/hybrid_nt2] t7 pick profile   oracle profile   value 1.00 E 0.6313->0.6313 (7 of 12) [246s]
   [full/hybrid_nt2] t3 pick deflect   oracle deflect   value 1.00 E 0.6321->0.6198 (8 of 13) [247s]
   [delayed_ignition/hybrid_nt2] t8 pick jitter    oracle jitter    value 1.00 E 0.6313->0.6313 (7 of 12) [249s]
   [delayed_ignition/hybrid_nt2] t9 pick soot      oracle soot      value 1.00 E 0.6313->0.6313 (7 of 12) [251s]
delayed_ignition  v0 0.845 | hybrid_nt 0.631 (value med 1.00, glow 0.66) hybrid_nt2 0.631 (value med 1.00, glow 0.66) [251s]
   [ignition/hybrid_nt2] t4 pick rise      oracle width     value 0.97 E 0.5794->0.5726 (8 of 12) [266s]
   [full/hybrid_nt2] t4 pick wind      oracle wind      value 1.00 E 0.6198->0.6045 (8 of 13) [271s]
   [twin/hybrid_nt] t0 pick rise      oracle rise      value 1.00 E 0.7624->0.6660 (6 of 12) [25s]
   [ignition/hybrid_nt2] t5 pick width     oracle width     value 1.00 E 0.5726->0.5596 (8 of 12) [285s]
   [full/hybrid_nt2] t5 pick wind      oracle wind      value 1.00 E 0.6045->0.5861 (8 of 13) [294s]
   [twin/hybrid_nt] t1 pick profile   oracle profile   value 1.00 E 0.6660->0.5962 (6 of 12) [46s]
   [ignition/hybrid_nt2] t6 pick soot      oracle soot      value 1.00 E 0.5596->0.5596 (8 of 12) [306s]
   [full/hybrid_nt2] t6 pick jitter    oracle jitter    value 1.00 E 0.5861->0.5661 (8 of 13) [316s]
   [twin/hybrid_nt] t2 pick attract   oracle attract   value 1.00 E 0.5962->0.5064 (6 of 12) [66s]
   [ignition/hybrid_nt2] t7 pick wind      oracle wind      value 1.00 E 0.5596->0.5596 (8 of 12) [325s]
   [ignition/hybrid_nt2] t8 pick profile   oracle profile   value 1.00 E 0.5596->0.5596 (7 of 12) [326s]
   [ignition/hybrid_nt2] t9 pick rise      oracle rise      value 1.00 E 0.5596->0.5596 (7 of 12) [327s]
ignition          v0 0.815 | hybrid_nt 0.561 (value med 0.98, glow 0.58) hybrid_nt2 0.560 (value med 1.00, glow 0.57) [327s]
   [twin/hybrid_nt] t3 pick amp       oracle amp       value 1.00 E 0.5064->0.4499 (6 of 12) [88s]
   [full/hybrid_nt2] t7 pick rate      oracle rate      value 1.00 E 0.5661->0.5507 (8 of 13) [342s]
   [shelf_bed/hybrid_nt] t0 pick rise      oracle rise      value 1.00 E 0.8544->0.7911 (7 of 13) [23s]
   [twin/hybrid_nt] t4 pick width     oracle width     value 1.00 E 0.4499->0.4254 (6 of 12) [108s]
   [full/hybrid_nt2] t8 pick wind      oracle wind      value 1.00 E 0.5507->0.5385 (8 of 13) [368s]
   [shelf_bed/hybrid_nt] t1 pick wind      oracle wind      value 1.00 E 0.7911->0.7375 (7 of 13) [41s]
   [twin/hybrid_nt] t5 pick base      oracle base      value 1.00 E 0.4254->0.4063 (6 of 12) [129s]
   [shelf_bed/hybrid_nt] t2 pick width     oracle width     value 1.00 E 0.7375->0.6984 (7 of 13) [62s]
   [full/hybrid_nt2] t9 pick width     oracle jitter    value 0.72 E 0.5385->0.5293 (8 of 13) [397s]
full              v0 0.840 | hybrid_nt 0.591 (value med 1.00, glow 0.59) hybrid_nt2 0.529 (value med 1.00, glow 0.63) [397s]
   [twin/hybrid_nt] t6 pick width     oracle width     value 1.00 E 0.4063->0.3961 (6 of 12) [152s]
   [shelf_bed/hybrid_nt] t3 pick profile   oracle profile   value 1.00 E 0.6984->0.6895 (7 of 13) [82s]
   [split/hybrid_nt] t0 pick rise      oracle rise      value 1.00 E 1.1896->0.5401 (6 of 12) [23s]
   [shelf_bed/hybrid_nt] t4 pick deflect   oracle deflect   value 1.00 E 0.6895->0.6895 (7 of 13) [103s]
   [twin/hybrid_nt] t7 pick rate      oracle rate      value 1.00 E 0.3961->0.3961 (6 of 12) [180s]
   [split/hybrid_nt] t1 pick jitter    oracle profile   value 0.53 E 0.5401->0.5230 (6 of 12) [38s]
   [shelf_bed/hybrid_nt] t5 pick rise      oracle rise      value 1.00 E 0.6895->0.6895 (7 of 13) [121s]
   [split/hybrid_nt] t2 pick profile   oracle profile   value 1.00 E 0.5230->0.4863 (6 of 12) [51s]
   [shelf_bed/hybrid_nt] t6 pick jitter    oracle width     value 0.57 E 0.6895->0.6895 (6 of 13) [123s]
   [shelf_bed/hybrid_nt] t7 pick bed       oracle width     value 0.12 E 0.6895->0.6895 (6 of 13) [125s]
   [shelf_bed/hybrid_nt] t8 pick rate      oracle width     value 0.07 E 0.6895->0.6895 (5 of 13) [127s]
   [twin/hybrid_nt] t8 pick amp       oracle amp       value 1.00 E 0.3961->0.3961 (5 of 12) [204s]
   [twin/hybrid_nt] t9 pick rise      oracle rise      value 1.00 E 0.3961->0.3961 (4 of 12) [206s]
   [shelf_bed/hybrid_nt] t9 pick wind      oracle width     value 0.00 E 0.6895->0.6895 (4 of 13) [130s]
   [split/hybrid_nt] t3 pick width     oracle deflect   value 0.83 E 0.4863->0.4733 (6 of 12) [71s]
   [twin/hybrid_nt2] t0 pick rise      oracle rise      value 1.00 E 0.7624->0.6660 (7 of 12) [224s]
   [shelf_bed/hybrid_nt2] t0 pick rise      oracle rise      value 1.00 E 0.8544->0.7911 (8 of 13) [149s]
   [split/hybrid_nt] t4 pick rate      oracle rate      value 1.00 E 0.4733->0.4589 (6 of 12) [88s]
   [shelf_bed/hybrid_nt2] t1 pick wind      oracle wind      value 1.00 E 0.7911->0.7375 (8 of 13) [168s]
   [twin/hybrid_nt2] t1 pick profile   oracle profile   value 1.00 E 0.6660->0.5962 (7 of 12) [246s]
   [split/hybrid_nt] t5 pick soot      oracle soot      value 1.00 E 0.4589->0.4495 (6 of 12) [106s]
   [shelf_bed/hybrid_nt2] t2 pick width     oracle width     value 1.00 E 0.7375->0.6984 (8 of 13) [189s]
   [twin/hybrid_nt2] t2 pick attract   oracle attract   value 1.00 E 0.5962->0.5064 (7 of 12) [267s]
   [split/hybrid_nt] t6 pick width     oracle width     value 1.00 E 0.4495->0.4358 (6 of 12) [131s]
   [shelf_bed/hybrid_nt2] t3 pick profile   oracle profile   value 1.00 E 0.6984->0.6895 (8 of 13) [210s]
   [twin/hybrid_nt2] t3 pick amp       oracle amp       value 1.00 E 0.5064->0.4499 (7 of 12) [289s]
   [split/hybrid_nt] t7 pick cool      oracle cool      value 1.00 E 0.4358->0.4358 (6 of 12) [155s]
   [shelf_bed/hybrid_nt2] t4 pick deflect   oracle deflect   value 1.00 E 0.6895->0.6895 (8 of 13) [230s]
   [shelf_bed/hybrid_nt2] t5 pick rise      oracle rise      value 1.00 E 0.6895->0.6895 (8 of 13) [232s]
   [twin/hybrid_nt2] t4 pick width     oracle width     value 1.00 E 0.4499->0.4254 (7 of 12) [310s]
   [split/hybrid_nt] t8 pick soot      oracle deflect   value 0.98 E 0.4358->0.4358 (5 of 12) [164s]
   [shelf_bed/hybrid_nt2] t6 pick jitter    oracle width     value 0.57 E 0.6895->0.6895 (7 of 13) [235s]
   [split/hybrid_nt] t9 pick deflect   oracle deflect   value 1.00 E 0.4358->0.4358 (5 of 12) [167s]
   [shelf_bed/hybrid_nt2] t7 pick bed       oracle width     value 0.12 E 0.6895->0.6895 (7 of 13) [238s]
   [shelf_bed/hybrid_nt2] t8 pick rate      oracle width     value 0.07 E 0.6895->0.6895 (6 of 13) [242s]
   [shelf_bed/hybrid_nt2] t9 pick wind      oracle width     value 0.00 E 0.6895->0.6895 (5 of 13) [244s]
shelf_bed         v0 0.854 | hybrid_nt 0.689 (value med 1.00, glow 0.79) hybrid_nt2 0.689 (value med 1.00, glow 0.79) [244s]
   [split/hybrid_nt2] t0 pick rise      oracle rise      value 1.00 E 1.1896->0.5401 (7 of 12) [181s]
   [twin/hybrid_nt2] t5 pick base      oracle base      value 1.00 E 0.4254->0.4063 (7 of 12) [335s]
   [shutoff/hybrid_nt] t0 pick cool      oracle cool      value 1.00 E 0.7774->0.6753 (6 of 11) [19s]
   [split/hybrid_nt2] t1 pick profile   oracle profile   value 1.00 E 0.5401->0.5077 (7 of 12) [197s]
   [shutoff/hybrid_nt] t1 pick base      oracle base      value 1.00 E 0.6753->0.6403 (6 of 11) [30s]
   [split/hybrid_nt2] t2 pick width     oracle width     value 1.00 E 0.5077->0.4732 (7 of 12) [212s]
   [shutoff/hybrid_nt] t2 pick wind      oracle wind      value 1.00 E 0.6403->0.6227 (6 of 11) [38s]
   [twin/hybrid_nt2] t6 pick width     oracle width     value 1.00 E 0.4063->0.3961 (7 of 12) [364s]
   [shutoff/hybrid_nt] t3 pick rate      oracle rate      value 1.00 E 0.6227->0.6162 (6 of 11) [50s]
   [split/hybrid_nt2] t3 pick jitter    oracle width     value 0.96 E 0.4732->0.4554 (7 of 12) [228s]
   [shutoff/hybrid_nt] t4 pick profile   oracle profile   value 1.00 E 0.6162->0.6059 (6 of 11) [60s]
   [split/hybrid_nt2] t4 pick soot      oracle soot      value 1.00 E 0.4554->0.4414 (7 of 12) [241s]
   [shutoff/hybrid_nt] t5 pick jitter    oracle width     value 0.58 E 0.6059->0.5905 (6 of 11) [71s]
   [twin/hybrid_nt2] t7 pick rate      oracle rate      value 1.00 E 0.3961->0.3961 (7 of 12) [393s]
   [twin/hybrid_nt2] t8 pick amp       oracle amp       value 1.00 E 0.3961->0.3961 (6 of 12) [395s]
   [twin/hybrid_nt2] t9 pick rise      oracle rise      value 1.00 E 0.3961->0.3961 (5 of 12) [396s]
twin              v0 0.762 | hybrid_nt 0.396 (value med 1.00, glow 0.90) hybrid_nt2 0.396 (value med 1.00, glow 0.90) [396s]
   [shutoff/hybrid_nt] t6 pick cool      oracle cool      value 1.00 E 0.5905->0.5815 (6 of 11) [83s]
   [split/hybrid_nt2] t5 pick rate      oracle rate      value 1.00 E 0.4414->0.4317 (7 of 12) [261s]
   [shutoff/hybrid_nt] t7 pick cool      oracle width     value 0.29 E 0.5815->0.5815 (6 of 11) [92s]
   [shutoff/hybrid_nt] t8 pick rise      oracle width     value 0.22 E 0.5815->0.5815 (5 of 11) [92s]
   [shutoff/hybrid_nt] t9 pick rate      oracle width     value 0.19 E 0.5815->0.5815 (4 of 11) [93s]
   [shutoff/hybrid_nt2] t0 pick cool      oracle cool      value 1.00 E 0.7774->0.6753 (7 of 11) [100s]
   [shutoff/hybrid_nt2] t1 pick base      oracle base      value 1.00 E 0.6753->0.6403 (7 of 11) [107s]
   [split/hybrid_nt2] t6 pick soot      oracle soot      value 1.00 E 0.4317->0.4273 (7 of 12) [283s]
   [shutoff/hybrid_nt2] t2 pick wind      oracle wind      value 1.00 E 0.6403->0.6227 (7 of 11) [115s]
   [shutoff/hybrid_nt2] t3 pick rate      oracle rate      value 1.00 E 0.6227->0.6162 (7 of 11) [123s]
   [split/hybrid_nt2] t7 pick cool      oracle cool      value 1.00 E 0.4273->0.4273 (7 of 12) [303s]
   [shutoff/hybrid_nt2] t4 pick profile   oracle profile   value 1.00 E 0.6162->0.6059 (7 of 11) [132s]
   [shutoff/hybrid_nt2] t5 pick width     oracle width     value 1.00 E 0.6059->0.5795 (7 of 11) [140s]
   [shutoff/hybrid_nt2] t6 pick width     oracle width     value 1.00 E 0.5795->0.5464 (7 of 11) [149s]
   [split/hybrid_nt2] t8 pick amp       oracle profile   value 0.62 E 0.4273->0.4273 (6 of 12) [324s]
   [split/hybrid_nt2] t9 pick rate      oracle profile   value 0.00 E 0.4273->0.4273 (5 of 12) [326s]
split             v0 1.190 | hybrid_nt 0.436 (value med 1.00, glow 0.79) hybrid_nt2 0.427 (value med 1.00, glow 0.80) [326s]
   [shutoff/hybrid_nt2] t7 pick base      oracle base      value 1.00 E 0.5464->0.5284 (7 of 11) [158s]
   [shutoff/hybrid_nt2] t8 pick width     oracle width     value 1.00 E 0.5284->0.5171 (7 of 11) [165s]
   [shutoff/hybrid_nt2] t9 pick width     oracle width     value 1.00 E 0.5171->0.5081 (7 of 11) [171s]
shutoff           v0 0.777 | hybrid_nt 0.582 (value med 1.00, glow nan) hybrid_nt2 0.508 (value med 1.00, glow nan) [171s]
done: 7 scenes in 742s -> poc/results/f7.json
