   [weak_hip_left_s0/projection] t0 pick vault    oracle hop      value 0.15 E 0.4505->0.4457 (1 of 10) [19s]
   [locked_knee_left_s0/projection] t0 pick hop      oracle stiff_l  value 0.27 E 0.6664->0.6458 (1 of 10) [20s]
   [intact_s0/projection] t0 pick stiff_l  oracle weak_l   value 0.37 E 0.2648->0.2648 (1 of 10) [20s]
   [intact_s0/projection] t1 pick vault    oracle weak_l   value 0.77 E 0.2648->0.2648 (1 of 10) [21s]
   [intact_s0/projection] t2 pick weak_l   oracle weak_l   value 1.00 E 0.2648->0.2648 (1 of 10) [21s]
   [intact_s0/projection] t3 pick weak_r   oracle weak_r   value 1.00 E 0.2648->0.2648 (1 of 10) [21s]
   [intact_s0/hybrid] t0 pick weak_l   oracle weak_l   value 1.00 E 0.2648->0.2648 (6 of 10) [21s]
   [intact_s0/hybrid] t1 pick weak_r   oracle weak_r   value 1.00 E 0.2648->0.2648 (5 of 10) [21s]
   [intact_s0/hybrid] t2 pick vault    oracle vault    value 1.00 E 0.2648->0.2648 (4 of 10) [21s]
   [intact_s0/hybrid] t3 pick stiff_l  oracle stiff_l  value 1.00 E 0.2648->0.2648 (4 of 10) [21s]
   [intact_s0/oracle] t0 pick weak_l   oracle weak_l   value 1.00 E 0.2648->0.2648 (10 of 10) [22s]
   [intact_s0/oracle] t1 pick weak_r   oracle weak_r   value 1.00 E 0.2648->0.2648 (9 of 10) [23s]
   [intact_s0/oracle] t2 pick vault    oracle vault    value 1.00 E 0.2648->0.2648 (8 of 10) [23s]
   [intact_s0/oracle] t3 pick stiff_l  oracle stiff_l  value 1.00 E 0.2648->0.2648 (7 of 10) [23s]
   [locked_knee_left_s0/projection] t1 pick kneel_r  oracle stiff_l  value -0.07 E 0.6458->0.6458 (1 of 10) [36s]
   [locked_knee_left_s0/projection] t2 pick stiff_l  oracle stiff_l  value 1.00 E 0.6458->0.5854 (1 of 10) [36s]
   [weak_hip_left_s0/projection] t1 pick hop      oracle hop      value 1.00 E 0.4457->0.4169 (1 of 10) [37s]
   [locked_knee_left_s0/projection] t3 pick short_r  oracle kneel_l  value 0.50 E 0.5854->0.5729 (1 of 10) [54s]
   [locked_knee_left_s0/hybrid] t0 pick kneel_l  oracle stiff_l  value 0.48 E 0.6664->0.6297 (6 of 10) [54s]
   [weak_hip_left_s0/projection] t2 pick vault    oracle vault    value 1.00 E 0.4169->0.3995 (1 of 10) [55s]
   [locked_knee_left_s0/hybrid] t1 pick weak_l   oracle stiff_l  value 0.09 E 0.6297->0.6231 (6 of 10) [72s]
   [weak_hip_left_s0/projection] t3 pick kneel_l  oracle stiff_r  value -0.33 E 0.3995->0.3995 (1 of 10) [73s]
   [locked_knee_left_s0/hybrid] t2 pick weak_r   oracle stiff_l  value 0.11 E 0.6231->0.6146 (6 of 10) [88s]
   [weak_hip_left_s0/hybrid] t0 pick hop      oracle hop      value 1.00 E 0.4505->0.4178 (6 of 10) [92s]
   [locked_knee_left_s0/hybrid] t3 pick hop      oracle stiff_l  value 0.04 E 0.6146->0.6146 (6 of 10) [105s]
   [weak_hip_left_s0/hybrid] t1 pick vault    oracle vault    value 1.00 E 0.4178->0.3994 (6 of 10) [109s]
   [locked_knee_left_s0/oracle] t0 pick stiff_l  oracle stiff_l  value 1.00 E 0.6664->0.5899 (10 of 10) [124s]
   [weak_hip_left_s0/hybrid] t2 pick vault    oracle stiff_r  value 0.00 E 0.3994->0.3994 (6 of 10) [126s]
   [weak_hip_left_s0/hybrid] t3 pick hop      oracle stiff_r  value 0.00 E 0.3994->0.3994 (6 of 10) [130s]
   [locked_knee_left_s0/oracle] t1 pick kneel_l  oracle kneel_l  value 1.00 E 0.5899->0.5612 (10 of 10) [141s]
   [weak_hip_left_s0/oracle] t0 pick hop      oracle hop      value 1.00 E 0.4505->0.4178 (10 of 10) [149s]
   [locked_knee_left_s0/oracle] t2 pick weak_l   oracle weak_l   value 1.00 E 0.5612->0.5378 (10 of 10) [159s]
   [weak_hip_left_s0/oracle] t1 pick vault    oracle vault    value 1.00 E 0.4178->0.3994 (10 of 10) [165s]
   [weak_hip_left_s0/oracle] t2 pick stiff_r  oracle stiff_r  value 1.00 E 0.3994->0.3994 (10 of 10) [165s]
   [weak_hip_left_s0/oracle] t3 pick short_r  oracle short_r  value 1.00 E 0.3994->0.3994 (9 of 10) [165s]
   [locked_knee_left_s0/oracle] t3 pick stiff_r  oracle stiff_r  value 1.00 E 0.5378->0.5203 (10 of 10) [176s]
intact_s0              [design] designed None v0 0.265 | projection 0.265 [] hybrid 0.265 [] oracle 0.265 [] | floor 0.265 [311s]
   [short_shank_left_s0/projection] t0 pick short_l  oracle short_r  value 0.83 E 0.3524->0.3228 (1 of 10) [18s]
   [short_shank_left_s0/projection] t1 pick weak_l   oracle weak_r   value 0.47 E 0.3228->0.3181 (1 of 10) [36s]
   [short_shank_left_s0/projection] t2 pick weak_l   oracle weak_r   value 0.00 E 0.3181->0.3181 (1 of 10) [54s]
   [short_shank_left_s0/projection] t3 pick short_r  oracle weak_r   value 0.76 E 0.3181->0.3181 (1 of 10) [54s]
   [short_shank_left_s0/hybrid] t0 pick short_r  oracle short_r  value 1.00 E 0.3524->0.3169 (6 of 10) [54s]
   [short_shank_left_s0/hybrid] t1 pick weak_l   oracle weak_l   value 1.00 E 0.3169->0.3066 (6 of 10) [71s]
   [short_shank_left_s0/hybrid] t2 pick weak_r   oracle weak_r   value 1.00 E 0.3066->0.3066 (6 of 10) [88s]
   [short_shank_left_s0/hybrid] t3 pick short_l  oracle short_l  value 1.00 E 0.3066->0.3066 (5 of 10) [88s]
   [short_shank_left_s0/oracle] t0 pick short_r  oracle short_r  value 1.00 E 0.3524->0.3169 (10 of 10) [106s]
   [short_shank_left_s0/oracle] t1 pick weak_l   oracle weak_l   value 1.00 E 0.3169->0.3066 (10 of 10) [110s]
   [short_shank_left_s0/oracle] t2 pick weak_r   oracle weak_r   value 1.00 E 0.3066->0.3066 (10 of 10) [110s]
   [short_shank_left_s0/oracle] t3 pick short_l  oracle short_l  value 1.00 E 0.3066->0.3066 (9 of 10) [110s]
weak_hip_left_s0       [design] designed None v0 0.450 | projection 0.399 ['vault', 'hop', 'vault'] hybrid 0.399 ['hop', 'vault'] oracle 0.399 ['hop', 'vault'] | floor 0.450 [453s]
locked_knee_left_s0    [design] designed stiff_l v0 0.666 | projection 0.573 ['hop', 'stiff_l', 'short_r'] hybrid 0.615 ['kneel_l', 'weak_l', 'weak_r'] oracle 0.520 ['stiff_l', 'kneel_l', 'weak_l', 'stiff_r'] | floor 0.666 [466s]
   [stump_left_s0/projection] t0 pick kneel_l  oracle hop      value 0.93 E 0.6788->0.3555 (1 of 8) [13s]
   [noleg_left_s0/projection] t0 pick hop      oracle hop      value 1.00 E 0.6893->0.3921 (1 of 6) [10s]
   [stump_left_s0/projection] t1 pick vault    oracle hop      value -0.37 E 0.3555->0.3555 (1 of 8) [26s]
   [stump_left_s0/projection] t2 pick kneel_r  oracle hop      value 0.48 E 0.3555->0.3342 (1 of 8) [26s]
   [noleg_left_s0/projection] t1 pick vault    oracle vault    value 1.00 E 0.3921->0.3345 (1 of 6) [20s]
   [stump_left_s0/projection] t3 pick stiff_r  oracle hop      value 0.00 E 0.3342->0.3342 (1 of 8) [37s]
   [stump_left_s0/hybrid] t0 pick hop      oracle hop      value 1.00 E 0.6788->0.3318 (6 of 8) [37s]
   [noleg_left_s0/projection] t2 pick short_r  oracle stiff_r  value 0.97 E 0.3345->0.3279 (1 of 6) [27s]
   [noleg_left_s0/projection] t3 pick kneel_r  oracle kneel_r  value 1.00 E 0.3279->0.3203 (1 of 6) [34s]
   [noleg_left_s0/hybrid] t0 pick hop      oracle hop      value 1.00 E 0.6893->0.3921 (4 of 6) [34s]
   [noleg_left_s0/hybrid] t1 pick vault    oracle vault    value 1.00 E 0.3921->0.3345 (4 of 6) [34s]
   [noleg_left_s0/hybrid] t2 pick stiff_r  oracle stiff_r  value 1.00 E 0.3345->0.3277 (4 of 6) [34s]
   [stump_left_s0/hybrid] t1 pick kneel_l  oracle kneel_l  value 1.00 E 0.3318->0.3103 (6 of 8) [49s]
   [noleg_left_s0/hybrid] t3 pick short_r  oracle short_r  value 1.00 E 0.3277->0.3208 (4 of 6) [42s]
   [noleg_left_s0/oracle] t0 pick hop      oracle hop      value 1.00 E 0.6893->0.3921 (6 of 6) [42s]
   [noleg_left_s0/oracle] t1 pick vault    oracle vault    value 1.00 E 0.3921->0.3345 (6 of 6) [42s]
   [noleg_left_s0/oracle] t2 pick stiff_r  oracle stiff_r  value 1.00 E 0.3345->0.3277 (6 of 6) [42s]
   [noleg_left_s0/oracle] t3 pick short_r  oracle short_r  value 1.00 E 0.3277->0.3208 (6 of 6) [42s]
   [stump_left_s0/hybrid] t2 pick hop      oracle hop      value 1.00 E 0.3103->0.3103 (6 of 8) [60s]
   [stump_left_s0/hybrid] t3 pick kneel_l  oracle stiff_r  value 1.00 E 0.3103->0.3103 (6 of 8) [61s]
   [stump_left_s0/oracle] t0 pick hop      oracle hop      value 1.00 E 0.6788->0.3318 (8 of 8) [76s]
   [stump_left_s0/oracle] t1 pick kneel_l  oracle kneel_l  value 1.00 E 0.3318->0.3103 (8 of 8) [88s]
   [stump_left_s0/oracle] t2 pick hop      oracle hop      value 1.00 E 0.3103->0.3103 (8 of 8) [88s]
   [stump_left_s0/oracle] t3 pick stiff_r  oracle stiff_r  value 1.00 E 0.3103->0.3103 (7 of 8) [88s]
noleg_left_s0          [design] designed hop v0 0.689 | projection 0.320 ['hop', 'vault', 'short_r', 'kneel_r'] hybrid 0.321 ['hop', 'vault', 'stiff_r', 'short_r'] oracle 0.321 ['hop', 'vault', 'stiff_r', 'short_r'] | floor 0.405 [234s]
   [nolegs_s0/projection] t0 pick vault    oracle vault    value 1.00 E 0.7956->0.4208 (1 of 1) [3s]
   [nolegs_s0/projection] t1 pick vault    oracle vault    value 1.00 E 0.4208->0.4208 (1 of 1) [3s]
   [nolegs_s0/hybrid] t0 pick vault    oracle vault    value 1.00 E 0.7956->0.4208 (1 of 1) [3s]
   [nolegs_s0/hybrid] t1 pick vault    oracle vault    value 1.00 E 0.4208->0.4208 (1 of 1) [3s]
   [nolegs_s0/oracle] t0 pick vault    oracle vault    value 1.00 E 0.7956->0.4208 (1 of 1) [4s]
   [nolegs_s0/oracle] t1 pick vault    oracle vault    value 1.00 E 0.4208->0.4208 (1 of 1) [4s]
short_shank_left_s0    [design] designed short_l v0 0.352 | projection 0.318 ['short_l', 'weak_l'] hybrid 0.307 ['short_r', 'weak_l'] oracle 0.307 ['short_r', 'weak_l'] | floor 0.352 [405s]
   [weak_hip_right_s0/projection] t0 pick vault    oracle vault    value 1.00 E 0.4350->0.3918 (1 of 10) [20s]
   [weak_hip_right_s0/projection] t1 pick stiff_r  oracle weak_r   value 1.00 E 0.3918->0.3764 (1 of 10) [37s]
   [weak_hip_right_s0/projection] t2 pick vault    oracle short_l  value 0.00 E 0.3764->0.3764 (1 of 10) [54s]
   [weak_hip_right_s0/projection] t3 pick short_l  oracle short_l  value 1.00 E 0.3764->0.3764 (1 of 10) [54s]
   [weak_hip_right_s0/hybrid] t0 pick vault    oracle vault    value 1.00 E 0.4350->0.3918 (6 of 10) [54s]
   [weak_hip_right_s0/hybrid] t1 pick weak_r   oracle weak_r   value 1.00 E 0.3918->0.3764 (6 of 10) [54s]
stump_left_s0          [design] designed kneel_l v0 0.679 | projection 0.334 ['kneel_l', 'kneel_r'] hybrid 0.310 ['hop', 'kneel_l'] oracle 0.310 ['hop', 'kneel_l'] | floor 0.354 [323s]
   [weak_hip_right_s0/hybrid] t2 pick weak_l   oracle weak_l   value 1.00 E 0.3764->0.3764 (6 of 10) [71s]
   [weak_hip_right_s0/hybrid] t3 pick vault    oracle vault    value 1.00 E 0.3764->0.3764 (5 of 10) [75s]
   [locked_knee_right_s0/projection] t0 pick hop      oracle stiff_r  value 0.12 E 0.6780->0.6708 (1 of 10) [17s]
nolegs_s0              [design] designed vault v0 0.796 | projection 0.421 ['vault'] hybrid 0.421 ['vault'] oracle 0.421 ['vault'] | floor 0.388 [96s]
   [weak_hip_right_s0/oracle] t0 pick vault    oracle vault    value 1.00 E 0.4350->0.3918 (10 of 10) [95s]
   [locked_knee_right_s0/projection] t1 pick kneel_l  oracle stiff_r  value 0.02 E 0.6708->0.6708 (1 of 10) [35s]
   [locked_knee_right_s0/projection] t2 pick short_l  oracle stiff_r  value 0.00 E 0.6708->0.6708 (1 of 10) [35s]
   [locked_knee_right_s0/projection] t3 pick short_r  oracle stiff_r  value 0.00 E 0.6708->0.6708 (1 of 10) [35s]
   [locked_knee_right_s0/hybrid] t0 pick kneel_r  oracle stiff_r  value 0.34 E 0.6780->0.6581 (6 of 10) [35s]
   [short_shank_right_s0/projection] t0 pick hop      oracle kneel_r  value 0.29 E 0.3792->0.3668 (1 of 10) [19s]
   [weak_hip_right_s0/oracle] t1 pick weak_r   oracle weak_r   value 1.00 E 0.3918->0.3764 (10 of 10) [110s]
   [weak_hip_right_s0/oracle] t2 pick weak_l   oracle weak_l   value 1.00 E 0.3764->0.3764 (10 of 10) [110s]
   [weak_hip_right_s0/oracle] t3 pick vault    oracle vault    value 1.00 E 0.3764->0.3764 (9 of 10) [110s]
   [locked_knee_right_s0/hybrid] t1 pick weak_r   oracle stiff_r  value 0.10 E 0.6581->0.6510 (6 of 10) [51s]
   [short_shank_right_s0/projection] t1 pick short_r  oracle kneel_l  value 0.04 E 0.3668->0.3668 (1 of 10) [37s]
   [short_shank_right_s0/projection] t2 pick kneel_l  oracle kneel_l  value 1.00 E 0.3668->0.3519 (1 of 10) [37s]
   [locked_knee_right_s0/hybrid] t2 pick hop      oracle stiff_r  value 0.08 E 0.6510->0.6510 (6 of 10) [70s]
   [short_shank_right_s0/projection] t3 pick weak_r   oracle weak_r   value 1.00 E 0.3519->0.3417 (1 of 10) [53s]
   [short_shank_right_s0/hybrid] t0 pick kneel_r  oracle kneel_r  value 1.00 E 0.3792->0.3364 (6 of 10) [53s]
   [locked_knee_right_s0/hybrid] t3 pick stiff_r  oracle stiff_r  value 1.00 E 0.6510->0.5775 (6 of 10) [74s]
   [short_shank_right_s0/hybrid] t1 pick weak_r   oracle weak_r   value 1.00 E 0.3364->0.3279 (6 of 10) [71s]
   [locked_knee_right_s0/oracle] t0 pick stiff_r  oracle stiff_r  value 1.00 E 0.6780->0.6199 (10 of 10) [92s]
   [short_shank_right_s0/hybrid] t2 pick short_l  oracle vault    value 0.31 E 0.3279->0.3279 (6 of 10) [88s]
   [short_shank_right_s0/hybrid] t3 pick vault    oracle vault    value 1.00 E 0.3279->0.3279 (6 of 10) [88s]
   [locked_knee_right_s0/oracle] t1 pick weak_r   oracle weak_r   value 1.00 E 0.6199->0.5934 (10 of 10) [109s]
   [locked_knee_right_s0/oracle] t2 pick stiff_l  oracle stiff_l  value 1.00 E 0.5934->0.5740 (10 of 10) [127s]
   [short_shank_right_s0/oracle] t0 pick kneel_r  oracle kneel_r  value 1.00 E 0.3792->0.3364 (10 of 10) [108s]
   [short_shank_right_s0/oracle] t1 pick weak_r   oracle weak_r   value 1.00 E 0.3364->0.3279 (10 of 10) [112s]
   [short_shank_right_s0/oracle] t2 pick vault    oracle vault    value 1.00 E 0.3279->0.3279 (10 of 10) [112s]
   [short_shank_right_s0/oracle] t3 pick short_l  oracle short_l  value 1.00 E 0.3279->0.3279 (9 of 10) [112s]
   [locked_knee_right_s0/oracle] t3 pick hop      oracle hop      value 1.00 E 0.5740->0.5653 (10 of 10) [145s]
weak_hip_right_s0      [transfer] designed None v0 0.435 | projection 0.376 ['vault', 'stiff_r'] hybrid 0.376 ['vault', 'weak_r'] oracle 0.376 ['vault', 'weak_r'] | floor 0.435 [401s]
   [stump_right_s0/projection] t0 pick kneel_r  oracle hop      value 0.97 E 0.7083->0.3811 (1 of 8) [14s]
   [stump_right_s0/projection] t1 pick hop      oracle hop      value 1.00 E 0.3811->0.3423 (1 of 8) [26s]
   [stump_right_s0/projection] t2 pick kneel_l  oracle stiff_l  value 0.00 E 0.3423->0.3423 (1 of 8) [37s]
   [stump_right_s0/projection] t3 pick weak_r   oracle stiff_l  value -2.86 E 0.3423->0.3423 (1 of 8) [37s]
   [stump_right_s0/hybrid] t0 pick hop      oracle hop      value 1.00 E 0.7083->0.3707 (6 of 8) [37s]
   [stump_right_s0/hybrid] t1 pick short_l  oracle short_l  value 1.00 E 0.3707->0.3411 (6 of 8) [49s]
   [stump_right_s0/hybrid] t2 pick hop      oracle hop      value 1.00 E 0.3411->0.3315 (6 of 8) [64s]
   [stump_right_s0/hybrid] t3 pick weak_r   oracle weak_r   value 1.00 E 0.3315->0.3315 (6 of 8) [75s]
short_shank_right_s0   [transfer] designed short_r v0 0.379 | projection 0.342 ['hop', 'kneel_l', 'weak_r'] hybrid 0.328 ['kneel_r', 'weak_r'] oracle 0.328 ['kneel_r', 'weak_r'] | floor 0.379 [401s]
   [noleg_right_s0/projection] t0 pick hop      oracle hop      value 1.00 E 0.6827->0.3676 (1 of 6) [9s]
   [stump_right_s0/oracle] t0 pick hop      oracle hop      value 1.00 E 0.7083->0.3707 (8 of 8) [91s]
locked_knee_right_s0   [transfer] designed stiff_r v0 0.678 | projection 0.671 ['hop'] hybrid 0.577 ['kneel_r', 'weak_r', 'stiff_r'] oracle 0.565 ['stiff_r', 'weak_r', 'stiff_l', 'hop'] | floor 0.678 [436s]
   [noleg_right_s0/projection] t1 pick vault    oracle vault    value 1.00 E 0.3676->0.2651 (1 of 6) [18s]
   [stump_right_s0/oracle] t1 pick short_l  oracle short_l  value 1.00 E 0.3707->0.3411 (8 of 8) [104s]
   [noleg_right_s0/projection] t2 pick stiff_l  oracle kneel_l  value 0.62 E 0.2651->0.2529 (1 of 6) [25s]
   [noleg_right_s0/projection] t3 pick weak_l   oracle weak_l   value 1.00 E 0.2529->0.2428 (1 of 6) [31s]
   [noleg_right_s0/hybrid] t0 pick hop      oracle hop      value 1.00 E 0.6827->0.3676 (4 of 6) [31s]
   [noleg_right_s0/hybrid] t1 pick vault    oracle vault    value 1.00 E 0.3676->0.2651 (4 of 6) [31s]
   [noleg_right_s0/hybrid] t2 pick kneel_l  oracle kneel_l  value 1.00 E 0.2651->0.2455 (4 of 6) [32s]
   [intact_s1/projection] t0 pick stiff_l  oracle vault    value 0.74 E 0.4745->0.4533 (1 of 10) [18s]
   [stump_right_s0/oracle] t2 pick hop      oracle hop      value 1.00 E 0.3411->0.3315 (8 of 8) [118s]
   [noleg_right_s0/hybrid] t3 pick weak_l   oracle weak_l   value 1.00 E 0.2455->0.2398 (4 of 6) [38s]
   [noleg_right_s0/oracle] t0 pick hop      oracle hop      value 1.00 E 0.6827->0.3676 (6 of 6) [39s]
   [noleg_right_s0/oracle] t1 pick vault    oracle vault    value 1.00 E 0.3676->0.2651 (6 of 6) [39s]
   [noleg_right_s0/oracle] t2 pick kneel_l  oracle kneel_l  value 1.00 E 0.2651->0.2455 (6 of 6) [39s]
   [noleg_right_s0/oracle] t3 pick weak_l   oracle weak_l   value 1.00 E 0.2455->0.2398 (6 of 6) [39s]
   [stump_right_s0/oracle] t3 pick weak_r   oracle weak_r   value 1.00 E 0.3315->0.3315 (8 of 8) [130s]
   [intact_s1/projection] t1 pick vault    oracle vault    value 1.00 E 0.4533->0.4250 (1 of 10) [35s]
   [intact_s1/projection] t2 pick weak_r   oracle hop      value 0.76 E 0.4250->0.4194 (1 of 10) [50s]
   [intact_s1/projection] t3 pick hop      oracle weak_l   value 0.63 E 0.4194->0.4194 (1 of 10) [66s]
   [intact_s1/hybrid] t0 pick vault    oracle vault    value 1.00 E 0.4745->0.4457 (6 of 10) [85s]
   [intact_s1/hybrid] t1 pick stiff_l  oracle hop      value 0.97 E 0.4457->0.4241 (6 of 10) [100s]
   [intact_s1/hybrid] t2 pick weak_r   oracle weak_r   value 1.00 E 0.4241->0.4186 (6 of 10) [118s]
   [intact_s1/hybrid] t3 pick weak_l   oracle weak_l   value 1.00 E 0.4186->0.4127 (6 of 10) [135s]
   [intact_s1/oracle] t0 pick vault    oracle vault    value 1.00 E 0.4745->0.4457 (10 of 10) [152s]
   [intact_s1/oracle] t1 pick hop      oracle hop      value 1.00 E 0.4457->0.4233 (10 of 10) [168s]
   [intact_s1/oracle] t2 pick stiff_l  oracle stiff_l  value 1.00 E 0.4233->0.4161 (10 of 10) [184s]
   [intact_s1/oracle] t3 pick weak_l   oracle weak_l   value 1.00 E 0.4161->0.4161 (10 of 10) [201s]
noleg_right_s0         [transfer] designed hop v0 0.683 | projection 0.243 ['hop', 'vault', 'stiff_l', 'weak_l'] hybrid 0.240 ['hop', 'vault', 'kneel_l', 'weak_l'] oracle 0.240 ['hop', 'vault', 'kneel_l', 'weak_l'] | floor 0.371 [219s]
   [nolegs_s1/projection] t0 pick vault    oracle vault    value 1.00 E 0.7766->0.4080 (1 of 1) [3s]
   [nolegs_s1/projection] t1 pick vault    oracle vault    value 1.00 E 0.4080->0.4080 (1 of 1) [4s]
   [nolegs_s1/hybrid] t0 pick vault    oracle vault    value 1.00 E 0.7766->0.4080 (1 of 1) [4s]
   [nolegs_s1/hybrid] t1 pick vault    oracle vault    value 1.00 E 0.4080->0.4080 (1 of 1) [4s]
   [nolegs_s1/oracle] t0 pick vault    oracle vault    value 1.00 E 0.7766->0.4080 (1 of 1) [4s]
   [nolegs_s1/oracle] t1 pick vault    oracle vault    value 1.00 E 0.4080->0.4080 (1 of 1) [4s]
stump_right_s0         [transfer] designed kneel_r v0 0.708 | projection 0.342 ['kneel_r', 'hop'] hybrid 0.331 ['hop', 'short_l', 'hop'] oracle 0.331 ['hop', 'short_l', 'hop'] | floor 0.393 [352s]
nolegs_s1              [transfer] designed vault v0 0.777 | projection 0.408 ['vault'] hybrid 0.408 ['vault'] oracle 0.408 ['vault'] | floor 0.360 [91s]
intact_s1              [transfer] designed None v0 0.475 | projection 0.419 ['stiff_l', 'vault', 'weak_r'] hybrid 0.413 ['vault', 'stiff_l', 'weak_r', 'weak_l'] oracle 0.416 ['vault', 'hop', 'stiff_l'] | floor 0.475 [484s]
done: 14 cases in 1697s -> poc/results/g1.json
