   [intact_s0] t0 pick torso  side +0 (oracle rhythm, value 0.68) fit 0.3219->0.3016 held-out 0.6320->0.6300 (1 of 2) rejected ['rhythm'] [97s]
   [weak_hip_left_s0] t0 pick torso  side +0 (oracle torso, value 1.00) fit 0.3564->0.3096 held-out 0.4481->0.4477 (1 of 2) rejected [] [101s]
   [locked_knee_left_s0] t0 pick limp   side -1 (oracle lateral, value 0.11) fit 0.5997->0.5839 held-out 0.4607->0.4578 (1 of 2) rejected ['lateral', 'stiff'] [102s]
   [intact_s0] t1 pick rhythm side +0 (oracle rhythm, value 1.00) fit 0.3016->0.2808 held-out 0.6300->0.6294 (1 of 2) rejected [] [184s]
   [weak_hip_left_s0] t1 pick torso  side +0 (oracle lateral, value 0.29) fit 0.3096->0.3043 held-out 0.4477->0.4447 (1 of 2) rejected ['lateral', 'weak'] [194s]
   [locked_knee_left_s0] t1 pick legs   side +0 (oracle lateral, value 0.06) fit 0.5839->0.5749 held-out 0.4578->0.4141 (2 of 2) rejected ['lateral', 'stiff', 'rhythm', 'torso'] [202s]
   [intact_s0] t2 pick weak   side -1 (oracle lateral, value 0.49) fit 0.2808->0.2765 held-out 0.6294->0.6256 (2 of 2) rejected ['lateral'] [275s]
   [weak_hip_left_s0] t2 pick stiff  side +1 (oracle lateral, value 0.24) fit 0.3043->0.2997 held-out 0.4447->0.4256 (2 of 2) rejected ['lateral'] [291s]
   [locked_knee_left_s0] t2 pick stiff  side -1 (oracle lateral, value 0.20) fit 0.5749->0.5455 held-out 0.4141->0.3779 (2 of 2) rejected ['lateral'] [299s]
   [intact_s0] t3 pick arms   side +0 (oracle lateral, value 0.49) fit 0.2765->0.2728 held-out 0.6256->0.6238 (2 of 2) rejected ['lateral'] [354s]
   [weak_hip_left_s0] t3 declined: lateral held-out 0.4489 >= 0.4256 (1 of 2 runs lower); legs held-out 0.4498 >= 0.4256 (0 of 2 runs lower); arms spent; torso spent [376s]
weak_hip_left_s0       [design] designed None+0 v0 0.356/0.448 -> 0.300/0.426 added ['torso', 'torso', 'stiff+1'] [376s]
   [locked_knee_left_s0] t3 pick limp   side -1 (oracle lateral, value 0.04) fit 0.5455->0.5398 held-out 0.3779->0.3740 (1 of 2) rejected ['lateral', 'rhythm', 'legs', 'torso'] [389s]
   [intact_s0] t4 declined: lateral held-out 0.8403 >= 0.6238 (0 of 2 runs lower); rhythm spent; torso spent; arms spent [431s]
intact_s0              [design] designed None+0 v0 0.322/0.632 -> 0.273/0.624 added ['torso', 'rhythm', 'weak-1', 'arms'] [431s]
   [short_shank_left_s0] t0 pick limp   side -1 (oracle limp, value 1.00) fit 0.4944->0.3351 held-out 0.5612->0.5001 (2 of 2) rejected [] [96s]
   [locked_knee_left_s0] t4 declined: lateral held-out 0.3986 >= 0.3740 (0 of 2 runs lower); rhythm held-out 0.4064 >= 0.3740 (0 of 2 runs lower); torso held-out 0.3972 >= 0.3740 (0 of 2 runs lower); legs spent [475s]
locked_knee_left_s0    [design] designed stiff-1 v0 0.600/0.461 -> 0.540/0.374 added ['limp-1', 'legs', 'stiff-1', 'limp-1'] [475s]
   [stump_left_s0] t0 pick rhythm side +0 (oracle legs, value 0.83) fit 0.6235->0.5418 held-out 0.4833->0.4634 (1 of 2) rejected ['legs', 'hold'] [85s]
   [noleg_left_s0] t0 pick torso  side +0 (oracle lateral, value 0.80) fit 0.3541->0.3179 held-out 0.5275->0.5122 (2 of 2) rejected ['lateral', 'rhythm'] [74s]
   [short_shank_left_s0] t1 pick torso  side +0 (oracle torso, value 1.00) fit 0.3351->0.3237 held-out 0.5001->0.4975 (2 of 2) rejected [] [181s]
   [stump_left_s0] t1 pick weak   side -1 (oracle legs, value 0.18) fit 0.5418->0.5332 held-out 0.4634->0.4552 (2 of 2) rejected ['legs', 'lateral'] [162s]
   [noleg_left_s0] t1 pick legs   side +0 (oracle lateral, value 0.23) fit 0.3179->0.3061 held-out 0.5122->0.5050 (1 of 2) rejected ['lateral', 'rhythm'] [146s]
   [short_shank_left_s0] t2 pick arms   side +0 (oracle lateral, value 0.65) fit 0.3237->0.3160 held-out 0.4975->0.4963 (2 of 2) rejected ['lateral'] [268s]
   [stump_left_s0] t2 pick torso  side +0 (oracle legs, value 0.13) fit 0.5332->0.5276 held-out 0.4552->0.4451 (2 of 2) rejected ['legs', 'lateral'] [241s]
   [noleg_left_s0] t2 pick arms   side +0 (oracle lateral, value 0.20) fit 0.3061->0.2952 held-out 0.5050->0.5006 (2 of 2) rejected ['lateral', 'rhythm'] [218s]
   [short_shank_left_s0] t3 pick legs   side +0 (oracle lateral, value 0.85) fit 0.3160->0.3071 held-out 0.4963->0.4837 (2 of 2) rejected ['lateral'] [346s]
   [stump_left_s0] t3 declined: legs held-out 0.5928 >= 0.4451 (0 of 2 runs lower); lateral held-out 0.4663 >= 0.4451 (0 of 2 runs lower); limp held-out 0.4921 >= 0.4451 (0 of 2 runs lower); arms spent [313s]
stump_left_s0          [design] designed limp-1 v0 0.623/0.483 -> 0.528/0.445 added ['rhythm', 'weak-1', 'torso'] [313s]
   [noleg_left_s0] t3 declined: lateral held-out 0.5141 >= 0.5006 (0 of 2 runs lower); rhythm held-out 0.5937 >= 0.5006 (0 of 2 runs lower); torso spent; legs spent [280s]
noleg_left_s0          [design] designed None+0 v0 0.354/0.527 -> 0.295/0.501 added ['torso', 'legs', 'arms'] [280s]
   [nolegs_s0] t0 declined: torso held-out 0.5908 >= 0.5786 (0 of 2 runs lower); rhythm held-out 0.6416 >= 0.5786 (0 of 2 runs lower); vault held-out 0.6085 >= 0.5786 (0 of 2 runs lower); arms held-out 0.5830 >= 0.5786 (1 of 2 runs lower) [22s]
nolegs_s0              [design] designed vault+0 v0 0.666/0.579 -> 0.666/0.579 added [] [22s]
   [short_shank_left_s0] t4 declined: lateral held-out 0.5785 >= 0.4837 (0 of 2 runs lower); limp spent; torso spent; legs spent [422s]
short_shank_left_s0    [design] designed None+0 v0 0.494/0.561 -> 0.307/0.484 added ['limp-1', 'torso', 'arms', 'legs'] [422s]
   [weak_hip_right_s0] t0 pick lateral side +0 (oracle lateral, value 1.00) fit 0.3902->0.3614 held-out 0.4206->0.3516 (2 of 2) rejected [] [95s]
   [locked_knee_right_s0] t0 pick rhythm side +0 (oracle stiff, value 0.71) fit 0.5797->0.4723 held-out 0.6859->0.6410 (2 of 2) rejected ['stiff', 'legs'] [97s]
   [short_shank_right_s0] t0 pick legs   side +0 (oracle rhythm, value 0.85) fit 0.5466->0.4542 held-out 0.4708->0.4595 (1 of 2) rejected ['rhythm'] [98s]
   [weak_hip_right_s0] t1 declined: legs spent; arms spent; lateral spent; stiff spent [179s]
weak_hip_right_s0      [transfer] designed None+0 v0 0.390/0.421 -> 0.361/0.352 added ['lateral'] [179s]
   [locked_knee_right_s0] t1 pick stiff  side +1 (oracle stiff, value 1.00) fit 0.4723->0.4114 held-out 0.6410->0.6017 (2 of 2) rejected [] [190s]
   [short_shank_right_s0] t1 pick stiff  side +1 (oracle rhythm, value 0.27) fit 0.4542->0.4476 held-out 0.4595->0.4557 (1 of 2) rejected ['rhythm', 'legs', 'vault'] [191s]
   [stump_right_s0] t0 pick rhythm side +0 (oracle rhythm, value 1.00) fit 0.4219->0.3352 held-out 0.5286->0.5270 (1 of 2) rejected [] [82s]
   [locked_knee_right_s0] t2 pick arms   side +0 (oracle rhythm, value 0.28) fit 0.4114->0.4060 held-out 0.6017->0.5998 (2 of 2) rejected ['rhythm'] [281s]
   [short_shank_right_s0] t2 pick limp   side +1 (oracle weak, value 0.09) fit 0.4476->0.4429 held-out 0.4557->0.4422 (2 of 2) rejected ['weak', 'hold', 'rhythm'] [280s]
   [stump_right_s0] t1 pick torso  side +0 (oracle torso, value 1.00) fit 0.3352->0.3121 held-out 0.5270->0.5157 (2 of 2) rejected [] [158s]
   [locked_knee_right_s0] t3 declined: rhythm held-out 0.6078 >= 0.5998 (0 of 2 runs lower); lateral spent; limp spent; vault spent [362s]
locked_knee_right_s0   [transfer] designed stiff+1 v0 0.580/0.686 -> 0.406/0.600 added ['rhythm', 'stiff+1', 'arms'] [362s]
   [short_shank_right_s0] t3 declined: weak held-out 0.4794 >= 0.4422 (1 of 2 runs lower); rhythm held-out 0.5514 >= 0.4422 (0 of 2 runs lower); hold held-out 0.4676 >= 0.4422 (0 of 2 runs lower); lateral spent [364s]
short_shank_right_s0   [transfer] designed None+0 v0 0.547/0.471 -> 0.443/0.442 added ['legs', 'stiff+1', 'limp+1'] [364s]
   [stump_right_s0] t2 pick lateral side +0 (oracle lateral, value 1.00) fit 0.3121->0.2917 held-out 0.5157->0.4910 (1 of 2) rejected [] [239s]
   [noleg_right_s0] t0 pick rhythm side +0 (oracle rhythm, value 1.00) fit 0.3763->0.3175 held-out 0.3758->0.3596 (2 of 2) rejected [] [75s]
   [stump_right_s0] t3 pick torso  side +0 (oracle legs, value 0.67) fit 0.2917->0.2780 held-out 0.4910->0.4848 (2 of 2) rejected ['legs'] [311s]
   [intact_s1] t0 pick lateral side +0 (oracle lateral, value 1.00) fit 0.7829->0.3266 held-out 0.4015->0.3929 (1 of 2) rejected [] [99s]
   [noleg_right_s0] t1 pick torso  side +0 (oracle torso, value 1.00) fit 0.3175->0.2721 held-out 0.3596->0.3559 (1 of 2) rejected [] [145s]
   [stump_right_s0] t4 pick stiff  side +1 (oracle legs, value 0.28) fit 0.2780->0.2711 held-out 0.4848->0.4792 (1 of 2) rejected ['legs'] [384s]
   [noleg_right_s0] t2 pick legs   side +0 (oracle legs, value 1.00) fit 0.2721->0.2488 held-out 0.3559->0.3555 (1 of 2) rejected [] [218s]
   [intact_s1] t1 pick rhythm side +0 (oracle rhythm, value 1.00) fit 0.3266->0.3069 held-out 0.3929->0.3765 (2 of 2) rejected [] [193s]
   [stump_right_s0] t5 pick weak   side +1 (oracle legs, value 0.33) fit 0.2711->0.2633 held-out 0.4792->0.4764 (1 of 2) rejected ['legs'] [455s]
stump_right_s0         [transfer] designed limp+1 v0 0.422/0.529 -> 0.263/0.476 added ['rhythm', 'torso', 'lateral', 'torso', 'stiff+1', 'weak+1'] [455s]
   [noleg_right_s0] t3 pick lateral side +0 (oracle lateral, value 1.00) fit 0.2488->0.2257 held-out 0.3555->0.3386 (2 of 2) rejected [] [282s]
   [nolegs_s1] t0 pick torso  side +0 (oracle arms, value 0.96) fit 0.5796->0.5446 held-out 0.6219->0.5577 (2 of 2) rejected ['arms'] [22s]
   [nolegs_s1] t1 pick arms   side +0 (oracle arms, value 1.00) fit 0.5446->0.5256 held-out 0.5577->0.5326 (2 of 2) rejected [] [34s]
   [nolegs_s1] t2 pick vault  side +0 (oracle torso, value 0.12) fit 0.5256->0.5187 held-out 0.5326->0.5168 (2 of 2) rejected ['torso', 'arms'] [53s]
   [intact_s1] t2 pick arms   side +0 (oracle legs, value 0.26) fit 0.3069->0.3025 held-out 0.3765->0.3743 (2 of 2) rejected ['legs', 'torso', 'weak'] [288s]
   [nolegs_s1] t3 pick torso  side +0 (oracle torso, value 1.00) fit 0.5187->0.4694 held-out 0.5168->0.4887 (2 of 2) rejected [] [68s]
   [nolegs_s1] t4 pick rhythm side +0 (oracle arms, value 0.51) fit 0.4694->0.4574 held-out 0.4887->0.4821 (1 of 2) rejected ['arms'] [80s]
   [noleg_right_s0] t4 pick arms   side +0 (oracle arms, value 1.00) fit 0.2257->0.2196 held-out 0.3386->0.3378 (2 of 2) rejected [] [346s]
   [nolegs_s1] t5 declined: torso held-out 0.4837 >= 0.4821 (1 of 2 runs lower); arms held-out 0.5019 >= 0.4821 (1 of 2 runs lower); rhythm spent; vault spent [94s]
nolegs_s1              [transfer] designed vault+0 v0 0.580/0.622 -> 0.457/0.482 added ['torso', 'arms', 'vault', 'torso', 'rhythm'] [94s]
   [noleg_right_s0] t5 declined: torso spent; rhythm spent; weak spent; legs spent [406s]
   [intact_s1] t3 declined: legs held-out 0.3746 >= 0.3743 (1 of 2 runs lower); torso held-out 0.3769 >= 0.3743 (1 of 2 runs lower); weak held-out 0.3792 >= 0.3743 (1 of 2 runs lower); lateral spent [374s]
noleg_right_s0         [transfer] designed None+0 v0 0.376/0.376 -> 0.220/0.338 added ['rhythm', 'torso', 'legs', 'lateral', 'arms'] [406s]
intact_s1              [transfer] designed None+0 v0 0.783/0.402 -> 0.302/0.374 added ['lateral', 'rhythm', 'arms'] [374s]
done: 14 cases in 1540s -> poc/results/g10.json
