   [intact_s0] t0 pick arms   side +0 (oracle arms, value 1.00) fit 0.3400->0.3037 held-out 0.7275->0.7151 (2 of 2) rejected [] [46s]
   [weak_hip_left_s0] t0 pick arms   side +0 (oracle arms, value 1.00) fit 0.3976->0.3679 held-out 0.4854->0.4651 (2 of 2) rejected [] [47s]
   [locked_knee_left_s0] t0 pick rhythm side +0 (oracle lateral, value 0.36) fit 0.6655->0.6076 held-out 0.5845->0.4997 (2 of 2) rejected ['lateral'] [47s]
   [intact_s0] t1 pick legs   side +0 (oracle lateral, value 0.86) fit 0.3037->0.2971 held-out 0.7151->0.7145 (1 of 2) rejected ['lateral'] [90s]
   [weak_hip_left_s0] t1 pick lateral side +0 (oracle lateral, value 1.00) fit 0.3679->0.3451 held-out 0.4651->0.4409 (1 of 2) rejected [] [91s]
   [locked_knee_left_s0] t1 pick arms   side +0 (oracle lateral, value 0.10) fit 0.6076->0.5942 held-out 0.4997->0.4838 (2 of 2) rejected ['lateral', 'stiff', 'limp'] [91s]
   [intact_s0] t2 declined: lateral held-out 0.8376 >= 0.7145 (0 of 2 runs lower); hold spent; limp spent; stiff spent [130s]
intact_s0              [design] designed None+0 v0 0.340/0.728 -> 0.297/0.715 added ['arms', 'legs'] [130s]
   [weak_hip_left_s0] t2 pick legs   side +0 (oracle weak, value 0.77) fit 0.3451->0.3402 held-out 0.4409->0.4370 (2 of 2) rejected ['weak'] [132s]
   [locked_knee_left_s0] t2 declined: lateral held-out 0.4990 >= 0.4838 (0 of 2 runs lower); stiff guard: speed; limp held-out 0.5073 >= 0.4838 (1 of 2 runs lower); legs held-out 0.5111 >= 0.4838 (0 of 2 runs lower) [132s]
locked_knee_left_s0    [design] designed stiff-1 v0 0.666/0.585 -> 0.594/0.484 added ['rhythm', 'arms'] [132s]
   [weak_hip_left_s0] t3 pick torso  side +0 (oracle weak, value 0.50) fit 0.3402->0.3329 held-out 0.4370->0.4357 (1 of 2) rejected ['weak'] [176s]
   [stump_left_s0] t0 pick vault  side +0 (oracle vault, value 1.00) fit 0.8418->0.5661 held-out 0.7109->0.5045 (2 of 2) rejected [] [44s]
   [short_shank_left_s0] t0 pick limp   side -1 (oracle limp, value 1.00) fit 0.9874->0.4087 held-out 1.1601->0.6352 (2 of 2) rejected [] [50s]
   [weak_hip_left_s0] t4 pick limp   side +1 (oracle limp, value 1.00) fit 0.3329->0.3285 held-out 0.4357->0.4357 (1 of 2) rejected [] [218s]
   [stump_left_s0] t1 pick weak   side -1 (oracle weak, value 1.00) fit 0.5661->0.5381 held-out 0.5045->0.4913 (2 of 2) rejected [] [85s]
   [short_shank_left_s0] t1 pick arms   side +0 (oracle arms, value 1.00) fit 0.4087->0.3844 held-out 0.6352->0.6277 (2 of 2) rejected [] [92s]
   [weak_hip_left_s0] t5 declined: lateral spent; weak spent; rhythm spent; torso spent [252s]
weak_hip_left_s0       [design] designed None+0 v0 0.398/0.485 -> 0.329/0.436 added ['arms', 'lateral', 'legs', 'torso', 'limp+1'] [252s]
   [stump_left_s0] t2 pick arms   side +0 (oracle arms, value 1.00) fit 0.5381->0.5266 held-out 0.4913->0.4780 (2 of 2) rejected [] [126s]
   [short_shank_left_s0] t2 declined: rhythm held-out 0.6497 >= 0.6277 (0 of 2 runs lower); legs held-out 0.6459 >= 0.6277 (0 of 2 runs lower); torso spent; lateral spent [134s]
short_shank_left_s0    [design] designed None+0 v0 0.987/1.160 -> 0.384/0.628 added ['limp-1', 'arms'] [134s]
   [nolegs_s0] t0 pick arms   side +0 (oracle arms, value 1.00) fit 0.8850->0.5946 held-out 0.7175->0.5611 (2 of 2) rejected [] [11s]
   [nolegs_s0] t1 declined: torso held-out 0.5646 >= 0.5611 (1 of 2 runs lower); rhythm held-out 0.5982 >= 0.5611 (0 of 2 runs lower); arms spent; vault spent [20s]
nolegs_s0              [design] designed vault+0 v0 0.885/0.717 -> 0.595/0.561 added ['arms'] [20s]
   [noleg_left_s0] t0 pick torso  side +0 (oracle torso, value 1.00) fit 0.7669->0.4267 held-out 0.8134->0.6426 (2 of 2) rejected [] [39s]
   [stump_left_s0] t3 pick legs   side +0 (oracle hold, value 0.95) fit 0.5266->0.5192 held-out 0.4780->0.4692 (2 of 2) rejected ['hold'] [163s]
   [noleg_left_s0] t1 pick arms   side +0 (oracle lateral, value 0.46) fit 0.4267->0.4023 held-out 0.6426->0.6379 (2 of 2) rejected ['lateral', 'legs', 'rhythm'] [73s]
   [stump_left_s0] t4 declined: lateral held-out 0.4953 >= 0.4692 (0 of 2 runs lower); hold spent; weak spent; limp spent [195s]
stump_left_s0          [design] designed limp-1 v0 0.842/0.711 -> 0.519/0.469 added ['vault', 'weak-1', 'arms', 'legs'] [195s]
   [weak_hip_right_s0] t0 pick arms   side +0 (oracle rhythm, value 0.61) fit 0.4795->0.4385 held-out 0.4855->0.4705 (2 of 2) rejected ['rhythm', 'legs'] [49s]
   [noleg_left_s0] t2 pick hold   side +1 (oracle lateral, value 0.25) fit 0.4023->0.3882 held-out 0.6379->0.6355 (1 of 2) rejected ['lateral', 'legs', 'rhythm'] [107s]
   [locked_knee_right_s0] t0 pick weak   side +1 (oracle weak, value 1.00) fit 0.6290->0.4762 held-out 0.7893->0.7475 (2 of 2) rejected [] [49s]
   [weak_hip_right_s0] t1 pick lateral side +0 (oracle legs, value 0.75) fit 0.4385->0.4173 held-out 0.4705->0.3893 (2 of 2) rejected ['legs'] [93s]
   [noleg_left_s0] t3 declined: lateral held-out 0.6535 >= 0.6355 (0 of 2 runs lower); rhythm held-out 0.6416 >= 0.6355 (1 of 2 runs lower); legs held-out 0.6520 >= 0.6355 (1 of 2 runs lower); weak held-out 0.6483 >= 0.6355 (1 of 2 runs lower) [138s]
noleg_left_s0          [design] designed None+0 v0 0.767/0.813 -> 0.388/0.636 added ['torso', 'arms', 'hold+1'] [138s]
   [weak_hip_right_s0] t2 declined: rhythm held-out 0.4100 >= 0.3893 (0 of 2 runs lower); limp spent; legs spent; lateral spent [134s]
weak_hip_right_s0      [transfer] designed None+0 v0 0.479/0.485 -> 0.417/0.389 added ['arms', 'lateral'] [134s]
   [locked_knee_right_s0] t1 pick stiff  side +1 (oracle stiff, value 1.00) fit 0.4762->0.4551 held-out 0.7475->0.6896 (2 of 2) rejected [] [93s]
   [short_shank_right_s0] t0 pick limp   side +1 (oracle limp, value 1.00) fit 0.9336->0.5393 held-out 1.0203->0.4778 (2 of 2) rejected [] [50s]
   [stump_right_s0] t0 pick vault  side +0 (oracle vault, value 1.00) fit 0.7458->0.4025 held-out 0.8161->0.7227 (1 of 2) rejected [] [41s]
   [locked_knee_right_s0] t2 pick arms   side +0 (oracle arms, value 1.00) fit 0.4551->0.4376 held-out 0.6896->0.6735 (2 of 2) rejected [] [138s]
   [short_shank_right_s0] t1 pick arms   side +0 (oracle weak, value 0.38) fit 0.5393->0.5295 held-out 0.4778->0.4648 (2 of 2) rejected ['weak', 'torso', 'rhythm'] [97s]
   [stump_right_s0] t1 pick rhythm side +0 (oracle rhythm, value 1.00) fit 0.4025->0.3502 held-out 0.7227->0.6951 (1 of 2) rejected [] [80s]
   [locked_knee_right_s0] t3 pick rhythm side +0 (oracle rhythm, value 1.00) fit 0.4376->0.4281 held-out 0.6735->0.6570 (2 of 2) rejected [] [178s]
   [short_shank_right_s0] t2 pick lateral side +0 (oracle weak, value 0.33) fit 0.5295->0.5199 held-out 0.4648->0.4614 (1 of 2) rejected ['weak', 'rhythm', 'torso'] [141s]
   [stump_right_s0] t2 pick arms   side +0 (oracle arms, value 1.00) fit 0.3502->0.3174 held-out 0.6951->0.6855 (2 of 2) rejected [] [119s]
   [locked_knee_right_s0] t4 pick stiff  side +1 (oracle legs, value 0.97) fit 0.4281->0.4158 held-out 0.6570->0.6350 (2 of 2) rejected ['legs'] [218s]
   [short_shank_right_s0] t3 pick weak   side -1 (oracle weak, value 1.00) fit 0.5199->0.4996 held-out 0.4614->0.4612 (1 of 2) rejected [] [179s]
   [stump_right_s0] t3 pick lateral side +0 (oracle lateral, value 1.00) fit 0.3174->0.3060 held-out 0.6855->0.6614 (1 of 2) rejected [] [154s]
   [locked_knee_right_s0] t5 declined: legs held-out 0.6605 >= 0.6350 (0 of 2 runs lower); rhythm held-out 0.6708 >= 0.6350 (0 of 2 runs lower); limp held-out 0.6478 >= 0.6350 (0 of 2 runs lower); torso held-out 0.6404 >= 0.6350 (0 of 2 runs lower) [261s]
locked_knee_right_s0   [transfer] designed stiff+1 v0 0.629/0.789 -> 0.416/0.635 added ['weak+1', 'stiff+1', 'arms', 'rhythm', 'stiff+1'] [261s]
   [stump_right_s0] t4 pick legs   side +0 (oracle legs, value 1.00) fit 0.3060->0.2958 held-out 0.6614->0.6472 (1 of 2) rejected [] [186s]
   [short_shank_right_s0] t4 declined: torso guard: speed; weak spent; lateral spent; limp spent [220s]
short_shank_right_s0   [transfer] designed None+0 v0 0.934/1.020 -> 0.500/0.461 added ['limp+1', 'arms', 'lateral', 'weak-1'] [220s]
   [noleg_right_s0] t0 pick rhythm side +0 (oracle torso, value 0.25) fit 0.7317->0.6488 held-out 0.7321->0.6948 (2 of 2) rejected ['torso', 'legs'] [38s]
   [stump_right_s0] t5 pick weak   side -1 (oracle weak, value 1.00) fit 0.2958->0.2903 held-out 0.6472->0.6373 (2 of 2) rejected [] [216s]
stump_right_s0         [transfer] designed limp+1 v0 0.746/0.816 -> 0.290/0.637 added ['vault', 'rhythm', 'arms', 'lateral', 'legs', 'weak-1'] [216s]
   [nolegs_s1] t0 pick torso  side +0 (oracle arms, value 0.93) fit 0.7260->0.5511 held-out 0.7970->0.5914 (2 of 2) rejected ['arms'] [10s]
   [nolegs_s1] t1 pick rhythm side +0 (oracle arms, value 0.86) fit 0.5511->0.5223 held-out 0.5914->0.5513 (2 of 2) rejected ['arms'] [21s]
   [intact_s1] t0 pick lateral side +0 (oracle lateral, value 1.00) fit 0.8795->0.3986 held-out 0.4578->0.4341 (1 of 2) rejected [] [49s]
   [noleg_right_s0] t1 pick torso  side +0 (oracle legs, value 0.38) fit 0.6488->0.6243 held-out 0.6948->0.6861 (2 of 2) rejected ['legs'] [73s]
   [nolegs_s1] t2 pick arms   side +0 (oracle arms, value 1.00) fit 0.5223->0.4587 held-out 0.5513->0.4957 (2 of 2) rejected [] [28s]
   [nolegs_s1] t3 declined: torso guard: asym_stance, speed; rhythm held-out 0.5190 >= 0.4957 (1 of 2 runs lower); arms guard: speed; vault spent [37s]
nolegs_s1              [transfer] designed vault+0 v0 0.726/0.797 -> 0.459/0.496 added ['torso', 'rhythm', 'arms'] [37s]
   [noleg_right_s0] t2 pick arms   side +0 (oracle legs, value 0.59) fit 0.6243->0.5988 held-out 0.6861->0.6781 (2 of 2) rejected ['legs'] [107s]
   [intact_s1] t1 pick rhythm side +0 (oracle rhythm, value 1.00) fit 0.3986->0.3553 held-out 0.4341->0.4097 (1 of 2) rejected [] [95s]
   [noleg_right_s0] t3 pick lateral side +0 (oracle legs, value 0.15) fit 0.5988->0.5905 held-out 0.6781->0.6769 (1 of 2) rejected ['legs'] [139s]
   [intact_s1] t2 pick arms   side +0 (oracle arms, value 1.00) fit 0.3553->0.3394 held-out 0.4097->0.3980 (2 of 2) rejected [] [137s]
   [noleg_right_s0] t4 declined: legs guard: speed, height; torso spent; stiff spent; weak spent [171s]
noleg_right_s0         [transfer] designed None+0 v0 0.732/0.732 -> 0.590/0.677 added ['rhythm', 'torso', 'arms', 'lateral'] [171s]
   [intact_s1] t3 pick legs   side +0 (oracle legs, value 1.00) fit 0.3394->0.3315 held-out 0.3980->0.3952 (1 of 2) rejected [] [176s]
   [intact_s1] t4 pick weak   side +1 (oracle lateral, value 0.87) fit 0.3315->0.3262 held-out 0.3952->0.3934 (1 of 2) rejected ['lateral'] [213s]
   [intact_s1] t5 pick lateral side +0 (oracle lateral, value 1.00) fit 0.3262->0.3215 held-out 0.3934->0.3909 (1 of 2) rejected [] [254s]
intact_s1              [transfer] designed None+0 v0 0.879/0.458 -> 0.321/0.391 added ['lateral', 'rhythm', 'arms', 'legs', 'weak+1', 'lateral'] [254s]
done: 14 cases in 867s -> poc/results/g11.json
