   [intact_s0] t0 pick legs   side +0 (oracle lateral, value 0.62) fit 0.4432->0.3346 held-out 0.5108->0.4091 (2 of 2) rejected ['lateral', 'weak'] [60s]
   [locked_knee_left_s0] t0 pick limp   side -1 (oracle limp, value 1.00) fit 0.5814->0.4205 held-out 0.6714->0.5548 (2 of 2) rejected [] [61s]
   [weak_hip_left_s0] t0 pick torso  side +0 (oracle lateral, value 0.99) fit 0.5006->0.3563 held-out 0.5599->0.5107 (1 of 2) rejected ['lateral'] [62s]
   [weak_hip_left_s0] t1 pick hold   side +1 (oracle lateral, value 0.15) fit 0.3563->0.3459 held-out 0.5107->0.5052 (2 of 2) rejected ['lateral'] [116s]
   [intact_s0] t1 pick rhythm side +0 (oracle lateral, value 0.09) fit 0.3346->0.3273 held-out 0.4091->0.3938 (2 of 2) rejected ['lateral'] [117s]
   [locked_knee_left_s0] t1 declined: rhythm spent; stiff spent; hold spent; vault spent [121s]
locked_knee_left_s0    [design] designed stiff-1 v0 0.581/0.671 -> 0.420/0.555 added ['limp-1'] [121s]
   [intact_s0] t2 declined: lateral held-out 0.8240 >= 0.3938 (0 of 2 runs lower); weak spent; legs spent; limp spent [169s]
intact_s0              [design] designed None+0 v0 0.443/0.511 -> 0.327/0.394 added ['legs', 'rhythm'] [169s]
   [weak_hip_left_s0] t2 pick weak   side -1 (oracle lateral, value 0.05) fit 0.3459->0.3418 held-out 0.5052->0.4972 (2 of 2) rejected ['lateral'] [172s]
   [short_shank_left_s0] t0 pick weak   side +1 (oracle lateral, value 0.69) fit 0.5734->0.4993 held-out 0.6803->0.5210 (2 of 2) rejected ['lateral'] [60s]
   [stump_left_s0] t0 pick rhythm side +0 (oracle rhythm, value 1.00) fit 0.8147->0.6256 held-out 0.7969->0.5652 (2 of 2) rejected [] [50s]
   [weak_hip_left_s0] t3 pick lateral side +0 (oracle lateral, value 1.00) fit 0.3418->0.2619 held-out 0.4972->0.4958 (1 of 2) rejected [] [223s]
   [short_shank_left_s0] t1 declined: lateral held-out 0.6772 >= 0.5210 (0 of 2 runs lower); torso held-out 0.5878 >= 0.5210 (0 of 2 runs lower); hold held-out 0.5341 >= 0.5210 (0 of 2 runs lower); arms spent [114s]
short_shank_left_s0    [design] designed None+0 v0 0.573/0.680 -> 0.499/0.521 added ['weak+1'] [114s]
   [stump_left_s0] t1 pick vault  side +0 (oracle lateral, value 0.74) fit 0.6256->0.5845 held-out 0.5652->0.5532 (1 of 2) rejected ['lateral', 'legs'] [98s]
   [weak_hip_left_s0] t4 declined: weak spent; lateral spent; torso spent; stiff spent [272s]
weak_hip_left_s0       [design] designed None+0 v0 0.501/0.560 -> 0.262/0.496 added ['torso', 'hold+1', 'weak-1', 'lateral'] [272s]
   [noleg_left_s0] t0 pick lateral side +0 (oracle lateral, value 1.00) fit 0.4787->0.3449 held-out 0.7481->0.5836 (2 of 2) rejected [] [49s]
   [nolegs_s0] t0 pick torso  side +0 (oracle arms, value 0.69) fit 0.8337->0.8017 held-out 1.0170->1.0000 (2 of 2) rejected ['arms', 'rhythm'] [13s]
   [nolegs_s0] t1 declined: arms held-out 1.0234 >= 1.0000 (0 of 2 runs lower); rhythm held-out 1.0178 >= 1.0000 (0 of 2 runs lower); torso spent; vault spent [24s]
nolegs_s0              [design] designed vault+0 v0 0.834/1.017 -> 0.802/1.000 added ['torso'] [24s]
   [stump_left_s0] t2 declined: lateral held-out 0.5992 >= 0.5532 (0 of 2 runs lower); legs held-out 0.5689 >= 0.5532 (0 of 2 runs lower); weak spent; arms spent [148s]
stump_left_s0          [design] designed limp-1 v0 0.815/0.797 -> 0.584/0.553 added ['rhythm', 'vault'] [148s]
   [noleg_left_s0] t1 pick weak   side +1 (oracle legs, value 0.44) fit 0.3449->0.3305 held-out 0.5836->0.5812 (1 of 2) rejected ['legs', 'lateral', 'torso', 'vault'] [96s]
   [weak_hip_right_s0] t0 pick weak   side -1 (oracle lateral, value 0.86) fit 0.6132->0.4338 held-out 0.4263->0.3782 (2 of 2) rejected ['lateral'] [60s]
   [noleg_left_s0] t2 pick arms   side +0 (oracle arms, value 1.00) fit 0.3305->0.3189 held-out 0.5812->0.5803 (1 of 2) rejected [] [140s]
   [locked_knee_right_s0] t0 pick stiff  side +1 (oracle lateral, value 0.96) fit 0.7167->0.4953 held-out 0.6298->0.6156 (2 of 2) rejected ['lateral'] [59s]
   [weak_hip_right_s0] t1 declined: lateral guard: speed; weak guard: speed; arms held-out 0.3873 >= 0.3782 (0 of 2 runs lower); rhythm held-out 0.3987 >= 0.3782 (0 of 2 runs lower) [118s]
   [noleg_left_s0] t3 declined: lateral held-out 0.6447 >= 0.5803 (1 of 2 runs lower); torso spent; arms spent; stiff spent [180s]
weak_hip_right_s0      [transfer] designed None+0 v0 0.613/0.426 -> 0.434/0.378 added ['weak-1'] [118s]
noleg_left_s0          [design] designed None+0 v0 0.479/0.748 -> 0.319/0.580 added ['lateral', 'weak+1', 'arms'] [180s]
   [locked_knee_right_s0] t1 pick legs   side +0 (oracle lateral, value 0.78) fit 0.4953->0.4547 held-out 0.6156->0.4804 (2 of 2) rejected ['lateral'] [115s]
   [stump_right_s0] t0 pick lateral side +0 (oracle lateral, value 1.00) fit 0.4374->0.3911 held-out 0.6500->0.6289 (1 of 2) rejected [] [50s]
   [short_shank_right_s0] t0 declined: weak held-out 0.6850 >= 0.5689 (1 of 2 runs lower); lateral held-out 0.6430 >= 0.5689 (1 of 2 runs lower); limp held-out 0.6743 >= 0.5689 (1 of 2 runs lower); vault held-out 0.6659 >= 0.5689 (1 of 2 runs lower) [60s]
short_shank_right_s0   [transfer] designed None+0 v0 0.630/0.569 -> 0.630/0.569 added [] [60s]
   [locked_knee_right_s0] t2 pick stiff  side +1 (oracle lateral, value 0.10) fit 0.4547->0.4496 held-out 0.4804->0.4803 (1 of 2) rejected ['lateral', 'limp'] [172s]
   [stump_right_s0] t1 pick rhythm side +0 (oracle rhythm, value 1.00) fit 0.3911->0.3655 held-out 0.6289->0.6094 (1 of 2) rejected [] [92s]
   [noleg_right_s0] t0 pick lateral side +0 (oracle lateral, value 1.00) fit 0.5353->0.3810 held-out 0.4421->0.4379 (1 of 2) rejected [] [49s]
   [locked_knee_right_s0] t3 declined: lateral held-out 0.6636 >= 0.4803 (0 of 2 runs lower); torso held-out 0.4967 >= 0.4803 (0 of 2 runs lower); limp held-out 0.4816 >= 0.4803 (0 of 2 runs lower); stiff spent [226s]
locked_knee_right_s0   [transfer] designed stiff+1 v0 0.717/0.630 -> 0.450/0.480 added ['stiff+1', 'legs', 'stiff+1'] [226s]
   [stump_right_s0] t2 declined: weak held-out 0.6253 >= 0.6094 (1 of 2 runs lower); hold held-out 0.6230 >= 0.6094 (0 of 2 runs lower); legs held-out 0.6345 >= 0.6094 (0 of 2 runs lower); lateral held-out 0.6206 >= 0.6094 (1 of 2 runs lower) [139s]
stump_right_s0         [transfer] designed limp+1 v0 0.437/0.650 -> 0.365/0.609 added ['lateral', 'rhythm'] [139s]
   [noleg_right_s0] t1 pick weak   side +1 (oracle torso, value 0.12) fit 0.3810->0.3744 held-out 0.4379->0.4354 (2 of 2) rejected ['torso', 'limp', 'stiff', 'rhythm', 'vault'] [91s]
   [nolegs_s1] t0 pick torso  side +0 (oracle torso, value 1.00) fit 1.0279->0.9990 held-out 0.9199->0.9053 (1 of 2) rejected [] [12s]
   [nolegs_s1] t1 pick arms   side +0 (oracle arms, value 1.00) fit 0.9990->0.9531 held-out 0.9053->0.8606 (2 of 2) rejected [] [19s]
   [nolegs_s1] t2 pick torso  side +0 (oracle torso, value 1.00) fit 0.9531->0.9346 held-out 0.8606->0.8526 (1 of 2) rejected [] [31s]
   [nolegs_s1] t3 declined: rhythm spent; arms spent; torso spent; vault spent [38s]
nolegs_s1              [transfer] designed vault+0 v0 1.028/0.920 -> 0.935/0.853 added ['torso', 'arms', 'torso'] [38s]
   [intact_s1] t0 pick legs   side +0 (oracle legs, value 1.00) fit 0.5043->0.3561 held-out 0.4802->0.4087 (2 of 2) rejected [] [59s]
   [noleg_right_s0] t2 pick weak   side +1 (oracle torso, value 0.17) fit 0.3744->0.3652 held-out 0.4354->0.4314 (2 of 2) rejected ['torso', 'limp', 'stiff', 'rhythm', 'vault'] [133s]
   [noleg_right_s0] t3 pick legs   side +0 (oracle torso, value 0.34) fit 0.3652->0.3480 held-out 0.4314->0.4235 (2 of 2) rejected ['torso', 'limp'] [172s]
   [intact_s1] t1 pick lateral side +0 (oracle lateral, value 1.00) fit 0.3561->0.3519 held-out 0.4087->0.3987 (2 of 2) rejected [] [115s]
   [noleg_right_s0] t4 pick weak   side +1 (oracle torso, value 0.30) fit 0.3480->0.3371 held-out 0.4235->0.4143 (2 of 2) rejected ['torso'] [212s]
   [intact_s1] t2 declined: legs spent; lateral spent; stiff spent; limp spent [167s]
intact_s1              [transfer] designed None+0 v0 0.504/0.480 -> 0.352/0.399 added ['legs', 'lateral'] [167s]
   [noleg_right_s0] t5 declined: torso held-out 0.4524 >= 0.4143 (0 of 2 runs lower); lateral held-out 0.4240 >= 0.4143 (0 of 2 runs lower); arms held-out 0.4214 >= 0.4143 (0 of 2 runs lower); rhythm held-out 0.4358 >= 0.4143 (0 of 2 runs lower) [254s]
noleg_right_s0         [transfer] designed None+0 v0 0.535/0.442 -> 0.337/0.414 added ['lateral', 'weak+1', 'weak+1', 'legs', 'weak+1'] [254s]
done: 14 cases in 732s -> poc/results/g13.json
