   [locked_knee_left_s0/projection] t0 pick hop    side +0 oracle legs   value 0.09 E 0.7653->0.7425 [33s]
   [intact_s0/projection] t0 pick stiff  side +1 oracle torso  value 0.06 E 0.2997->0.2997 [35s]
   [intact_s0/projection] t1 pick torso  side +0 oracle torso  value 1.00 E 0.2997->0.2752 [35s]
   [weak_hip_left_s0/projection] t0 pick vault  side +0 oracle torso  value 0.68 E 0.5083->0.4813 [36s]
   [weak_hip_left_s0/projection] t1 pick kneel  side +0 oracle torso  value 0.00 E 0.4813->0.4813 [67s]
   [weak_hip_left_s0/projection] t2 pick stiff  side -1 oracle torso  value 0.56 E 0.4813->0.4677 [67s]
   [intact_s0/projection] t2 pick vault  side +0 oracle vault  value 1.00 E 0.2752->0.2677 [67s]
   [locked_knee_left_s0/projection] t1 pick stiff  side -1 oracle legs   value 0.61 E 0.7425->0.6110 [68s]
   [weak_hip_left_s0/projection] t3 pick limp   side -1 oracle torso  value 0.04 E 0.4677->0.4677 [98s]
   [weak_hip_left_s0/projection] t4 pick vault  side +0 oracle torso  value 0.00 E 0.4677->0.4677 [99s]
   [weak_hip_left_s0/projection] t5 pick weak   side -1 oracle torso  value 0.54 E 0.4677->0.4571 [99s]
   [intact_s0/projection] t3 pick limp   side -1 oracle weak   value 0.03 E 0.2677->0.2677 [99s]
   [intact_s0/projection] t4 pick weak   side -1 oracle weak   value 1.00 E 0.2677->0.2584 [100s]
   [locked_knee_left_s0/projection] t2 pick legs   side +0 oracle legs   value 1.00 E 0.6110->0.4413 [102s]
   [intact_s0/projection] t5 pick legs   side +0 oracle torso  value 0.00 E 0.2584->0.2584 [129s]
   [weak_hip_left_s0/oracle] t0 pick torso  side +0 oracle torso  value 1.00 E 0.5083->0.4689 [134s]
   [locked_knee_left_s0/projection] t3 pick kneel  side +1 oracle torso  value 0.47 E 0.4413->0.4284 [136s]
   [intact_s0/oracle] t0 pick torso  side +0 oracle torso  value 1.00 E 0.2997->0.2752 [163s]
   [weak_hip_left_s0/oracle] t1 pick legs   side +0 oracle legs   value 1.00 E 0.4689->0.4431 [166s]
   [locked_knee_left_s0/projection] t4 pick vault  side +0 oracle torso  value 0.37 E 0.4284->0.4174 [167s]
   [intact_s0/oracle] t1 pick vault  side +0 oracle vault  value 1.00 E 0.2752->0.2677 [196s]
   [locked_knee_left_s0/projection] t5 pick vault  side +0 oracle torso  value 0.00 E 0.4174->0.4174 [197s]
   [weak_hip_left_s0/oracle] t2 pick arms   side +0 oracle arms   value 1.00 E 0.4431->0.4328 [199s]
   [intact_s0/oracle] t2 pick weak   side -1 oracle weak   value 1.00 E 0.2677->0.2584 [228s]
   [weak_hip_left_s0/oracle] t3 pick limp   side -1 oracle limp   value 1.00 E 0.4328->0.4328 [231s]
   [weak_hip_left_s0/oracle] t4 pick stiff  side -1 oracle stiff  value 1.00 E 0.4328->0.4328 [233s]
   [locked_knee_left_s0/oracle] t0 pick legs   side +0 oracle legs   value 1.00 E 0.7653->0.5197 [233s]
   [weak_hip_left_s0/oracle] t5 pick rhythm side +0 oracle rhythm value 1.00 E 0.4328->0.4328 [233s]
   [intact_s0/oracle] t3 pick limp   side -1 oracle limp   value 1.00 E 0.2584->0.2584 [258s]
   [intact_s0/oracle] t4 pick torso  side +0 oracle torso  value 1.00 E 0.2584->0.2584 [258s]
   [intact_s0/oracle] t5 pick stiff  side +0 oracle stiff  value 1.00 E 0.2584->0.2584 [258s]
   [locked_knee_left_s0/oracle] t1 pick stiff  side -1 oracle stiff  value 1.00 E 0.5197->0.4743 [264s]
   [intact_s0/oracle_safe] t0 pick arms   side +0 oracle torso  value 0.11 E 0.2997->0.2997 [293s]
   [locked_knee_left_s0/oracle] t2 pick limp   side -1 oracle limp   value 1.00 E 0.4743->0.4418 [296s]
   [intact_s0/oracle_safe] t1 pick kneel  side +0 oracle torso  value 0.00 E 0.2997->0.2997 [305s]
   [locked_knee_left_s0/oracle] t3 pick arms   side +0 oracle arms   value 1.00 E 0.4418->0.4314 [331s]
intact_s0              [design] designed None+0 v0 0.300 | projection 0.258 [('torso', 0), ('vault', 0), ('weak', -1)] oracle 0.258 [('torso', 0), ('vault', 0), ('weak', -1)] oracle_safe 0.300 [] | floor 0.257 [348s]
   [locked_knee_left_s0/oracle] t4 pick kneel  side +1 oracle kneel  value 1.00 E 0.4314->0.4214 [362s]
   [short_shank_left_s0/projection] t0 pick limp   side -1 oracle legs   value 0.10 E 0.3341->0.3303 [33s]
weak_hip_left_s0       [design] designed None+0 v0 0.508 | projection 0.457 [('vault', 0), ('stiff', -1), ('weak', -1)] oracle 0.433 [('torso', 0), ('legs', 0), ('arms', 0)] oracle_safe 0.508 [] | floor 0.422 [389s]
   [locked_knee_left_s0/oracle] t5 pick torso  side +0 oracle torso  value 1.00 E 0.4214->0.3794 [391s]
   [short_shank_left_s0/projection] t1 pick limp   side -1 oracle legs   value 0.00 E 0.3303->0.3303 [64s]
   [short_shank_left_s0/projection] t2 pick weak   side -1 oracle legs   value 0.07 E 0.3303->0.3303 [65s]
   [short_shank_left_s0/projection] t3 pick torso  side +0 oracle legs   value -0.01 E 0.3303->0.3303 [65s]
   [short_shank_left_s0/projection] t4 pick legs   side +0 oracle legs   value 1.00 E 0.3303->0.2946 [65s]
   [stump_left_s0/projection] t0 pick hop    side +0 oracle legs   value 0.86 E 0.4939->0.3341 [31s]
   [locked_knee_left_s0/oracle_safe] t0 pick arms   side +0 oracle legs   value 0.03 E 0.7653->0.7653 [426s]
   [locked_knee_left_s0/oracle_safe] t1 pick kneel  side +0 oracle legs   value 0.00 E 0.7653->0.7653 [436s]
   [short_shank_left_s0/projection] t5 pick rhythm side +0 oracle legs   value -0.25 E 0.2946->0.2946 [100s]
   [stump_left_s0/projection] t1 pick hop    side +0 oracle rhythm value 0.00 E 0.3341->0.3341 [61s]
   [stump_left_s0/projection] t2 pick torso  side +0 oracle rhythm value 0.53 E 0.3341->0.3196 [61s]
   [stump_left_s0/projection] t3 pick kneel  side -1 oracle rhythm value 0.22 E 0.3196->0.3134 [89s]
   [short_shank_left_s0/oracle] t0 pick legs   side +0 oracle legs   value 1.00 E 0.3341->0.2944 [135s]
locked_knee_left_s0    [design] designed stiff-1 v0 0.765 | projection 0.417 [('hop', 0), ('stiff', -1), ('legs', 0), ('kneel', 1), ('vault', 0)] oracle 0.379 [('legs', 0), ('stiff', -1), ('limp', -1), ('arms', 0), ('kneel', 1), ('torso', 0)] oracle_safe 0.765 [] | floor 0.372 [501s]
   [stump_left_s0/projection] t4 pick weak   side -1 oracle rhythm value 0.15 E 0.3134->0.3134 [117s]
   [stump_left_s0/projection] t5 pick limp   side +1 oracle rhythm value 0.30 E 0.3134->0.3072 [117s]
   [short_shank_left_s0/oracle] t1 pick arms   side +0 oracle arms   value 1.00 E 0.2944->0.2944 [169s]
   [short_shank_left_s0/oracle] t2 pick weak   side -1 oracle weak   value 1.00 E 0.2944->0.2944 [169s]
   [short_shank_left_s0/oracle] t3 pick stiff  side -1 oracle stiff  value 1.00 E 0.2944->0.2944 [170s]
   [short_shank_left_s0/oracle] t4 pick limp   side -1 oracle limp   value 1.00 E 0.2944->0.2944 [170s]
   [short_shank_left_s0/oracle] t5 pick kneel  side +0 oracle kneel  value 1.00 E 0.2944->0.2944 [170s]
   [noleg_left_s0/projection] t0 pick hop    side +0 oracle hop    value 1.00 E 0.5707->0.5024 [28s]
   [stump_left_s0/oracle] t0 pick legs   side +0 oracle legs   value 1.00 E 0.4939->0.3079 [148s]
   [short_shank_left_s0/oracle_safe] t0 pick arms   side +0 oracle legs   value 0.06 E 0.3341->0.3341 [204s]
   [noleg_left_s0/projection] t1 pick vault  side +0 oracle torso  value 0.74 E 0.5024->0.4792 [55s]
   [stump_left_s0/oracle] t1 pick kneel  side -1 oracle kneel  value 1.00 E 0.3079->0.2744 [176s]
   [noleg_left_s0/projection] t2 pick torso  side +0 oracle torso  value 1.00 E 0.4792->0.4502 [84s]
   [stump_left_s0/oracle] t2 pick torso  side +0 oracle torso  value 1.00 E 0.2744->0.2545 [205s]
   [noleg_left_s0/projection] t3 pick torso  side +0 oracle rhythm value 0.00 E 0.4502->0.4502 [110s]
   [noleg_left_s0/projection] t4 pick hop    side +0 oracle rhythm value 0.68 E 0.4502->0.4427 [110s]
   [stump_left_s0/oracle] t3 pick legs   side +0 oracle legs   value 1.00 E 0.2545->0.2467 [234s]
short_shank_left_s0    [design] designed None+0 v0 0.334 | projection 0.295 [('limp', -1), ('legs', 0)] oracle 0.294 [('legs', 0)] oracle_safe 0.334 [] | floor 0.291 [280s]
   [noleg_left_s0/projection] t5 pick rhythm side +0 oracle legs   value 0.21 E 0.4427->0.4427 [135s]
   [nolegs_s0/projection] t0 pick vault  side +0 oracle vault  value 1.00 E 0.7284->0.4000 [9s]
   [nolegs_s0/projection] t1 pick torso  side +0 oracle rhythm value 0.91 E 0.4000->0.3764 [15s]
   [stump_left_s0/oracle] t4 pick rhythm side +0 oracle rhythm value 1.00 E 0.2467->0.2292 [260s]
   [nolegs_s0/projection] t2 pick arms   side +0 oracle rhythm value 0.14 E 0.3764->0.3718 [22s]
   [nolegs_s0/projection] t3 pick vault  side +0 oracle rhythm value 0.00 E 0.3718->0.3718 [29s]
   [nolegs_s0/projection] t4 pick torso  side +0 oracle rhythm value 0.00 E 0.3718->0.3718 [29s]
   [nolegs_s0/projection] t5 pick rhythm side +0 oracle rhythm value 1.00 E 0.3718->0.3428 [29s]
   [nolegs_s0/oracle] t0 pick vault  side +0 oracle vault  value 1.00 E 0.7284->0.4000 [29s]
   [nolegs_s0/oracle] t1 pick rhythm side +0 oracle rhythm value 1.00 E 0.4000->0.3741 [29s]
   [noleg_left_s0/oracle] t0 pick hop    side +0 oracle hop    value 1.00 E 0.5707->0.5024 [163s]
   [nolegs_s0/oracle] t2 pick torso  side +0 oracle torso  value 1.00 E 0.3741->0.3377 [36s]
   [nolegs_s0/oracle] t3 pick vault  side +0 oracle vault  value 1.00 E 0.3377->0.3377 [42s]
   [stump_left_s0/oracle] t5 pick legs   side +0 oracle legs   value 1.00 E 0.2292->0.2243 [286s]
   [nolegs_s0/oracle] t4 pick rhythm side +0 oracle rhythm value 1.00 E 0.3377->0.3377 [47s]
   [nolegs_s0/oracle] t5 pick torso  side +0 oracle torso  value 1.00 E 0.3377->0.3377 [47s]
   [nolegs_s0/oracle_safe] t0 pick rhythm side +0 oracle vault  value 0.15 E 0.7284->0.6775 [57s]
   [noleg_left_s0/oracle] t1 pick torso  side +0 oracle torso  value 1.00 E 0.5024->0.4711 [191s]
   [nolegs_s0/oracle_safe] t1 pick rhythm side +0 oracle vault  value 0.00 E 0.6775->0.6775 [66s]
   [stump_left_s0/oracle_safe] t0 pick hop    side +0 oracle legs   value 0.86 E 0.4939->0.3341 [318s]
   [noleg_left_s0/oracle] t2 pick arms   side +0 oracle arms   value 1.00 E 0.4711->0.4456 [216s]
nolegs_s0              [design] designed vault+0 v0 0.728 | projection 0.343 [('vault', 0), ('torso', 0), ('arms', 0), ('rhythm', 0)] oracle 0.338 [('vault', 0), ('rhythm', 0), ('torso', 0)] oracle_safe 0.678 [('rhythm', 0)] | floor 0.326 [98s]
   [stump_left_s0/oracle_safe] t1 pick arms   side +0 oracle rhythm value 0.12 E 0.3341->0.3341 [346s]
   [stump_left_s0/oracle_safe] t2 pick stiff  side -1 oracle rhythm value 0.00 E 0.3341->0.3341 [347s]
   [stump_left_s0/oracle_safe] t3 pick hop    side +0 oracle rhythm value 0.00 E 0.3341->0.3341 [347s]
   [noleg_left_s0/oracle] t3 pick legs   side +0 oracle legs   value 1.00 E 0.4456->0.4456 [243s]
   [noleg_left_s0/oracle] t4 pick rhythm side +0 oracle rhythm value 1.00 E 0.4456->0.4456 [246s]
   [noleg_left_s0/oracle] t5 pick hop    side +0 oracle hop    value 1.00 E 0.4456->0.4456 [246s]
   [weak_hip_right_s0/projection] t0 pick limp   side -1 oracle torso  value 0.00 E 0.4697->0.4697 [36s]
   [weak_hip_right_s0/projection] t1 pick legs   side +0 oracle torso  value 0.42 E 0.4697->0.4467 [36s]
   [noleg_left_s0/oracle_safe] t0 pick stiff  side -1 oracle hop    value 0.00 E 0.5707->0.5707 [275s]
   [noleg_left_s0/oracle_safe] t1 pick weak   side -1 oracle hop    value 0.00 E 0.5707->0.5707 [276s]
   [weak_hip_right_s0/projection] t2 pick stiff  side +1 oracle torso  value 0.27 E 0.4467->0.4360 [69s]
   [weak_hip_right_s0/projection] t3 pick vault  side +0 oracle torso  value 0.45 E 0.4360->0.4202 [99s]
noleg_left_s0          [design] designed hop+0 v0 0.571 | projection 0.443 [('hop', 0), ('vault', 0), ('torso', 0), ('hop', 0)] oracle 0.446 [('hop', 0), ('torso', 0), ('arms', 0)] oracle_safe 0.571 [] | floor 0.426 [326s]
   [weak_hip_right_s0/projection] t4 pick torso  side +0 oracle torso  value 1.00 E 0.4202->0.3945 [131s]
   [locked_knee_right_s0/projection] t0 pick hop    side +0 oracle legs   value -0.01 E 0.7688->0.7688 [34s]
   [locked_knee_right_s0/projection] t1 pick limp   side -1 oracle legs   value 0.00 E 0.7688->0.7688 [34s]
   [locked_knee_right_s0/projection] t2 pick kneel  side +0 oracle legs   value 0.00 E 0.7688->0.7688 [34s]
   [locked_knee_right_s0/projection] t3 pick legs   side +0 oracle legs   value 1.00 E 0.7688->0.6082 [34s]
stump_left_s0          [design] designed kneel-1 v0 0.494 | projection 0.307 [('hop', 0), ('torso', 0), ('kneel', -1), ('limp', 1)] oracle 0.224 [('legs', 0), ('kneel', -1), ('torso', 0), ('legs', 0), ('rhythm', 0), ('legs', 0)] oracle_safe 0.334 [('hop', 0)] | floor 0.224 [477s]
   [weak_hip_right_s0/projection] t5 pick torso  side +0 oracle legs   value 0.00 E 0.3945->0.3945 [162s]
   [locked_knee_right_s0/projection] t4 pick legs   side +0 oracle stiff  value 0.72 E 0.6082->0.5405 [68s]
   [short_shank_right_s0/projection] t0 pick weak   side +1 oracle rhythm value 0.55 E 0.3166->0.3073 [35s]
   [weak_hip_right_s0/oracle] t0 pick torso  side +0 oracle torso  value 1.00 E 0.4697->0.4150 [197s]
   [locked_knee_right_s0/projection] t5 pick torso  side +0 oracle torso  value 1.00 E 0.5405->0.4617 [101s]
   [short_shank_right_s0/projection] t1 pick legs   side +0 oracle rhythm value -0.00 E 0.3073->0.3073 [72s]
   [weak_hip_right_s0/oracle] t1 pick legs   side +0 oracle legs   value 1.00 E 0.4150->0.3889 [232s]
   [locked_knee_right_s0/oracle] t0 pick legs   side +0 oracle legs   value 1.00 E 0.7688->0.6082 [135s]
   [short_shank_right_s0/projection] t2 pick stiff  side +1 oracle rhythm value 0.12 E 0.3073->0.3073 [103s]
   [short_shank_right_s0/projection] t3 pick weak   side +1 oracle rhythm value 0.00 E 0.3073->0.3073 [103s]
   [short_shank_right_s0/projection] t4 pick rhythm side +0 oracle rhythm value 1.00 E 0.3073->0.2976 [103s]
   [weak_hip_right_s0/oracle] t2 pick stiff  side +1 oracle stiff  value 1.00 E 0.3889->0.3717 [265s]
   [locked_knee_right_s0/oracle] t1 pick stiff  side +1 oracle stiff  value 1.00 E 0.6082->0.5143 [169s]
   [short_shank_right_s0/projection] t5 pick vault  side +0 oracle arms   value -15.88 E 0.2976->0.2976 [133s]
   [locked_knee_right_s0/oracle] t2 pick torso  side +0 oracle torso  value 1.00 E 0.5143->0.4576 [198s]
   [weak_hip_right_s0/oracle] t3 pick arms   side +0 oracle arms   value 1.00 E 0.3717->0.3552 [299s]
   [short_shank_right_s0/oracle] t0 pick rhythm side +0 oracle rhythm value 1.00 E 0.3166->0.2996 [167s]
   [locked_knee_right_s0/oracle] t3 pick rhythm side +0 oracle rhythm value 1.00 E 0.4576->0.4007 [229s]
   [weak_hip_right_s0/oracle] t4 pick weak   side +1 oracle weak   value 1.00 E 0.3552->0.3480 [330s]
   [short_shank_right_s0/oracle] t1 pick weak   side +1 oracle weak   value 1.00 E 0.2996->0.2954 [201s]
   [locked_knee_right_s0/oracle] t4 pick stiff  side +1 oracle stiff  value 1.00 E 0.4007->0.3602 [258s]
   [weak_hip_right_s0/oracle] t5 pick kneel  side -1 oracle kneel  value 1.00 E 0.3480->0.3375 [362s]
   [short_shank_right_s0/oracle] t2 pick arms   side +0 oracle arms   value 1.00 E 0.2954->0.2954 [233s]
   [short_shank_right_s0/oracle] t3 pick stiff  side +1 oracle stiff  value 1.00 E 0.2954->0.2954 [235s]
   [short_shank_right_s0/oracle] t4 pick rhythm side +0 oracle rhythm value 1.00 E 0.2954->0.2954 [235s]
   [short_shank_right_s0/oracle] t5 pick limp   side -1 oracle limp   value 1.00 E 0.2954->0.2954 [236s]
   [locked_knee_right_s0/oracle] t5 pick arms   side +0 oracle arms   value 1.00 E 0.3602->0.3493 [286s]
   [weak_hip_right_s0/oracle_safe] t0 pick arms   side +0 oracle torso  value 0.23 E 0.4697->0.4570 [397s]
   [short_shank_right_s0/oracle_safe] t0 pick limp   side -1 oracle rhythm value 0.00 E 0.3166->0.3166 [271s]
   [short_shank_right_s0/oracle_safe] t1 pick kneel  side +0 oracle rhythm value 0.00 E 0.3166->0.3166 [271s]
   [locked_knee_right_s0/oracle_safe] t0 pick arms   side +0 oracle legs   value 0.04 E 0.7688->0.7688 [320s]
   [locked_knee_right_s0/oracle_safe] t1 pick limp   side -1 oracle legs   value 0.00 E 0.7688->0.7688 [320s]
   [locked_knee_right_s0/oracle_safe] t2 pick kneel  side +0 oracle legs   value 0.00 E 0.7688->0.7688 [321s]
   [weak_hip_right_s0/oracle_safe] t1 pick arms   side +0 oracle torso  value 0.00 E 0.4570->0.4570 [430s]
   [weak_hip_right_s0/oracle_safe] t2 pick limp   side -1 oracle torso  value 0.00 E 0.4570->0.4570 [439s]
   [weak_hip_right_s0/oracle_safe] t3 pick kneel  side +0 oracle torso  value 0.00 E 0.4570->0.4570 [439s]
short_shank_right_s0   [transfer] designed None+0 v0 0.317 | projection 0.298 [('weak', 1), ('rhythm', 0)] oracle 0.295 [('rhythm', 0), ('weak', 1)] oracle_safe 0.317 [] | floor 0.295 [315s]
locked_knee_right_s0   [transfer] designed stiff+1 v0 0.769 | projection 0.462 [('legs', 0), ('legs', 0), ('torso', 0)] oracle 0.349 [('legs', 0), ('stiff', 1), ('torso', 0), ('rhythm', 0), ('stiff', 1), ('arms', 0)] oracle_safe 0.769 [] | floor 0.348 [384s]
   [stump_right_s0/projection] t0 pick hop    side +0 oracle hop    value 1.00 E 0.5380->0.3910 [31s]
   [noleg_right_s0/projection] t0 pick hop    side +0 oracle legs   value 0.93 E 0.4573->0.3678 [28s]
   [stump_right_s0/projection] t1 pick kneel  side +1 oracle kneel  value 1.00 E 0.3910->0.3398 [59s]
weak_hip_right_s0      [transfer] designed None+0 v0 0.470 | projection 0.395 [('legs', 0), ('stiff', 1), ('vault', 0), ('torso', 0)] oracle 0.337 [('torso', 0), ('legs', 0), ('stiff', 1), ('arms', 0), ('weak', 1), ('kneel', -1)] oracle_safe 0.457 [('arms', 0)] | floor 0.337 [521s]
   [noleg_right_s0/projection] t1 pick torso  side +0 oracle torso  value 1.00 E 0.3678->0.2864 [55s]
   [stump_right_s0/projection] t2 pick stiff  side +1 oracle legs   value 0.02 E 0.3398->0.3398 [86s]
   [stump_right_s0/projection] t3 pick limp   side -1 oracle legs   value 0.15 E 0.3398->0.3398 [87s]
   [stump_right_s0/projection] t4 pick legs   side +0 oracle legs   value 1.00 E 0.3398->0.3209 [87s]
   [intact_s1/projection] t0 pick legs   side +0 oracle legs   value 1.00 E 0.4879->0.4428 [35s]
   [noleg_right_s0/projection] t2 pick weak   side +0 oracle legs   value 0.00 E 0.2864->0.2864 [80s]
   [noleg_right_s0/projection] t3 pick arms   side +0 oracle legs   value 0.66 E 0.2864->0.2685 [80s]
   [stump_right_s0/projection] t5 pick weak   side -1 oracle kneel  value 0.49 E 0.3209->0.3173 [115s]
   [noleg_right_s0/projection] t4 pick stiff  side +0 oracle rhythm value 0.00 E 0.2685->0.2685 [105s]
   [noleg_right_s0/projection] t5 pick legs   side +0 oracle rhythm value 0.69 E 0.2685->0.2509 [106s]
   [intact_s1/projection] t1 pick limp   side -1 oracle rhythm value 0.05 E 0.4428->0.4428 [71s]
   [stump_right_s0/oracle] t0 pick hop    side +0 oracle hop    value 1.00 E 0.5380->0.3910 [146s]
   [noleg_right_s0/oracle] t0 pick legs   side +0 oracle legs   value 1.00 E 0.4573->0.3609 [133s]
   [intact_s1/projection] t2 pick weak   side +1 oracle rhythm value 0.31 E 0.4428->0.4345 [102s]
   [stump_right_s0/oracle] t1 pick kneel  side +1 oracle kneel  value 1.00 E 0.3910->0.3398 [173s]
   [noleg_right_s0/oracle] t1 pick torso  side +0 oracle torso  value 1.00 E 0.3609->0.2815 [160s]
   [stump_right_s0/oracle] t2 pick legs   side +0 oracle legs   value 1.00 E 0.3398->0.3209 [200s]
   [intact_s1/projection] t3 pick vault  side +0 oracle torso  value 0.58 E 0.4345->0.4223 [134s]
   [noleg_right_s0/oracle] t2 pick rhythm side +0 oracle rhythm value 1.00 E 0.2815->0.2618 [184s]
   [stump_right_s0/oracle] t3 pick kneel  side +1 oracle kneel  value 1.00 E 0.3209->0.3137 [228s]
   [intact_s1/projection] t4 pick vault  side +0 oracle legs   value 0.00 E 0.4223->0.4223 [166s]
   [intact_s1/projection] t5 pick kneel  side +0 oracle legs   value 0.00 E 0.4223->0.4223 [166s]
   [noleg_right_s0/oracle] t3 pick arms   side +0 oracle arms   value 1.00 E 0.2618->0.2445 [206s]
   [stump_right_s0/oracle] t4 pick torso  side +0 oracle torso  value 1.00 E 0.3137->0.3087 [254s]
   [noleg_right_s0/oracle] t4 pick weak   side -1 oracle weak   value 1.00 E 0.2445->0.2445 [231s]
   [intact_s1/oracle] t0 pick legs   side +0 oracle legs   value 1.00 E 0.4879->0.4428 [201s]
   [noleg_right_s0/oracle] t5 pick limp   side -1 oracle limp   value 1.00 E 0.2445->0.2445 [238s]
   [stump_right_s0/oracle] t5 pick vault  side +0 oracle vault  value 1.00 E 0.3087->0.2985 [281s]
   [noleg_right_s0/oracle_safe] t0 pick legs   side +0 oracle legs   value 1.00 E 0.4573->0.3609 [267s]
   [intact_s1/oracle] t1 pick rhythm side +0 oracle rhythm value 1.00 E 0.4428->0.4157 [236s]
   [noleg_right_s0/oracle_safe] t1 pick arms   side +0 oracle torso  value 0.20 E 0.3609->0.3452 [294s]
   [intact_s1/oracle] t2 pick legs   side +0 oracle legs   value 1.00 E 0.4157->0.3968 [268s]
   [intact_s1/oracle] t3 pick vault  side +0 oracle vault  value 1.00 E 0.3968->0.3806 [296s]
   [intact_s1/oracle] t4 pick arms   side +0 oracle arms   value 1.00 E 0.3806->0.3806 [323s]
   [intact_s1/oracle] t5 pick legs   side +0 oracle legs   value 1.00 E 0.3806->0.3806 [324s]
stump_right_s0         [transfer] designed kneel+1 v0 0.538 | projection 0.317 [('hop', 0), ('kneel', 1), ('legs', 0), ('weak', -1)] oracle 0.298 [('hop', 0), ('kneel', 1), ('legs', 0), ('kneel', 1), ('torso', 0), ('vault', 0)] oracle_safe 0.538 [] | floor 0.279 [417s]
   [intact_s1/oracle_safe] t0 pick arms   side +0 oracle legs   value 0.19 E 0.4879->0.4793 [357s]
   [nolegs_s1/projection] t0 pick vault  side +0 oracle vault  value 1.00 E 0.7238->0.3990 [9s]
noleg_right_s0         [transfer] designed hop+0 v0 0.457 | projection 0.251 [('hop', 0), ('torso', 0), ('arms', 0), ('legs', 0)] oracle 0.245 [('legs', 0), ('torso', 0), ('rhythm', 0), ('arms', 0)] oracle_safe 0.345 [('legs', 0), ('arms', 0)] | floor 0.233 [403s]
   [nolegs_s1/projection] t1 pick torso  side +0 oracle torso  value 1.00 E 0.3990->0.3563 [17s]
   [nolegs_s1/projection] t2 pick rhythm side +0 oracle rhythm value 1.00 E 0.3563->0.3069 [23s]
   [nolegs_s1/projection] t3 pick arms   side +0 oracle torso  value -14.27 E 0.3069->0.3069 [29s]
   [nolegs_s1/projection] t4 pick rhythm side +0 oracle torso  value 0.00 E 0.3069->0.3069 [29s]
   [nolegs_s1/projection] t5 pick vault  side +0 oracle torso  value 0.00 E 0.3069->0.3069 [29s]
   [nolegs_s1/oracle] t0 pick vault  side +0 oracle vault  value 1.00 E 0.7238->0.3990 [30s]
   [nolegs_s1/oracle] t1 pick torso  side +0 oracle torso  value 1.00 E 0.3990->0.3563 [30s]
   [nolegs_s1/oracle] t2 pick rhythm side +0 oracle rhythm value 1.00 E 0.3563->0.3069 [30s]
   [nolegs_s1/oracle] t3 pick torso  side +0 oracle torso  value 1.00 E 0.3069->0.3069 [30s]
   [nolegs_s1/oracle] t4 pick rhythm side +0 oracle rhythm value 1.00 E 0.3069->0.3069 [30s]
   [nolegs_s1/oracle] t5 pick vault  side +0 oracle vault  value 1.00 E 0.3069->0.3069 [30s]
   [nolegs_s1/oracle_safe] t0 pick arms   side +0 oracle vault  value 0.93 E 0.7238->0.4220 [30s]
   [intact_s1/oracle_safe] t1 pick arms   side +0 oracle legs   value 0.00 E 0.4793->0.4793 [388s]
   [intact_s1/oracle_safe] t2 pick limp   side -1 oracle legs   value 0.00 E 0.4793->0.4793 [388s]
   [intact_s1/oracle_safe] t3 pick kneel  side +0 oracle legs   value 0.00 E 0.4793->0.4793 [388s]
   [nolegs_s1/oracle_safe] t1 pick arms   side +0 oracle torso  value 0.00 E 0.4220->0.4220 [38s]
nolegs_s1              [transfer] designed vault+0 v0 0.724 | projection 0.307 [('vault', 0), ('torso', 0), ('rhythm', 0)] oracle 0.307 [('vault', 0), ('torso', 0), ('rhythm', 0)] oracle_safe 0.422 [('arms', 0)] | floor 0.306 [71s]
intact_s1              [transfer] designed None+0 v0 0.488 | projection 0.422 [('legs', 0), ('weak', 1), ('vault', 0)] oracle 0.381 [('legs', 0), ('rhythm', 0), ('legs', 0), ('vault', 0)] oracle_safe 0.479 [('arms', 0)] | floor 0.379 [471s]
done: 14 cases in 1718s -> poc/results/g2.json
