   [intact_s0] t0 pick torso  side +0 (oracle torso, value 1.00) fit 0.2997->0.2752 held-out 0.4879->0.4836 rejected [] [31s]
   [locked_knee_left_s0] t0 pick legs   side +0 (oracle legs, value 1.00) fit 0.7653->0.5197 held-out 0.7297->0.5750 rejected [] [32s]
   [weak_hip_left_s0] t0 pick torso  side +0 (oracle torso, value 1.00) fit 0.5083->0.4689 held-out 0.4811->0.4569 rejected [] [34s]
   [locked_knee_left_s0] t1 pick stiff  side -1 (oracle stiff, value 1.00) fit 0.5197->0.4743 held-out 0.5750->0.5420 rejected [] [62s]
   [intact_s0] t1 pick vault  side +0 (oracle vault, value 1.00) fit 0.2752->0.2677 held-out 0.4836->0.4813 rejected [] [62s]
   [weak_hip_left_s0] t1 pick legs   side +0 (oracle legs, value 1.00) fit 0.4689->0.4431 held-out 0.4569->0.3857 rejected [] [65s]
   [intact_s0] t2 pick weak   side -1 (oracle weak, value 1.00) fit 0.2677->0.2584 held-out 0.4813->0.4789 rejected [] [92s]
   [locked_knee_left_s0] t2 pick limp   side -1 (oracle limp, value 1.00) fit 0.4743->0.4418 held-out 0.5420->0.4801 rejected [] [93s]
   [weak_hip_left_s0] t2 declined: arms held-out 0.4369 >= 0.3857; rhythm held-out 0.4283 >= 0.3857; limp spent; hop spent [95s]
weak_hip_left_s0       [design] designed None+0 v0 0.508/0.481 -> 0.443/0.386 added ['torso', 'legs'] [95s]
   [intact_s0] t3 declined: limp spent; torso spent; stiff spent; kneel spent [119s]
intact_s0              [design] designed None+0 v0 0.300/0.488 -> 0.258/0.479 added ['torso', 'vault', 'weak-1'] [119s]
   [locked_knee_left_s0] t3 pick arms   side +0 (oracle arms, value 1.00) fit 0.4418->0.4314 held-out 0.4801->0.4737 rejected [] [124s]
   [short_shank_left_s0] t0 pick rhythm side +0 (oracle legs, value 0.51) fit 0.3341->0.3139 held-out 0.4037->0.3927 rejected ['legs'] [32s]
   [stump_left_s0] t0 pick legs   side +0 (oracle legs, value 1.00) fit 0.4939->0.3079 held-out 0.4746->0.4730 rejected [] [28s]
   [locked_knee_left_s0] t4 declined: kneel held-out 0.5414 >= 0.4737; legs held-out 0.5189 >= 0.4737; rhythm spent; hop spent [153s]
locked_knee_left_s0    [design] designed stiff-1 v0 0.765/0.730 -> 0.431/0.474 added ['legs', 'stiff-1', 'limp-1', 'arms'] [153s]
   [short_shank_left_s0] t1 pick legs   side +0 (oracle legs, value 1.00) fit 0.3139->0.3007 held-out 0.3927->0.3819 rejected [] [63s]
   [stump_left_s0] t1 pick kneel  side -1 (oracle kneel, value 1.00) fit 0.3079->0.2744 held-out 0.4730->0.4700 rejected [] [53s]
   [noleg_left_s0] t0 pick hop    side +0 (oracle hop, value 1.00) fit 0.5707->0.5024 held-out 0.4906->0.3903 rejected [] [26s]
   [short_shank_left_s0] t2 pick stiff  side -1 (oracle weak, value 0.68) fit 0.3007->0.2952 held-out 0.3819->0.3817 rejected ['weak'] [94s]
   [stump_left_s0] t2 declined: torso held-out 0.4875 >= 0.4700; rhythm held-out 0.4923 >= 0.4700; arms held-out 0.4723 >= 0.4700; kneel spent [79s]
stump_left_s0          [design] designed kneel-1 v0 0.494/0.475 -> 0.274/0.470 added ['legs', 'kneel-1'] [79s]
   [noleg_left_s0] t1 pick torso  side +0 (oracle torso, value 1.00) fit 0.5024->0.4711 held-out 0.3903->0.3539 rejected [] [50s]
   [nolegs_s0] t0 pick vault  side +0 (oracle vault, value 1.00) fit 0.7284->0.4000 held-out 0.7238->0.4001 rejected [] [9s]
   [nolegs_s0] t1 pick rhythm side +0 (oracle rhythm, value 1.00) fit 0.4000->0.3741 held-out 0.4001->0.3723 rejected [] [15s]
   [short_shank_left_s0] t3 pick limp   side +1 (oracle weak, value 0.55) fit 0.2952->0.2907 held-out 0.3817->0.3737 rejected ['weak'] [122s]
   [nolegs_s0] t2 pick torso  side +0 (oracle torso, value 1.00) fit 0.3741->0.3377 held-out 0.3723->0.3572 rejected [] [21s]
   [nolegs_s0] t3 declined: vault spent; rhythm spent; torso spent; arms spent [26s]
nolegs_s0              [design] designed vault+0 v0 0.728/0.724 -> 0.338/0.357 added ['vault', 'rhythm', 'torso'] [26s]
   [noleg_left_s0] t2 pick arms   side +0 (oracle arms, value 1.00) fit 0.4711->0.4456 held-out 0.3539->0.3448 rejected [] [75s]
   [short_shank_left_s0] t4 pick weak   side -1 (oracle weak, value 1.00) fit 0.2907->0.2829 held-out 0.3737->0.3481 rejected [] [149s]
   [noleg_left_s0] t3 declined: legs spent; rhythm spent; hop spent; torso spent [99s]
noleg_left_s0          [design] designed hop+0 v0 0.571/0.491 -> 0.446/0.345 added ['hop', 'torso', 'arms'] [99s]
   [weak_hip_right_s0] t0 pick torso  side +0 (oracle torso, value 1.00) fit 0.4697->0.4150 held-out 0.5385->0.4396 rejected [] [32s]
   [short_shank_left_s0] t5 declined: arms spent; legs spent; stiff spent; kneel spent [175s]
short_shank_left_s0    [design] designed None+0 v0 0.334/0.404 -> 0.283/0.348 added ['rhythm', 'legs', 'stiff-1', 'limp+1', 'weak-1'] [175s]
   [locked_knee_right_s0] t0 pick legs   side +0 (oracle legs, value 1.00) fit 0.7688->0.6082 held-out 0.8314->0.6184 rejected [] [32s]
   [weak_hip_right_s0] t1 pick legs   side +0 (oracle legs, value 1.00) fit 0.4150->0.3889 held-out 0.4396->0.4035 rejected [] [63s]
   [short_shank_right_s0] t0 pick legs   side +0 (oracle rhythm, value 0.40) fit 0.3166->0.3097 held-out 0.3416->0.3350 rejected ['rhythm', 'weak'] [33s]
   [locked_knee_right_s0] t1 pick stiff  side +1 (oracle stiff, value 1.00) fit 0.6082->0.5143 held-out 0.6184->0.5385 rejected [] [63s]
   [weak_hip_right_s0] t2 pick stiff  side +1 (oracle stiff, value 1.00) fit 0.3889->0.3717 held-out 0.4035->0.3889 rejected [] [93s]
   [short_shank_right_s0] t1 declined: rhythm held-out 0.3439 >= 0.3350; weak held-out 0.3412 >= 0.3350; hop held-out 0.3387 >= 0.3350; arms spent [63s]
short_shank_right_s0   [transfer] designed None+0 v0 0.317/0.342 -> 0.310/0.335 added ['legs'] [63s]
   [locked_knee_right_s0] t2 pick torso  side +0 (oracle torso, value 1.00) fit 0.5143->0.4576 held-out 0.5385->0.5021 rejected [] [91s]
   [weak_hip_right_s0] t3 pick weak   side +1 (oracle arms, value 0.48) fit 0.3717->0.3638 held-out 0.3889->0.3883 rejected ['arms'] [124s]
   [stump_right_s0] t0 pick hop    side +0 (oracle hop, value 1.00) fit 0.5380->0.3910 held-out 0.4825->0.4283 rejected [] [29s]
   [locked_knee_right_s0] t3 pick legs   side +0 (oracle rhythm, value 0.24) fit 0.4576->0.4439 held-out 0.5021->0.4900 rejected ['rhythm', 'hop'] [120s]
   [weak_hip_right_s0] t4 pick kneel  side -1 (oracle arms, value 0.59) fit 0.3638->0.3541 held-out 0.3883->0.3803 rejected ['arms', 'legs'] [155s]
   [stump_right_s0] t1 pick rhythm side +0 (oracle kneel, value 0.34) fit 0.3910->0.3738 held-out 0.4283->0.3868 rejected ['kneel'] [55s]
   [locked_knee_right_s0] t4 pick limp   side -1 (oracle rhythm, value 0.22) fit 0.4439->0.4351 held-out 0.4900->0.4877 rejected ['rhythm'] [145s]
   [weak_hip_right_s0] t5 declined: arms held-out 0.3985 >= 0.3803; legs held-out 0.3944 >= 0.3803; vault held-out 0.3888 >= 0.3803; stiff spent [182s]
weak_hip_right_s0      [transfer] designed None+0 v0 0.470/0.539 -> 0.354/0.380 added ['torso', 'legs', 'stiff+1', 'weak+1', 'kneel-1'] [182s]
   [stump_right_s0] t2 pick torso  side +0 (oracle kneel, value 0.34) fit 0.3738->0.3614 held-out 0.3868->0.3558 rejected ['kneel'] [79s]
   [locked_knee_right_s0] t5 pick stiff  side +1 (oracle stiff, value 1.00) fit 0.4351->0.3968 held-out 0.4877->0.4651 rejected [] [172s]
locked_knee_right_s0   [transfer] designed stiff+1 v0 0.769/0.831 -> 0.397/0.465 added ['legs', 'stiff+1', 'torso', 'legs', 'limp-1', 'stiff+1'] [172s]
   [noleg_right_s0] t0 pick legs   side +0 (oracle legs, value 1.00) fit 0.4573->0.3609 held-out 0.5771->0.4936 rejected [] [26s]
   [stump_right_s0] t3 pick limp   side -1 (oracle kneel, value 0.22) fit 0.3614->0.3491 held-out 0.3558->0.3552 rejected ['kneel', 'stiff'] [103s]
   [intact_s1] t0 pick torso  side +0 (oracle legs, value 0.76) fit 0.4879->0.4537 held-out 0.2997->0.2821 rejected ['legs'] [33s]
   [noleg_right_s0] t1 pick torso  side +0 (oracle torso, value 1.00) fit 0.3609->0.2815 held-out 0.4936->0.4645 rejected [] [52s]
   [stump_right_s0] t4 pick stiff  side +1 (oracle kneel, value 0.27) fit 0.3491->0.3337 held-out 0.3552->0.3550 rejected ['kneel'] [128s]
   [noleg_right_s0] t2 pick rhythm side +0 (oracle rhythm, value 1.00) fit 0.2815->0.2618 held-out 0.4645->0.4404 rejected [] [77s]
   [stump_right_s0] t5 pick kneel  side +1 (oracle kneel, value 1.00) fit 0.3337->0.2984 held-out 0.3550->0.3539 rejected [] [151s]
stump_right_s0         [transfer] designed kneel+1 v0 0.538/0.482 -> 0.298/0.354 added ['hop', 'rhythm', 'torso', 'limp-1', 'stiff+1', 'kneel+1'] [151s]
   [intact_s1] t1 declined: legs held-out 0.3323 >= 0.2821; rhythm held-out 0.3536 >= 0.2821; weak held-out 0.3198 >= 0.2821; arms held-out 0.3065 >= 0.2821 [64s]
intact_s1              [transfer] designed None+0 v0 0.488/0.300 -> 0.454/0.282 added ['torso'] [64s]
   [nolegs_s1] t0 pick vault  side +0 (oracle vault, value 1.00) fit 0.7238->0.3990 held-out 0.7284->0.4020 rejected [] [8s]
   [nolegs_s1] t1 pick torso  side +0 (oracle torso, value 1.00) fit 0.3990->0.3563 held-out 0.4020->0.3794 rejected [] [15s]
   [noleg_right_s0] t3 pick arms   side +0 (oracle arms, value 1.00) fit 0.2618->0.2445 held-out 0.4404->0.4261 rejected [] [98s]
   [nolegs_s1] t2 pick rhythm side +0 (oracle rhythm, value 1.00) fit 0.3563->0.3069 held-out 0.3794->0.3592 rejected [] [21s]
   [nolegs_s1] t3 declined: torso spent; rhythm spent; vault spent; arms spent [26s]
nolegs_s1              [transfer] designed vault+0 v0 0.724/0.728 -> 0.307/0.359 added ['vault', 'torso', 'rhythm'] [26s]
   [noleg_right_s0] t4 declined: weak spent; limp spent; rhythm spent; torso spent [122s]
noleg_right_s0         [transfer] designed hop+0 v0 0.457/0.577 -> 0.245/0.426 added ['legs', 'torso', 'rhythm', 'arms'] [122s]
done: 14 cases in 531s -> poc/results/g3.json
