   [intact_s0] t0 pick torso  side +0 (oracle torso, value 1.00) fit 0.2997->0.2752 held-out 0.4951->0.4941 (1 of 2) rejected [] [26s]
   [locked_knee_left_s0] t0 pick legs   side +0 (oracle legs, value 1.00) fit 0.7653->0.5197 held-out 0.7705->0.5666 (2 of 2) rejected [] [26s]
   [weak_hip_left_s0] t0 pick torso  side +0 (oracle torso, value 1.00) fit 0.5083->0.4689 held-out 0.4420->0.4153 (2 of 2) rejected [] [27s]
   [locked_knee_left_s0] t1 pick stiff  side -1 (oracle stiff, value 1.00) fit 0.5197->0.4743 held-out 0.5666->0.5294 (2 of 2) rejected [] [49s]
   [intact_s0] t1 pick vault  side +0 (oracle vault, value 1.00) fit 0.2752->0.2677 held-out 0.4941->0.4828 (2 of 2) rejected [] [49s]
   [weak_hip_left_s0] t1 pick legs   side +0 (oracle legs, value 1.00) fit 0.4689->0.4431 held-out 0.4153->0.3869 (1 of 2) rejected [] [50s]
   [intact_s0] t2 declined: weak held-out 0.4845 >= 0.4828 (1 of 2 runs lower); torso spent; stiff spent; limp spent [73s]
intact_s0              [design] designed None+0 v0 0.300/0.495 -> 0.268/0.483 added ['torso', 'vault'] [73s]
   [locked_knee_left_s0] t2 pick limp   side -1 (oracle limp, value 1.00) fit 0.4743->0.4418 held-out 0.5294->0.4896 (2 of 2) rejected [] [76s]
   [weak_hip_left_s0] t2 declined: arms held-out 0.4295 >= 0.3869 (0 of 2 runs lower); rhythm held-out 0.4278 >= 0.3869 (0 of 2 runs lower); limp spent; hop spent [76s]
weak_hip_left_s0       [design] designed None+0 v0 0.508/0.442 -> 0.443/0.387 added ['torso', 'legs'] [76s]
   [stump_left_s0] t0 pick legs   side +0 (oracle legs, value 1.00) fit 0.4939->0.3079 held-out 0.4948->0.4049 (2 of 2) rejected [] [22s]
   [short_shank_left_s0] t0 pick legs   side +0 (oracle legs, value 1.00) fit 0.3341->0.2944 held-out 0.3996->0.3955 (1 of 2) rejected [] [26s]
   [locked_knee_left_s0] t3 pick arms   side +0 (oracle arms, value 1.00) fit 0.4418->0.4314 held-out 0.4896->0.4821 (2 of 2) rejected [] [101s]
   [stump_left_s0] t1 pick kneel  side -1 (oracle kneel, value 1.00) fit 0.3079->0.2744 held-out 0.4049->0.3935 (2 of 2) rejected [] [42s]
   [locked_knee_left_s0] t4 declined: kneel held-out 0.5097 >= 0.4821 (1 of 2 runs lower); legs held-out 0.5008 >= 0.4821 (1 of 2 runs lower); rhythm spent; hop spent [125s]
locked_knee_left_s0    [design] designed stiff-1 v0 0.765/0.770 -> 0.431/0.482 added ['legs', 'stiff-1', 'limp-1', 'arms'] [125s]
   [short_shank_left_s0] t1 declined: arms spent; weak spent; stiff spent; limp spent [52s]
short_shank_left_s0    [design] designed None+0 v0 0.334/0.400 -> 0.294/0.396 added ['legs'] [52s]
   [nolegs_s0] t0 pick vault  side +0 (oracle vault, value 1.00) fit 0.7284->0.4000 held-out 0.7316->0.3696 (2 of 2) rejected [] [7s]
   [nolegs_s0] t1 pick rhythm side +0 (oracle rhythm, value 1.00) fit 0.4000->0.3741 held-out 0.3696->0.3447 (2 of 2) rejected [] [13s]
   [stump_left_s0] t2 pick torso  side +0 (oracle torso, value 1.00) fit 0.2744->0.2545 held-out 0.3935->0.3798 (1 of 2) rejected [] [64s]
   [nolegs_s0] t2 pick arms   side +0 (oracle torso, value 0.55) fit 0.3741->0.3541 held-out 0.3447->0.3419 (1 of 2) rejected ['torso'] [18s]
   [noleg_left_s0] t0 pick hop    side +0 (oracle hop, value 1.00) fit 0.5707->0.5024 held-out 0.4201->0.3442 (2 of 2) rejected [] [22s]
   [nolegs_s0] t3 declined: torso held-out 0.3477 >= 0.3419 (1 of 2 runs lower); rhythm spent; arms spent; vault spent [22s]
nolegs_s0              [design] designed vault+0 v0 0.728/0.732 -> 0.354/0.342 added ['vault', 'rhythm', 'arms'] [22s]
   [stump_left_s0] t3 pick legs   side +0 (oracle legs, value 1.00) fit 0.2545->0.2467 held-out 0.3798->0.3736 (2 of 2) rejected [] [85s]
   [noleg_left_s0] t1 pick torso  side +0 (oracle torso, value 1.00) fit 0.5024->0.4711 held-out 0.3442->0.2894 (2 of 2) rejected [] [41s]
   [weak_hip_right_s0] t0 pick torso  side +0 (oracle torso, value 1.00) fit 0.4697->0.4150 held-out 0.4927->0.4422 (2 of 2) rejected [] [26s]
   [stump_left_s0] t4 pick rhythm side +0 (oracle rhythm, value 1.00) fit 0.2467->0.2292 held-out 0.3736->0.3679 (1 of 2) rejected [] [104s]
   [noleg_left_s0] t2 pick legs   side +0 (oracle arms, value 0.39) fit 0.4711->0.4612 held-out 0.2894->0.2787 (2 of 2) rejected ['arms', 'vault'] [61s]
   [weak_hip_right_s0] t1 pick legs   side +0 (oracle legs, value 1.00) fit 0.4150->0.3889 held-out 0.4422->0.4233 (2 of 2) rejected [] [50s]
   [stump_left_s0] t5 pick kneel  side -1 (oracle legs, value 0.70) fit 0.2292->0.2258 held-out 0.3679->0.3656 (2 of 2) rejected ['legs'] [123s]
stump_left_s0          [design] designed kneel-1 v0 0.494/0.495 -> 0.226/0.366 added ['legs', 'kneel-1', 'torso', 'legs', 'rhythm', 'kneel-1'] [123s]
   [noleg_left_s0] t3 declined: arms held-out 0.3195 >= 0.2787 (1 of 2 runs lower); vault held-out 0.3078 >= 0.2787 (1 of 2 runs lower); rhythm held-out 0.2972 >= 0.2787 (0 of 2 runs lower); hop held-out 0.2924 >= 0.2787 (1 of 2 runs lower) [78s]
noleg_left_s0          [design] designed hop+0 v0 0.571/0.420 -> 0.461/0.279 added ['hop', 'torso', 'legs'] [78s]
   [weak_hip_right_s0] t2 pick stiff  side +1 (oracle stiff, value 1.00) fit 0.3889->0.3717 held-out 0.4233->0.4212 (1 of 2) rejected [] [75s]
   [locked_knee_right_s0] t0 pick legs   side +0 (oracle legs, value 1.00) fit 0.7688->0.6082 held-out 0.7144->0.5675 (2 of 2) rejected [] [25s]
   [short_shank_right_s0] t0 pick legs   side +0 (oracle rhythm, value 0.40) fit 0.3166->0.3097 held-out 0.3452->0.3427 (1 of 2) rejected ['rhythm', 'weak'] [26s]
   [weak_hip_right_s0] t3 pick weak   side +1 (oracle arms, value 0.48) fit 0.3717->0.3638 held-out 0.4212->0.4204 (2 of 2) rejected ['arms'] [100s]
   [locked_knee_right_s0] t1 pick stiff  side +1 (oracle stiff, value 1.00) fit 0.6082->0.5143 held-out 0.5675->0.5002 (2 of 2) rejected [] [51s]
   [short_shank_right_s0] t1 declined: rhythm held-out 0.3476 >= 0.3427 (0 of 2 runs lower); weak held-out 0.3464 >= 0.3427 (0 of 2 runs lower); hop held-out 0.3472 >= 0.3427 (0 of 2 runs lower); arms spent [51s]
short_shank_right_s0   [transfer] designed None+0 v0 0.317/0.345 -> 0.310/0.343 added ['legs'] [51s]
   [weak_hip_right_s0] t4 pick kneel  side -1 (oracle arms, value 0.59) fit 0.3638->0.3541 held-out 0.4204->0.4068 (2 of 2) rejected ['arms', 'legs'] [124s]
   [locked_knee_right_s0] t2 pick torso  side +0 (oracle torso, value 1.00) fit 0.5143->0.4576 held-out 0.5002->0.4779 (2 of 2) rejected [] [74s]
   [stump_right_s0] t0 pick legs   side +0 (oracle hop, value 0.99) fit 0.5380->0.3932 held-out 0.4735->0.3561 (2 of 2) rejected ['hop'] [23s]
   [weak_hip_right_s0] t5 declined: arms held-out 0.4134 >= 0.4068 (1 of 2 runs lower); legs held-out 0.4218 >= 0.4068 (0 of 2 runs lower); vault held-out 0.4106 >= 0.4068 (1 of 2 runs lower); stiff spent [145s]
weak_hip_right_s0      [transfer] designed None+0 v0 0.470/0.493 -> 0.354/0.407 added ['torso', 'legs', 'stiff+1', 'weak+1', 'kneel-1'] [145s]
   [locked_knee_right_s0] t3 pick legs   side +0 (oracle rhythm, value 0.24) fit 0.4576->0.4439 held-out 0.4779->0.4711 (2 of 2) rejected ['rhythm', 'hop'] [96s]
   [stump_right_s0] t1 pick kneel  side +1 (oracle kneel, value 1.00) fit 0.3932->0.3304 held-out 0.3561->0.3202 (2 of 2) rejected [] [42s]
   [noleg_right_s0] t0 pick legs   side +0 (oracle legs, value 1.00) fit 0.4573->0.3609 held-out 0.5232->0.4407 (2 of 2) rejected [] [22s]
   [locked_knee_right_s0] t4 pick limp   side -1 (oracle rhythm, value 0.22) fit 0.4439->0.4351 held-out 0.4711->0.4710 (1 of 2) rejected ['rhythm'] [116s]
   [stump_right_s0] t2 declined: rhythm held-out 0.3543 >= 0.3202 (0 of 2 runs lower); hop held-out 0.3444 >= 0.3202 (0 of 2 runs lower); arms spent; legs spent [64s]
stump_right_s0         [transfer] designed kneel+1 v0 0.538/0.474 -> 0.330/0.320 added ['legs', 'kneel+1'] [64s]
   [noleg_right_s0] t1 pick torso  side +0 (oracle torso, value 1.00) fit 0.3609->0.2815 held-out 0.4407->0.4210 (2 of 2) rejected [] [43s]
   [locked_knee_right_s0] t5 pick stiff  side +1 (oracle stiff, value 1.00) fit 0.4351->0.3968 held-out 0.4710->0.4496 (2 of 2) rejected [] [138s]
locked_knee_right_s0   [transfer] designed stiff+1 v0 0.769/0.714 -> 0.397/0.450 added ['legs', 'stiff+1', 'torso', 'legs', 'limp-1', 'stiff+1'] [138s]
   [nolegs_s1] t0 pick vault  side +0 (oracle vault, value 1.00) fit 0.7238->0.3990 held-out 0.7339->0.3699 (2 of 2) rejected [] [7s]
   [intact_s1] t0 pick legs   side +0 (oracle legs, value 1.00) fit 0.4879->0.4428 held-out 0.4009->0.3819 (1 of 2) rejected [] [25s]
   [nolegs_s1] t1 pick torso  side +0 (oracle torso, value 1.00) fit 0.3990->0.3563 held-out 0.3699->0.3424 (2 of 2) rejected [] [13s]
   [nolegs_s1] t2 pick rhythm side +0 (oracle rhythm, value 1.00) fit 0.3563->0.3069 held-out 0.3424->0.3199 (2 of 2) rejected [] [17s]
   [noleg_right_s0] t2 pick rhythm side +0 (oracle rhythm, value 1.00) fit 0.2815->0.2618 held-out 0.4210->0.3959 (2 of 2) rejected [] [62s]
   [nolegs_s1] t3 declined: torso spent; rhythm spent; vault spent; arms spent [21s]
nolegs_s1              [transfer] designed vault+0 v0 0.724/0.734 -> 0.307/0.320 added ['vault', 'torso', 'rhythm'] [21s]
   [intact_s1] t1 pick rhythm side +0 (oracle rhythm, value 1.00) fit 0.4428->0.4157 held-out 0.3819->0.3586 (2 of 2) rejected [] [52s]
   [noleg_right_s0] t3 pick arms   side +0 (oracle arms, value 1.00) fit 0.2618->0.2445 held-out 0.3959->0.3804 (2 of 2) rejected [] [80s]
   [noleg_right_s0] t4 declined: weak spent; limp spent; rhythm spent; torso spent [99s]
noleg_right_s0         [transfer] designed hop+0 v0 0.457/0.523 -> 0.245/0.380 added ['legs', 'torso', 'rhythm', 'arms'] [99s]
   [intact_s1] t2 pick legs   side +0 (oracle legs, value 1.00) fit 0.4157->0.3968 held-out 0.3586->0.3494 (1 of 2) rejected [] [77s]
   [intact_s1] t3 pick torso  side +0 (oracle vault, value 0.62) fit 0.3968->0.3867 held-out 0.3494->0.3439 (1 of 2) rejected ['vault'] [99s]
   [intact_s1] t4 declined: arms held-out 0.3752 >= 0.3439 (0 of 2 runs lower); vault spent; legs spent; limp spent [119s]
intact_s1              [transfer] designed None+0 v0 0.488/0.401 -> 0.387/0.344 added ['legs', 'rhythm', 'legs', 'torso'] [119s]
done: 14 cases in 441s -> poc/results/g4.json
