   [intact_s0] t0 pick torso  side +0 (oracle torso, value 1.00) fit 0.2997->0.2754 held-out 0.4951->0.4928 (1 of 2) rejected [] [24s]
   [locked_knee_left_s0] t0 pick legs   side +0 (oracle legs, value 1.00) fit 0.7653->0.5228 held-out 0.7705->0.5644 (2 of 2) rejected [] [24s]
   [weak_hip_left_s0] t0 pick torso  side +0 (oracle torso, value 1.00) fit 0.5083->0.4693 held-out 0.4420->0.4227 (2 of 2) rejected [] [25s]
   [intact_s0] t1 declined: arms spent; limp spent; torso spent; stiff spent [45s]
intact_s0              [design] designed None+0 v0 0.300/0.495 -> 0.275/0.493 added ['torso'] [45s]
   [weak_hip_left_s0] t1 declined: rhythm held-out 0.4479 >= 0.4227 (0 of 2 runs lower); stiff held-out 0.4340 >= 0.4227 (0 of 2 runs lower); arms held-out 0.4625 >= 0.4227 (0 of 2 runs lower); legs held-out 0.4255 >= 0.4227 (1 of 2 runs lower) [48s]
   [locked_knee_left_s0] t1 pick limp   side -1 (oracle limp, value 1.00) fit 0.5228->0.4569 held-out 0.5644->0.5473 (2 of 2) rejected [] [48s]
weak_hip_left_s0       [design] designed None+0 v0 0.508/0.442 -> 0.469/0.423 added ['torso'] [48s]
   [short_shank_left_s0] t0 pick legs   side +0 (oracle legs, value 1.00) fit 0.3341->0.2944 held-out 0.3996->0.3955 (1 of 2) rejected [] [25s]
   [locked_knee_left_s0] t2 pick torso  side +0 (oracle torso, value 1.00) fit 0.4569->0.4278 held-out 0.5473->0.5253 (2 of 2) rejected [] [72s]
   [stump_left_s0] t0 pick legs   side +0 (oracle legs, value 1.00) fit 0.4939->0.3291 held-out 0.4948->0.4435 (1 of 2) rejected [] [24s]
   [stump_left_s0] t1 pick rhythm side +0 (oracle rhythm, value 1.00) fit 0.3291->0.3000 held-out 0.4435->0.4289 (1 of 2) rejected [] [44s]
   [short_shank_left_s0] t1 declined: arms spent; weak spent; stiff spent; limp spent [48s]
short_shank_left_s0    [design] designed None+0 v0 0.334/0.400 -> 0.294/0.396 added ['legs'] [48s]
   [locked_knee_left_s0] t3 pick legs   side +0 (oracle legs, value 1.00) fit 0.4278->0.4093 held-out 0.5253->0.4727 (2 of 2) rejected [] [97s]
   [stump_left_s0] t2 pick torso  side +0 (oracle torso, value 1.00) fit 0.3000->0.2897 held-out 0.4289->0.4237 (1 of 2) rejected [] [65s]
   [noleg_left_s0] t0 pick legs   side +0 (oracle legs, value 1.00) fit 0.5707->0.5162 held-out 0.4201->0.3450 (2 of 2) rejected [] [20s]
   [locked_knee_left_s0] t4 pick arms   side +0 (oracle arms, value 1.00) fit 0.4093->0.3979 held-out 0.4727->0.4645 (2 of 2) rejected [] [118s]
   [stump_left_s0] t3 pick kneel  side -1 (oracle kneel, value 1.00) fit 0.2897->0.2818 held-out 0.4237->0.4173 (2 of 2) rejected [] [84s]
   [noleg_left_s0] t1 pick torso  side +0 (oracle vault, value 0.71) fit 0.5162->0.4955 held-out 0.3450->0.3173 (2 of 2) rejected ['vault', 'arms'] [41s]
   [locked_knee_left_s0] t5 declined: stiff spent; rhythm spent; legs spent; torso spent [137s]
locked_knee_left_s0    [design] designed stiff-1 v0 0.765/0.770 -> 0.398/0.465 added ['legs', 'limp-1', 'torso', 'legs', 'arms'] [137s]
   [nolegs_s0] t0 pick vault  side +0 (oracle vault, value 1.00) fit 0.7284->0.4000 held-out 0.7316->0.3696 (2 of 2) rejected [] [6s]
   [nolegs_s0] t1 pick rhythm side +0 (oracle rhythm, value 1.00) fit 0.4000->0.3741 held-out 0.3696->0.3447 (2 of 2) rejected [] [11s]
   [stump_left_s0] t4 pick kneel  side -1 (oracle kneel, value 1.00) fit 0.2818->0.2758 held-out 0.4173->0.4139 (2 of 2) rejected [] [103s]
   [nolegs_s0] t2 pick arms   side +0 (oracle torso, value 0.54) fit 0.3741->0.3541 held-out 0.3447->0.3419 (1 of 2) rejected ['torso'] [16s]
   [noleg_left_s0] t2 declined: vault held-out 0.3467 >= 0.3173 (1 of 2 runs lower); arms held-out 0.3439 >= 0.3173 (1 of 2 runs lower); rhythm held-out 0.3218 >= 0.3173 (1 of 2 runs lower); legs spent [60s]
noleg_left_s0          [design] designed None+0 v0 0.571/0.420 -> 0.496/0.317 added ['legs', 'torso'] [60s]
   [nolegs_s0] t3 declined: torso held-out 0.3460 >= 0.3419 (1 of 2 runs lower); rhythm spent; arms spent; vault spent [20s]
nolegs_s0              [design] designed vault+0 v0 0.728/0.732 -> 0.354/0.342 added ['vault', 'rhythm', 'arms'] [20s]
   [stump_left_s0] t5 declined: arms held-out 0.4141 >= 0.4139 (1 of 2 runs lower); rhythm held-out 0.4167 >= 0.4139 (0 of 2 runs lower); legs spent; limp spent [122s]
stump_left_s0          [design] designed kneel-1 v0 0.494/0.495 -> 0.276/0.414 added ['legs', 'rhythm', 'torso', 'kneel-1', 'kneel-1'] [122s]
   [weak_hip_right_s0] t0 pick torso  side +0 (oracle torso, value 1.00) fit 0.4697->0.4153 held-out 0.4927->0.4424 (2 of 2) rejected [] [24s]
   [locked_knee_right_s0] t0 pick torso  side +0 (oracle legs, value 0.19) fit 0.7688->0.7292 held-out 0.7144->0.6918 (2 of 2) rejected ['legs', 'stiff'] [24s]
   [short_shank_right_s0] t0 declined: rhythm held-out 0.3499 >= 0.3452 (1 of 2 runs lower); weak held-out 0.3485 >= 0.3452 (1 of 2 runs lower); legs held-out 0.3461 >= 0.3452 (1 of 2 runs lower); arms spent [25s]
short_shank_right_s0   [transfer] designed None+0 v0 0.317/0.345 -> 0.317/0.345 added [] [25s]
   [weak_hip_right_s0] t1 pick weak   side +1 (oracle arms, value 0.77) fit 0.4153->0.4032 held-out 0.4424->0.4356 (2 of 2) rejected ['arms'] [47s]
   [locked_knee_right_s0] t1 pick legs   side +0 (oracle legs, value 1.00) fit 0.7292->0.4627 held-out 0.6918->0.5140 (2 of 2) rejected [] [46s]
   [stump_right_s0] t0 pick limp   side +1 (oracle legs, value 0.79) fit 0.5380->0.4220 held-out 0.4735->0.3815 (2 of 2) rejected ['legs'] [21s]
   [weak_hip_right_s0] t2 pick stiff  side +1 (oracle stiff, value 1.00) fit 0.4032->0.3849 held-out 0.4356->0.4164 (2 of 2) rejected [] [69s]
   [locked_knee_right_s0] t2 pick kneel  side +1 (oracle kneel, value 1.00) fit 0.4627->0.4220 held-out 0.5140->0.4826 (2 of 2) rejected [] [70s]
   [stump_right_s0] t1 pick kneel  side +1 (oracle kneel, value 1.00) fit 0.4220->0.3876 held-out 0.3815->0.3784 (1 of 2) rejected [] [42s]
   [weak_hip_right_s0] t3 declined: legs held-out 0.4216 >= 0.4164 (1 of 2 runs lower); arms held-out 0.4190 >= 0.4164 (1 of 2 runs lower); vault held-out 0.4345 >= 0.4164 (0 of 2 runs lower); rhythm spent [89s]
weak_hip_right_s0      [transfer] designed None+0 v0 0.470/0.493 -> 0.385/0.416 added ['torso', 'weak+1', 'stiff+1'] [89s]
   [locked_knee_right_s0] t3 declined: arms held-out 0.4980 >= 0.4826 (0 of 2 runs lower); weak spent; rhythm spent; legs spent [91s]
locked_knee_right_s0   [transfer] designed stiff+1 v0 0.769/0.714 -> 0.422/0.483 added ['torso', 'legs', 'kneel+1'] [91s]
   [stump_right_s0] t2 pick limp   side +1 (oracle legs, value 0.40) fit 0.3876->0.3734 held-out 0.3784->0.3651 (2 of 2) rejected ['legs', 'rhythm', 'torso', 'weak'] [63s]
   [noleg_right_s0] t0 pick legs   side +0 (oracle legs, value 1.00) fit 0.4573->0.3725 held-out 0.5232->0.4495 (2 of 2) rejected [] [20s]
   [intact_s1] t0 pick legs   side +0 (oracle legs, value 1.00) fit 0.4879->0.4468 held-out 0.4009->0.3933 (1 of 2) rejected [] [24s]
   [stump_right_s0] t3 pick legs   side +0 (oracle rhythm, value 0.57) fit 0.3734->0.3567 held-out 0.3651->0.3577 (2 of 2) rejected ['rhythm'] [82s]
   [noleg_right_s0] t1 pick torso  side +0 (oracle torso, value 1.00) fit 0.3725->0.3027 held-out 0.4495->0.4292 (2 of 2) rejected [] [39s]
   [stump_right_s0] t4 pick torso  side +0 (oracle rhythm, value 0.99) fit 0.3567->0.3428 held-out 0.3577->0.3306 (2 of 2) rejected ['rhythm'] [101s]
   [intact_s1] t1 pick rhythm side +0 (oracle rhythm, value 1.00) fit 0.4468->0.4149 held-out 0.3933->0.3387 (2 of 2) rejected [] [48s]
   [noleg_right_s0] t2 pick rhythm side +0 (oracle rhythm, value 1.00) fit 0.3027->0.2825 held-out 0.4292->0.4073 (2 of 2) rejected [] [57s]
   [stump_right_s0] t5 declined: rhythm held-out 0.3676 >= 0.3306 (0 of 2 runs lower); limp held-out 0.3371 >= 0.3306 (0 of 2 runs lower); arms spent; weak spent [121s]
stump_right_s0         [transfer] designed kneel+1 v0 0.538/0.474 -> 0.343/0.331 added ['limp+1', 'kneel+1', 'limp+1', 'legs', 'torso'] [121s]
   [intact_s1] t2 pick torso  side +0 (oracle vault, value 0.63) fit 0.4149->0.4047 held-out 0.3387->0.3354 (1 of 2) rejected ['vault'] [70s]
   [noleg_right_s0] t3 pick arms   side +0 (oracle arms, value 1.00) fit 0.2825->0.2658 held-out 0.4073->0.3941 (2 of 2) rejected [] [75s]
   [nolegs_s1] t0 pick vault  side +0 (oracle vault, value 1.00) fit 0.7238->0.3990 held-out 0.7339->0.3699 (2 of 2) rejected [] [7s]
   [nolegs_s1] t1 pick torso  side +0 (oracle torso, value 1.00) fit 0.3990->0.3565 held-out 0.3699->0.3430 (2 of 2) rejected [] [13s]
   [nolegs_s1] t2 pick rhythm side +0 (oracle rhythm, value 1.00) fit 0.3565->0.3067 held-out 0.3430->0.3199 (2 of 2) rejected [] [18s]
   [noleg_right_s0] t4 pick legs   side +0 (oracle legs, value 1.00) fit 0.2658->0.2584 held-out 0.3941->0.3838 (2 of 2) rejected [] [93s]
   [nolegs_s1] t3 declined: torso spent; vault spent; rhythm spent; arms spent [23s]
nolegs_s1              [transfer] designed vault+0 v0 0.724/0.734 -> 0.307/0.320 added ['vault', 'torso', 'rhythm'] [23s]
   [intact_s1] t3 declined: legs held-out 0.3451 >= 0.3354 (0 of 2 runs lower); arms held-out 0.3729 >= 0.3354 (0 of 2 runs lower); vault held-out 0.3709 >= 0.3354 (0 of 2 runs lower); torso spent [91s]
intact_s1              [transfer] designed None+0 v0 0.488/0.401 -> 0.405/0.335 added ['legs', 'rhythm', 'torso'] [91s]
   [noleg_right_s0] t5 declined: rhythm spent; arms spent; legs spent; torso spent [108s]
noleg_right_s0         [transfer] designed None+0 v0 0.457/0.523 -> 0.258/0.384 added ['legs', 'torso', 'rhythm', 'arms', 'legs'] [108s]
done: 14 cases in 354s -> poc/results/g5.json
