   [locked_knee_left_s0] t0 pick stiff  side -1 (oracle stiff, value 1.00) fit 0.5676->0.3929 held-out 0.5646->0.4392 (2 of 2) rejected [] [32s]
   [intact_s0] t0 pick legs   side +0 (oracle legs, value 1.00) fit 0.3306->0.3180 held-out 0.3917->0.3725 (2 of 2) rejected [] [33s]
   [weak_hip_left_s0] t0 pick torso  side +0 (oracle torso, value 1.00) fit 0.3636->0.2873 held-out 0.4212->0.3842 (2 of 2) rejected [] [33s]
   [locked_knee_left_s0] t1 pick rhythm side +0 (oracle rhythm, value 1.00) fit 0.3929->0.3580 held-out 0.4392->0.4334 (2 of 2) rejected [] [64s]
   [intact_s0] t1 pick lateral side +0 (oracle lateral, value 1.00) fit 0.3180->0.3094 held-out 0.3725->0.3691 (1 of 2) rejected [] [65s]
   [weak_hip_left_s0] t1 pick lateral side +0 (oracle lateral, value 1.00) fit 0.2873->0.2693 held-out 0.3842->0.3835 (1 of 2) rejected [] [67s]
   [locked_knee_left_s0] t2 pick arms   side +0 (oracle arms, value 1.00) fit 0.3580->0.3237 held-out 0.4334->0.4048 (2 of 2) rejected [] [92s]
   [intact_s0] t2 pick arms   side +0 (oracle arms, value 1.00) fit 0.3094->0.3049 held-out 0.3691->0.3515 (2 of 2) rejected [] [93s]
   [weak_hip_left_s0] t2 pick arms   side +0 (oracle arms, value 1.00) fit 0.2693->0.2551 held-out 0.3835->0.3831 (1 of 2) rejected [] [95s]
   [intact_s0] t3 pick torso  side +0 (oracle torso, value 1.00) fit 0.3049->0.2990 held-out 0.3515->0.3257 (2 of 2) rejected [] [117s]
   [locked_knee_left_s0] t3 pick legs   side +0 (oracle legs, value 1.00) fit 0.3237->0.3095 held-out 0.4048->0.3974 (2 of 2) rejected [] [118s]
   [weak_hip_left_s0] t3 declined: legs spent; hold spent; arms spent; lateral spent [123s]
weak_hip_left_s0       [design] designed None+0 v0 0.364/0.421 -> 0.255/0.383 added ['torso', 'lateral', 'arms'] [123s]
   [intact_s0] t4 declined: weak held-out 0.3512 >= 0.3257 (0 of 2 runs lower); vault spent; lateral spent; legs spent [143s]
intact_s0              [design] designed None+0 v0 0.331/0.392 -> 0.299/0.326 added ['legs', 'lateral', 'arms', 'torso'] [143s]
   [locked_knee_left_s0] t4 pick rhythm side +0 (oracle rhythm, value 1.00) fit 0.3095->0.2904 held-out 0.3974->0.3944 (2 of 2) rejected [] [146s]
   [short_shank_left_s0] t0 pick legs   side +0 (oracle legs, value 1.00) fit 0.4457->0.3435 held-out 0.4875->0.4302 (2 of 2) rejected [] [32s]
   [stump_left_s0] t0 pick torso  side +0 (oracle torso, value 1.00) fit 0.6760->0.3577 held-out 0.6468->0.4612 (2 of 2) rejected [] [29s]
   [locked_knee_left_s0] t5 pick torso  side +0 (oracle torso, value 1.00) fit 0.2904->0.2719 held-out 0.3944->0.3839 (1 of 2) rejected [] [172s]
locked_knee_left_s0    [design] designed stiff-1 v0 0.568/0.565 -> 0.272/0.384 added ['stiff-1', 'rhythm', 'arms', 'legs', 'rhythm', 'torso'] [172s]
   [short_shank_left_s0] t1 pick vault  side +0 (oracle lateral, value 0.86) fit 0.3435->0.3199 held-out 0.4302->0.4064 (2 of 2) rejected ['lateral'] [66s]
   [stump_left_s0] t1 pick arms   side +0 (oracle legs, value 0.15) fit 0.3577->0.3471 held-out 0.4612->0.4491 (2 of 2) rejected ['legs', 'rhythm', 'hold', 'lateral'] [53s]
   [noleg_left_s0] t0 pick stiff  side +1 (oracle lateral, value 0.21) fit 0.8305->0.7819 held-out 0.6756->0.6291 (2 of 2) rejected ['lateral', 'torso', 'vault'] [25s]
   [stump_left_s0] t2 pick limp   side -1 (oracle legs, value 0.06) fit 0.3471->0.3424 held-out 0.4491->0.4468 (1 of 2) rejected ['legs', 'rhythm', 'hold', 'lateral', 'stiff'] [77s]
   [short_shank_left_s0] t2 pick torso  side +0 (oracle lateral, value 0.18) fit 0.3199->0.3147 held-out 0.4064->0.3963 (2 of 2) rejected ['lateral', 'arms', 'legs'] [99s]
   [noleg_left_s0] t1 pick torso  side +0 (oracle lateral, value 0.39) fit 0.7819->0.6844 held-out 0.6291->0.3857 (2 of 2) rejected ['lateral'] [50s]
   [stump_left_s0] t3 pick legs   side +0 (oracle legs, value 1.00) fit 0.3424->0.2743 held-out 0.4468->0.4283 (2 of 2) rejected [] [98s]
   [noleg_left_s0] t2 pick arms   side +0 (oracle lateral, value 0.04) fit 0.6844->0.6726 held-out 0.3857->0.3632 (2 of 2) rejected ['lateral', 'rhythm'] [73s]
   [short_shank_left_s0] t3 pick legs   side +0 (oracle lateral, value 0.24) fit 0.3147->0.3078 held-out 0.3963->0.3955 (1 of 2) rejected ['lateral', 'arms'] [127s]
   [stump_left_s0] t4 declined: rhythm held-out 0.4411 >= 0.4283 (1 of 2 runs lower); lateral held-out 0.5236 >= 0.4283 (0 of 2 runs lower); hold held-out 0.4487 >= 0.4283 (0 of 2 runs lower); stiff held-out 0.4312 >= 0.4283 (0 of 2 runs lower) [119s]
stump_left_s0          [design] designed limp-1 v0 0.676/0.647 -> 0.274/0.428 added ['torso', 'arms', 'limp-1', 'legs'] [119s]
   [noleg_left_s0] t3 pick rhythm side +0 (oracle lateral, value 0.04) fit 0.6726->0.6589 held-out 0.3632->0.3584 (1 of 2) rejected ['lateral'] [94s]
   [nolegs_s0] t0 pick arms   side +0 (oracle arms, value 1.00) fit 0.6567->0.5034 held-out 0.7167->0.6392 (2 of 2) rejected [] [8s]
   [short_shank_left_s0] t4 declined: lateral held-out 0.5180 >= 0.3955 (0 of 2 runs lower); arms held-out 0.4070 >= 0.3955 (1 of 2 runs lower); rhythm held-out 0.4159 >= 0.3955 (0 of 2 runs lower); stiff spent [152s]
short_shank_left_s0    [design] designed None+0 v0 0.446/0.487 -> 0.308/0.395 added ['legs', 'vault', 'torso', 'legs'] [152s]
   [nolegs_s0] t1 pick torso  side +0 (oracle torso, value 1.00) fit 0.5034->0.4461 held-out 0.6392->0.6055 (2 of 2) rejected [] [14s]
   [nolegs_s0] t2 declined: rhythm held-out 0.6084 >= 0.6055 (1 of 2 runs lower); torso spent; arms spent; vault spent [18s]
nolegs_s0              [design] designed vault+0 v0 0.657/0.717 -> 0.446/0.605 added ['arms', 'torso'] [18s]
   [noleg_left_s0] t4 declined: lateral held-out 0.3957 >= 0.3584 (0 of 2 runs lower); legs spent; torso spent; stiff spent [115s]
noleg_left_s0          [design] designed None+0 v0 0.830/0.676 -> 0.659/0.358 added ['stiff+1', 'torso', 'arms', 'rhythm'] [115s]
   [weak_hip_right_s0] t0 pick lateral side +0 (oracle lateral, value 1.00) fit 0.5569->0.4082 held-out 0.4733->0.4419 (2 of 2) rejected [] [31s]
   [locked_knee_right_s0] t0 pick stiff  side +1 (oracle stiff, value 1.00) fit 0.6124->0.4882 held-out 0.6811->0.5423 (2 of 2) rejected [] [32s]
   [short_shank_right_s0] t0 pick legs   side +0 (oracle legs, value 1.00) fit 0.4842->0.3506 held-out 0.5342->0.4894 (2 of 2) rejected [] [32s]
   [weak_hip_right_s0] t1 pick torso  side +0 (oracle stiff, value 0.49) fit 0.4082->0.3921 held-out 0.4419->0.4409 (1 of 2) rejected ['stiff', 'rhythm'] [59s]
   [locked_knee_right_s0] t1 pick torso  side +0 (oracle torso, value 1.00) fit 0.4882->0.4620 held-out 0.5423->0.5276 (2 of 2) rejected [] [64s]
   [short_shank_right_s0] t1 declined: torso held-out 0.5009 >= 0.4894 (1 of 2 runs lower); vault held-out 0.5206 >= 0.4894 (0 of 2 runs lower); legs held-out 0.4992 >= 0.4894 (1 of 2 runs lower); hold held-out 0.5001 >= 0.4894 (0 of 2 runs lower) [65s]
short_shank_right_s0   [transfer] designed None+0 v0 0.484/0.534 -> 0.351/0.489 added ['legs'] [65s]
   [weak_hip_right_s0] t2 pick lateral side +0 (oracle rhythm, value 0.38) fit 0.3921->0.3840 held-out 0.4409->0.4315 (2 of 2) rejected ['rhythm', 'stiff'] [89s]
   [locked_knee_right_s0] t2 pick rhythm side +0 (oracle lateral, value 0.54) fit 0.4620->0.4442 held-out 0.5276->0.5145 (1 of 2) rejected ['lateral', 'arms'] [96s]
   [stump_right_s0] t0 pick lateral side +0 (oracle lateral, value 1.00) fit 0.7470->0.3826 held-out 0.6781->0.4786 (2 of 2) rejected [] [27s]
   [weak_hip_right_s0] t3 declined: rhythm held-out 0.4497 >= 0.4315 (0 of 2 runs lower); stiff held-out 0.4329 >= 0.4315 (1 of 2 runs lower); arms spent; weak spent [121s]
weak_hip_right_s0      [transfer] designed None+0 v0 0.557/0.473 -> 0.384/0.431 added ['lateral', 'torso', 'lateral'] [121s]
   [stump_right_s0] t1 pick arms   side +0 (oracle torso, value 0.87) fit 0.3826->0.3649 held-out 0.4786->0.4584 (2 of 2) rejected ['torso', 'rhythm'] [52s]
   [locked_knee_right_s0] t3 pick hold   side -1 (oracle hold, value 1.00) fit 0.4442->0.4168 held-out 0.5145->0.5095 (1 of 2) rejected [] [125s]
   [noleg_right_s0] t0 pick vault  side +0 (oracle vault, value 1.00) fit 0.6190->0.3860 held-out 0.6290->0.3856 (2 of 2) rejected [] [24s]
   [stump_right_s0] t2 pick vault  side +0 (oracle rhythm, value 0.87) fit 0.3649->0.3487 held-out 0.4584->0.4499 (2 of 2) rejected ['rhythm', 'torso'] [76s]
   [locked_knee_right_s0] t4 pick legs   side +0 (oracle lateral, value 0.87) fit 0.4168->0.3959 held-out 0.5095->0.4880 (2 of 2) rejected ['lateral', 'arms'] [156s]
   [noleg_right_s0] t1 pick rhythm side +0 (oracle legs, value 0.69) fit 0.3860->0.3539 held-out 0.3856->0.3540 (2 of 2) rejected ['legs', 'stiff'] [48s]
   [stump_right_s0] t3 pick rhythm side +0 (oracle rhythm, value 1.00) fit 0.3487->0.3276 held-out 0.4499->0.4307 (2 of 2) rejected [] [100s]
   [locked_knee_right_s0] t5 declined: arms held-out 0.5212 >= 0.4880 (0 of 2 runs lower); lateral held-out 0.7003 >= 0.4880 (0 of 2 runs lower); rhythm spent; limp spent [182s]
locked_knee_right_s0   [transfer] designed stiff+1 v0 0.612/0.681 -> 0.396/0.488 added ['stiff+1', 'torso', 'rhythm', 'hold-1', 'legs'] [182s]
   [noleg_right_s0] t2 pick arms   side +0 (oracle legs, value 0.78) fit 0.3539->0.3277 held-out 0.3540->0.3491 (2 of 2) rejected ['legs'] [70s]
   [stump_right_s0] t4 pick hold   side +1 (oracle torso, value 0.81) fit 0.3276->0.3170 held-out 0.4307->0.4242 (1 of 2) rejected ['torso'] [124s]
   [noleg_right_s0] t3 pick torso  side +0 (oracle legs, value 0.51) fit 0.3277->0.3089 held-out 0.3491->0.3491 (1 of 2) rejected ['legs', 'stiff'] [91s]
   [intact_s1] t0 pick torso  side +0 (oracle legs, value 0.74) fit 0.3779->0.3472 held-out 0.3681->0.3549 (1 of 2) rejected ['legs', 'rhythm'] [32s]
   [stump_right_s0] t5 declined: torso held-out 0.4411 >= 0.4242 (0 of 2 runs lower); rhythm held-out 0.4315 >= 0.4242 (0 of 2 runs lower); stiff spent; lateral spent [150s]
stump_right_s0         [transfer] designed limp+1 v0 0.747/0.678 -> 0.317/0.424 added ['lateral', 'arms', 'vault', 'rhythm', 'hold+1'] [150s]
   [nolegs_s1] t0 pick arms   side +0 (oracle arms, value 1.00) fit 0.7613->0.6975 held-out 0.6644->0.5608 (2 of 2) rejected [] [7s]
   [noleg_right_s0] t4 declined: legs held-out 0.3685 >= 0.3491 (0 of 2 runs lower); lateral held-out 0.3505 >= 0.3491 (0 of 2 runs lower); stiff held-out 0.3644 >= 0.3491 (0 of 2 runs lower); rhythm held-out 0.3516 >= 0.3491 (1 of 2 runs lower) [114s]
noleg_right_s0         [transfer] designed None+0 v0 0.619/0.629 -> 0.309/0.349 added ['vault', 'rhythm', 'arms', 'torso'] [114s]
   [nolegs_s1] t1 declined: torso spent; arms spent; vault spent; rhythm spent [12s]
nolegs_s1              [transfer] designed vault+0 v0 0.761/0.664 -> 0.697/0.561 added ['arms'] [12s]
   [intact_s1] t1 pick arms   side +0 (oracle legs, value 0.58) fit 0.3472->0.3297 held-out 0.3549->0.3497 (1 of 2) rejected ['legs', 'rhythm'] [63s]
   [intact_s1] t2 pick legs   side +0 (oracle legs, value 1.00) fit 0.3297->0.2956 held-out 0.3497->0.3461 (1 of 2) rejected [] [93s]
   [intact_s1] t3 pick lateral side +0 (oracle lateral, value 1.00) fit 0.2956->0.2850 held-out 0.3461->0.3419 (2 of 2) rejected [] [116s]
   [intact_s1] t4 pick legs   side +0 (oracle legs, value 1.00) fit 0.2850->0.2738 held-out 0.3419->0.3385 (2 of 2) rejected [] [140s]
   [intact_s1] t5 declined: rhythm held-out 0.3671 >= 0.3385 (0 of 2 runs lower); weak spent; stiff spent; limp spent [168s]
intact_s1              [transfer] designed None+0 v0 0.378/0.368 -> 0.274/0.339 added ['torso', 'arms', 'legs', 'lateral', 'legs'] [168s]
done: 14 cases in 634s -> poc/results/g7.json
