   [locked_knee_left_s0] t0 [base] pick rhythm side +0 (oracle rhythm, value 1.00) fit 0.5676->0.4831 held-out 0.5646->0.5405 (2 of 2) rejected [] [20s]
   [intact_s0] t0 [base] pick legs   side +0 (oracle legs, value 1.00) fit 0.3306->0.3180 held-out 0.3917->0.3725 (2 of 2) rejected [] [20s]
   [weak_hip_left_s0] t0 [base] pick torso  side +0 (oracle torso, value 1.00) fit 0.3636->0.2873 held-out 0.4212->0.3842 (2 of 2) rejected [] [20s]
   [locked_knee_left_s0] t1 [base] pick arms   side +0 (oracle arms, value 1.00) fit 0.4831->0.4580 held-out 0.5405->0.5166 (2 of 2) rejected [] [36s]
   [weak_hip_left_s0] t1 [base] pick lateral side +0 (oracle lateral, value 1.00) fit 0.2873->0.2693 held-out 0.3842->0.3835 (1 of 2) rejected [] [40s]
   [intact_s0] t1 [base] pick lateral side +0 (oracle lateral, value 1.00) fit 0.3180->0.3094 held-out 0.3725->0.3691 (1 of 2) rejected [] [40s]
   [locked_knee_left_s0] t2 [base] pick legs   side +0 (oracle legs, value 1.00) fit 0.4580->0.4390 held-out 0.5166->0.4889 (2 of 2) rejected [] [52s]
   [weak_hip_left_s0] t2 [base] pick arms   side +0 (oracle arms, value 1.00) fit 0.2693->0.2551 held-out 0.3835->0.3831 (1 of 2) rejected [] [53s]
   [intact_s0] t2 [base] pick arms   side +0 (oracle arms, value 1.00) fit 0.3094->0.3049 held-out 0.3691->0.3515 (2 of 2) rejected [] [55s]
   [locked_knee_left_s0] t3 [base] pick torso  side +0 (oracle torso, value 1.00) fit 0.4390->0.4276 held-out 0.4889->0.4740 (2 of 2) rejected [] [66s]
   [intact_s0] t3 [base] pick torso  side +0 (oracle torso, value 1.00) fit 0.3049->0.2990 held-out 0.3515->0.3257 (2 of 2) rejected [] [69s]
   [weak_hip_left_s0] t3 [base] declined: legs spent; arms spent; lateral spent; torso spent [69s]
   [locked_knee_left_s0] t4 [base] declined: lateral spent; rhythm spent; legs spent; torso spent [79s]
   [weak_hip_left_s0] t4 [naming] declined: hold spent; stiff spent; limp spent; vault spent [79s]
   [intact_s0] t4 [base] declined: lateral spent; legs spent; torso spent; arms spent [81s]
   [weak_hip_left_s0] t5 [rest] declined: legs spent; hold spent; arms spent; lateral spent [88s]
weak_hip_left_s0       [design] designed None+0 v0 0.364/0.421 -> 0.255/0.383 added ['torso', 'lateral', 'arms'] [88s]
   [locked_knee_left_s0] t5 [naming] pick limp   side -1 (oracle limp, value 1.00) fit 0.4276->0.3389 held-out 0.4740->0.4395 (2 of 2) rejected [] [90s]
   [intact_s0] t5 [naming] declined: weak held-out 0.3512 >= 0.3257 (0 of 2 runs lower); vault spent; stiff spent; limp spent [91s]
   [intact_s0] t6 [rest] declined: weak held-out 0.3512 >= 0.3257 (0 of 2 runs lower); vault spent; lateral spent; legs spent [91s]
intact_s0              [design] designed None+0 v0 0.331/0.392 -> 0.299/0.326 added ['legs', 'lateral', 'arms', 'torso'] [92s]
   [short_shank_left_s0] t0 [base] pick legs   side +0 (oracle legs, value 1.00) fit 0.4457->0.3435 held-out 0.4875->0.4302 (2 of 2) rejected [] [21s]
   [stump_left_s0] t0 [base] pick torso  side +0 (oracle torso, value 1.00) fit 0.6760->0.3577 held-out 0.6468->0.4612 (2 of 2) rejected [] [18s]
   [locked_knee_left_s0] t6 [rest] pick legs   side +0 (oracle legs, value 1.00) fit 0.3389->0.3038 held-out 0.4395->0.3784 (2 of 2) rejected [] [116s]
   [stump_left_s0] t1 [base] pick arms   side +0 (oracle legs, value 0.15) fit 0.3577->0.3471 held-out 0.4612->0.4491 (2 of 2) rejected ['legs', 'rhythm', 'lateral'] [33s]
   [short_shank_left_s0] t1 [base] pick legs   side +0 (oracle lateral, value 0.30) fit 0.3435->0.3354 held-out 0.4302->0.4245 (1 of 2) rejected ['lateral', 'arms'] [42s]
   [stump_left_s0] t2 [base] declined: legs held-out 0.4541 >= 0.4491 (1 of 2 runs lower); rhythm held-out 0.4638 >= 0.4491 (1 of 2 runs lower); lateral held-out 0.5417 >= 0.4491 (0 of 2 runs lower); torso spent [47s]
   [locked_knee_left_s0] t7 [rest] pick hold   side +1 (oracle hold, value 1.00) fit 0.3038->0.2978 held-out 0.3784->0.3682 (2 of 2) rejected [] [144s]
locked_knee_left_s0    [design] designed stiff-1 v0 0.568/0.565 -> 0.298/0.368 added ['rhythm', 'arms', 'legs', 'torso', 'limp-1', 'legs', 'hold+1'] [144s]
   [stump_left_s0] t3 [naming] pick limp   side -1 (oracle hold, value 0.16) fit 0.3471->0.3424 held-out 0.4491->0.4468 (1 of 2) rejected ['hold', 'stiff'] [56s]
   [short_shank_left_s0] t2 [base] pick rhythm side +0 (oracle lateral, value 0.32) fit 0.3354->0.3267 held-out 0.4245->0.4157 (1 of 2) rejected ['lateral', 'arms'] [62s]
   [noleg_left_s0] t0 [base] pick rhythm side +0 (oracle lateral, value 0.08) fit 0.8305->0.8132 held-out 0.6756->0.6677 (2 of 2) rejected ['lateral', 'torso', 'legs'] [16s]
   [short_shank_left_s0] t3 [base] pick torso  side +0 (oracle lateral, value 0.57) fit 0.3267->0.3091 held-out 0.4157->0.4145 (1 of 2) rejected ['lateral'] [80s]
   [stump_left_s0] t4 [rest] pick legs   side +0 (oracle legs, value 1.00) fit 0.3424->0.2743 held-out 0.4468->0.4283 (2 of 2) rejected [] [78s]
   [noleg_left_s0] t1 [base] pick torso  side +0 (oracle lateral, value 0.43) fit 0.8132->0.7176 held-out 0.6677->0.4352 (2 of 2) rejected ['lateral'] [29s]
   [noleg_left_s0] t2 [base] pick legs   side +0 (oracle lateral, value 0.18) fit 0.7176->0.6670 held-out 0.4352->0.3701 (2 of 2) rejected ['lateral'] [42s]
   [short_shank_left_s0] t4 [base] declined: lateral held-out 0.5596 >= 0.4145 (0 of 2 runs lower); arms held-out 0.4259 >= 0.4145 (1 of 2 runs lower); torso held-out 0.4175 >= 0.4145 (0 of 2 runs lower); legs spent [101s]
   [stump_left_s0] t5 [rest] declined: rhythm held-out 0.4411 >= 0.4283 (1 of 2 runs lower); lateral held-out 0.5236 >= 0.4283 (0 of 2 runs lower); hold held-out 0.4487 >= 0.4283 (0 of 2 runs lower); stiff held-out 0.4312 >= 0.4283 (0 of 2 runs lower) [99s]
stump_left_s0          [design] designed limp-1 v0 0.676/0.647 -> 0.274/0.428 added ['torso', 'arms', 'limp-1', 'legs'] [99s]
   [nolegs_s0] t0 [base] pick arms   side +0 (oracle arms, value 1.00) fit 0.6567->0.5034 held-out 0.7167->0.6392 (2 of 2) rejected [] [6s]
   [noleg_left_s0] t3 [base] pick arms   side +0 (oracle lateral, value 0.04) fit 0.6670->0.6543 held-out 0.3701->0.3447 (2 of 2) rejected ['lateral'] [54s]
   [short_shank_left_s0] t5 [naming] pick stiff  side +1 (oracle stiff, value 1.00) fit 0.3091->0.3030 held-out 0.4145->0.4010 (2 of 2) rejected [] [111s]
   [nolegs_s0] t1 [base] pick torso  side +0 (oracle torso, value 1.00) fit 0.5034->0.4461 held-out 0.6392->0.6055 (2 of 2) rejected [] [12s]
   [nolegs_s0] t2 [base] declined: rhythm held-out 0.6084 >= 0.6055 (1 of 2 runs lower); torso spent; arms spent [16s]
   [nolegs_s0] t3 [naming] declined: vault spent [16s]
   [nolegs_s0] t4 [rest] declined: rhythm held-out 0.6084 >= 0.6055 (1 of 2 runs lower); torso spent; arms spent; vault spent [16s]
   [noleg_left_s0] t4 [base] declined: lateral held-out 0.3799 >= 0.3447 (0 of 2 runs lower); rhythm spent; torso spent; arms spent [63s]
nolegs_s0              [design] designed vault+0 v0 0.657/0.717 -> 0.446/0.605 added ['arms', 'torso'] [16s]
   [noleg_left_s0] t5 [naming] declined: weak spent; stiff spent; limp spent; hold spent [72s]
   [noleg_left_s0] t6 [rest] declined: lateral held-out 0.3799 >= 0.3447 (0 of 2 runs lower); rhythm spent; weak spent; torso spent [72s]
noleg_left_s0          [design] designed None+0 v0 0.830/0.676 -> 0.654/0.345 added ['rhythm', 'torso', 'legs', 'arms'] [72s]
   [short_shank_left_s0] t6 [rest] pick torso  side +0 (oracle lateral, value 0.12) fit 0.3030->0.2997 held-out 0.4010->0.3979 (2 of 2) rejected ['lateral', 'arms'] [138s]
   [weak_hip_right_s0] t0 [base] pick lateral side +0 (oracle lateral, value 1.00) fit 0.5569->0.4082 held-out 0.4733->0.4419 (2 of 2) rejected [] [21s]
   [locked_knee_right_s0] t0 [base] pick rhythm side +0 (oracle rhythm, value 1.00) fit 0.6124->0.5582 held-out 0.6811->0.6174 (2 of 2) rejected [] [20s]
   [weak_hip_right_s0] t1 [base] pick torso  side +0 (oracle rhythm, value 0.71) fit 0.4082->0.3921 held-out 0.4419->0.4409 (1 of 2) rejected ['rhythm'] [37s]
   [locked_knee_right_s0] t1 [base] pick torso  side +0 (oracle torso, value 1.00) fit 0.5582->0.5232 held-out 0.6174->0.5988 (2 of 2) rejected [] [37s]
   [short_shank_left_s0] t7 [rest] pick legs   side +0 (oracle lateral, value 0.12) fit 0.2997->0.2958 held-out 0.3979->0.3921 (2 of 2) rejected ['lateral', 'arms'] [167s]
short_shank_left_s0    [design] designed None+0 v0 0.446/0.487 -> 0.296/0.392 added ['legs', 'legs', 'rhythm', 'torso', 'stiff+1', 'torso', 'legs'] [167s]
   [weak_hip_right_s0] t2 [base] pick lateral side +0 (oracle rhythm, value 0.38) fit 0.3921->0.3840 held-out 0.4409->0.4315 (2 of 2) rejected ['rhythm'] [54s]
   [locked_knee_right_s0] t2 [base] pick legs   side +0 (oracle legs, value 1.00) fit 0.5232->0.4980 held-out 0.5988->0.5815 (2 of 2) rejected [] [52s]
   [short_shank_right_s0] t0 [base] pick legs   side +0 (oracle legs, value 1.00) fit 0.4842->0.3506 held-out 0.5342->0.4894 (2 of 2) rejected [] [20s]
   [weak_hip_right_s0] t3 [base] declined: rhythm held-out 0.4497 >= 0.4315 (0 of 2 runs lower); arms spent; torso spent; lateral spent [74s]
   [locked_knee_right_s0] t3 [base] declined: arms held-out 0.6075 >= 0.5815 (0 of 2 runs lower); lateral held-out 0.7778 >= 0.5815 (0 of 2 runs lower); torso held-out 0.5822 >= 0.5815 (0 of 2 runs lower); rhythm spent [73s]
   [weak_hip_right_s0] t4 [naming] declined: stiff held-out 0.4329 >= 0.4315 (1 of 2 runs lower); weak spent; limp spent; hold spent [85s]
   [short_shank_right_s0] t1 [base] declined: torso held-out 0.5009 >= 0.4894 (1 of 2 runs lower); legs held-out 0.4992 >= 0.4894 (1 of 2 runs lower); arms held-out 0.4954 >= 0.4894 (1 of 2 runs lower); lateral held-out 0.5519 >= 0.4894 (0 of 2 runs lower) [41s]
   [locked_knee_right_s0] t4 [naming] pick stiff  side +1 (oracle stiff, value 1.00) fit 0.4980->0.4522 held-out 0.5815->0.5293 (2 of 2) rejected [] [84s]
   [weak_hip_right_s0] t5 [rest] declined: rhythm held-out 0.4497 >= 0.4315 (0 of 2 runs lower); stiff held-out 0.4329 >= 0.4315 (1 of 2 runs lower); arms spent; weak spent [94s]
weak_hip_right_s0      [transfer] designed None+0 v0 0.557/0.473 -> 0.384/0.431 added ['lateral', 'torso', 'lateral'] [94s]
   [short_shank_right_s0] t2 [naming] declined: vault held-out 0.5206 >= 0.4894 (0 of 2 runs lower); hold held-out 0.5001 >= 0.4894 (0 of 2 runs lower); stiff held-out 0.4895 >= 0.4894 (1 of 2 runs lower); weak spent [52s]
   [short_shank_right_s0] t3 [rest] declined: torso held-out 0.5009 >= 0.4894 (1 of 2 runs lower); vault held-out 0.5206 >= 0.4894 (0 of 2 runs lower); legs held-out 0.4992 >= 0.4894 (1 of 2 runs lower); hold held-out 0.5001 >= 0.4894 (0 of 2 runs lower) [52s]
short_shank_right_s0   [transfer] designed None+0 v0 0.484/0.534 -> 0.351/0.489 added ['legs'] [52s]
   [stump_right_s0] t0 [base] pick lateral side +0 (oracle lateral, value 1.00) fit 0.7470->0.3826 held-out 0.6781->0.4786 (2 of 2) rejected [] [19s]
   [noleg_right_s0] t0 [base] pick rhythm side +0 (oracle legs, value 0.15) fit 0.6190->0.5884 held-out 0.6290->0.6181 (2 of 2) rejected ['legs', 'torso'] [17s]
   [locked_knee_right_s0] t5 [rest] pick legs   side +0 (oracle arms, value 0.63) fit 0.4522->0.4397 held-out 0.5293->0.5263 (2 of 2) rejected ['arms', 'weak', 'lateral'] [113s]
   [noleg_right_s0] t1 [base] pick legs   side +0 (oracle legs, value 1.00) fit 0.5884->0.3808 held-out 0.6181->0.3930 (2 of 2) rejected [] [28s]
   [stump_right_s0] t1 [base] pick arms   side +0 (oracle torso, value 0.87) fit 0.3826->0.3649 held-out 0.4786->0.4584 (2 of 2) rejected ['torso', 'rhythm'] [33s]
   [stump_right_s0] t2 [base] declined: rhythm held-out 0.4841 >= 0.4584 (0 of 2 runs lower); torso held-out 0.4714 >= 0.4584 (0 of 2 runs lower); lateral spent; arms spent [46s]
   [noleg_right_s0] t2 [base] pick rhythm side +0 (oracle rhythm, value 1.00) fit 0.3808->0.3532 held-out 0.3930->0.3724 (2 of 2) rejected [] [43s]
   [locked_knee_right_s0] t6 [rest] pick hold   side -1 (oracle arms, value 0.33) fit 0.4397->0.4329 held-out 0.5263->0.5078 (2 of 2) rejected ['arms', 'lateral'] [137s]
   [stump_right_s0] t3 [naming] pick vault  side +0 (oracle vault, value 1.00) fit 0.3649->0.3487 held-out 0.4584->0.4499 (2 of 2) rejected [] [56s]
   [noleg_right_s0] t3 [base] pick arms   side +0 (oracle arms, value 1.00) fit 0.3532->0.3263 held-out 0.3724->0.3666 (2 of 2) rejected [] [57s]
   [noleg_right_s0] t4 [base] pick lateral side +0 (oracle lateral, value 1.00) fit 0.3263->0.3087 held-out 0.3666->0.3663 (1 of 2) rejected [] [70s]
   [locked_knee_right_s0] t7 [rest] pick limp   side +1 (oracle arms, value 0.35) fit 0.4329->0.4254 held-out 0.5078->0.5065 (1 of 2) rejected ['arms', 'lateral'] [163s]
locked_knee_right_s0   [transfer] designed stiff+1 v0 0.612/0.681 -> 0.425/0.507 added ['rhythm', 'torso', 'legs', 'stiff+1', 'legs', 'hold-1', 'limp+1'] [163s]
   [stump_right_s0] t4 [rest] pick rhythm side +0 (oracle rhythm, value 1.00) fit 0.3487->0.3276 held-out 0.4499->0.4307 (2 of 2) rejected [] [80s]
   [noleg_right_s0] t5 [base] pick legs   side +0 (oracle legs, value 1.00) fit 0.3087->0.2916 held-out 0.3663->0.3651 (1 of 2) rejected [] [81s]
   [noleg_right_s0] t6 [naming] pick vault  side +0 (oracle vault, value 1.00) fit 0.2916->0.2844 held-out 0.3651->0.3546 (2 of 2) rejected [] [89s]
   [intact_s1] t0 [base] pick torso  side +0 (oracle legs, value 0.74) fit 0.3779->0.3472 held-out 0.3681->0.3549 (1 of 2) rejected ['legs', 'rhythm'] [20s]
   [stump_right_s0] t5 [rest] pick hold   side +1 (oracle torso, value 0.81) fit 0.3276->0.3170 held-out 0.4307->0.4242 (1 of 2) rejected ['torso'] [103s]
   [noleg_right_s0] t7 [rest] pick weak   side -1 (oracle legs, value 0.31) fit 0.2844->0.2731 held-out 0.3546->0.3533 (1 of 2) rejected ['legs', 'stiff', 'torso'] [109s]
noleg_right_s0         [transfer] designed None+0 v0 0.619/0.629 -> 0.273/0.353 added ['rhythm', 'legs', 'rhythm', 'arms', 'lateral', 'legs', 'vault', 'weak-1'] [109s]
   [intact_s1] t1 [base] pick arms   side +0 (oracle legs, value 0.58) fit 0.3472->0.3297 held-out 0.3549->0.3497 (1 of 2) rejected ['legs', 'rhythm'] [38s]
   [nolegs_s1] t0 [base] pick arms   side +0 (oracle arms, value 1.00) fit 0.7613->0.6975 held-out 0.6644->0.5608 (2 of 2) rejected [] [6s]
   [nolegs_s1] t1 [base] declined: torso spent; arms spent; rhythm spent [11s]
   [nolegs_s1] t2 [naming] declined: vault spent [11s]
   [nolegs_s1] t3 [rest] declined: torso spent; arms spent; vault spent; rhythm spent [11s]
nolegs_s1              [transfer] designed vault+0 v0 0.761/0.664 -> 0.697/0.561 added ['arms'] [11s]
   [stump_right_s0] t6 [rest] declined: torso held-out 0.4411 >= 0.4242 (0 of 2 runs lower); rhythm held-out 0.4315 >= 0.4242 (0 of 2 runs lower); stiff spent; lateral spent [128s]
stump_right_s0         [transfer] designed limp+1 v0 0.747/0.678 -> 0.317/0.424 added ['lateral', 'arms', 'vault', 'rhythm', 'hold+1'] [128s]
   [intact_s1] t2 [base] pick legs   side +0 (oracle legs, value 1.00) fit 0.3297->0.2956 held-out 0.3497->0.3461 (1 of 2) rejected [] [55s]
   [intact_s1] t3 [base] pick lateral side +0 (oracle lateral, value 1.00) fit 0.2956->0.2850 held-out 0.3461->0.3419 (2 of 2) rejected [] [68s]
   [intact_s1] t4 [base] pick legs   side +0 (oracle legs, value 1.00) fit 0.2850->0.2738 held-out 0.3419->0.3385 (2 of 2) rejected [] [81s]
   [intact_s1] t5 [base] declined: rhythm held-out 0.3671 >= 0.3385 (0 of 2 runs lower); lateral spent; torso spent; legs spent [97s]
   [intact_s1] t6 [naming] declined: weak spent; stiff spent; limp spent; hold spent [108s]
   [intact_s1] t7 [rest] declined: rhythm held-out 0.3671 >= 0.3385 (0 of 2 runs lower); weak spent; stiff spent; limp spent [108s]
intact_s1              [transfer] designed None+0 v0 0.378/0.368 -> 0.274/0.339 added ['torso', 'arms', 'legs', 'lateral', 'legs'] [108s]
done: 14 cases in 490s -> poc/results/g8.json
