   [weak_hip_left_s0] t0 pick torso  side +0 (oracle legs, value 0.72) fit 0.4239->0.3409 held-out 0.4294->0.3404 (2 of 2) rejected ['legs'] [48s]
   [locked_knee_left_s0] t0 pick stiff  side -1 (oracle stiff, value 1.00) fit 0.6293->0.4870 held-out 0.5931->0.4776 (2 of 2) rejected [] [49s]
   [intact_s0] t0 pick arms   side +0 (oracle torso, value 0.13) fit 0.3540->0.3486 held-out 0.4088->0.4021 (2 of 2) rejected ['torso', 'legs'] [51s]
   [intact_s0] t1 pick torso  side +0 (oracle torso, value 1.00) fit 0.3486->0.3160 held-out 0.4021->0.3682 (2 of 2) rejected [] [96s]
   [locked_knee_left_s0] t1 pick legs   side +0 (oracle legs, value 1.00) fit 0.4870->0.3920 held-out 0.4776->0.4240 (2 of 2) rejected [] [97s]
   [weak_hip_left_s0] t1 pick arms   side +0 (oracle rhythm, value 0.68) fit 0.3409->0.3209 held-out 0.3404->0.3393 (1 of 2) rejected ['rhythm'] [98s]
   [intact_s0] t2 pick lateral side +0 (oracle torso, value 0.68) fit 0.3160->0.3095 held-out 0.3682->0.3644 (2 of 2) rejected ['torso', 'legs'] [141s]
   [weak_hip_left_s0] t2 pick limp   side +1 (oracle rhythm, value 0.63) fit 0.3209->0.3056 held-out 0.3393->0.3356 (1 of 2) rejected ['rhythm', 'lateral', 'legs'] [145s]
   [locked_knee_left_s0] t2 pick torso  side +0 (oracle torso, value 1.00) fit 0.3920->0.3640 held-out 0.4240->0.4148 (2 of 2) rejected [] [145s]
   [weak_hip_left_s0] t3 declined: lateral held-out 0.3642 >= 0.3356 (0 of 2 runs lower); legs guard: speed; rhythm spent; torso spent [184s]
weak_hip_left_s0       [design] designed None+0 v0 0.424/0.429 -> 0.306/0.336 added ['torso', 'arms', 'limp+1'] [184s]
   [locked_knee_left_s0] t3 pick arms   side +0 (oracle arms, value 1.00) fit 0.3640->0.3459 held-out 0.4148->0.4029 (2 of 2) rejected [] [185s]
   [intact_s0] t3 declined: rhythm held-out 0.3929 >= 0.3644 (0 of 2 runs lower); lateral held-out 0.3754 >= 0.3644 (0 of 2 runs lower); limp held-out 0.3735 >= 0.3644 (0 of 2 runs lower); torso spent [188s]
intact_s0              [design] designed None+0 v0 0.354/0.409 -> 0.309/0.364 added ['arms', 'torso', 'lateral'] [188s]
   [locked_knee_left_s0] t4 pick limp   side -1 (oracle lateral, value 0.74) fit 0.3459->0.3380 held-out 0.4029->0.4006 (2 of 2) rejected ['lateral'] [221s]
   [stump_left_s0] t0 pick torso  side +0 (oracle torso, value 1.00) fit 0.6872->0.3578 held-out 0.6505->0.4735 (2 of 2) rejected [] [42s]
   [short_shank_left_s0] t0 pick rhythm side +0 (oracle rhythm, value 1.00) fit 1.0393->0.3580 held-out 0.9218->0.4262 (2 of 2) rejected [] [51s]
   [locked_knee_left_s0] t5 pick lateral side +0 (oracle lateral, value 1.00) fit 0.3380->0.3339 held-out 0.4006->0.3846 (2 of 2) rejected [] [256s]
locked_knee_left_s0    [design] designed stiff-1 v0 0.629/0.593 -> 0.334/0.385 added ['stiff-1', 'legs', 'torso', 'arms', 'limp-1', 'lateral'] [256s]
   [stump_left_s0] t1 pick legs   side +0 (oracle legs, value 1.00) fit 0.3578->0.3073 held-out 0.4735->0.4644 (2 of 2) rejected [] [83s]
   [short_shank_left_s0] t1 pick torso  side +0 (oracle lateral, value 0.36) fit 0.3580->0.3428 held-out 0.4262->0.4234 (1 of 2) rejected ['lateral'] [99s]
   [noleg_left_s0] t0 pick vault  side +0 (oracle lateral, value 0.73) fit 0.7264->0.6385 held-out 0.6998->0.5353 (2 of 2) rejected ['lateral'] [39s]
   [stump_left_s0] t2 pick rhythm side +0 (oracle rhythm, value 1.00) fit 0.3073->0.2663 held-out 0.4644->0.4501 (1 of 2) rejected [] [127s]
   [short_shank_left_s0] t2 pick limp   side +1 (oracle lateral, value 0.13) fit 0.3428->0.3373 held-out 0.4234->0.4225 (1 of 2) rejected ['lateral', 'legs'] [147s]
   [noleg_left_s0] t1 pick legs   side +0 (oracle lateral, value 0.46) fit 0.6385->0.5726 held-out 0.5353->0.4789 (2 of 2) rejected ['lateral'] [78s]
   [stump_left_s0] t3 pick legs   side +0 (oracle lateral, value 0.26) fit 0.2663->0.2547 held-out 0.4501->0.4428 (1 of 2) rejected ['lateral'] [168s]
   [noleg_left_s0] t2 pick rhythm side +0 (oracle lateral, value 0.17) fit 0.5726->0.5437 held-out 0.4789->0.4139 (2 of 2) rejected ['lateral'] [118s]
   [short_shank_left_s0] t3 declined: lateral held-out 0.5773 >= 0.4225 (0 of 2 runs lower); legs held-out 0.4230 >= 0.4225 (1 of 2 runs lower); torso spent; arms spent [192s]
short_shank_left_s0    [design] designed None+0 v0 1.039/0.922 -> 0.337/0.423 added ['rhythm', 'torso', 'limp+1'] [192s]
   [nolegs_s0] t0 pick arms   side +0 (oracle arms, value 1.00) fit 0.7692->0.5682 held-out 0.7811->0.6616 (2 of 2) rejected [] [12s]
   [nolegs_s0] t1 pick rhythm side +0 (oracle rhythm, value 1.00) fit 0.5682->0.5175 held-out 0.6616->0.6588 (1 of 2) rejected [] [20s]
   [stump_left_s0] t4 pick torso  side +0 (oracle lateral, value 0.09) fit 0.2547->0.2505 held-out 0.4428->0.4405 (1 of 2) rejected ['lateral', 'hold'] [209s]
   [nolegs_s0] t2 declined: torso guard: speed; arms guard: speed; rhythm spent; vault spent [29s]
nolegs_s0              [design] designed vault+0 v0 0.769/0.781 -> 0.517/0.659 added ['arms', 'rhythm'] [29s]
   [noleg_left_s0] t3 pick legs   side +0 (oracle lateral, value 0.10) fit 0.5437->0.5275 held-out 0.4139->0.4039 (2 of 2) rejected ['lateral'] [156s]
   [stump_left_s0] t5 declined: lateral held-out 0.5427 >= 0.4405 (0 of 2 runs lower); hold held-out 0.4595 >= 0.4405 (0 of 2 runs lower); stiff spent; arms spent [241s]
stump_left_s0          [design] designed limp-1 v0 0.687/0.651 -> 0.250/0.441 added ['torso', 'legs', 'rhythm', 'legs', 'torso'] [241s]
   [noleg_left_s0] t4 pick arms   side +0 (oracle lateral, value 0.08) fit 0.5275->0.5136 held-out 0.4039->0.3784 (2 of 2) rejected ['lateral'] [188s]
   [weak_hip_right_s0] t0 pick rhythm side +0 (oracle rhythm, value 1.00) fit 0.5774->0.4109 held-out 0.4988->0.4363 (1 of 2) rejected [] [51s]
   [noleg_left_s0] t5 pick limp   side +1 (oracle lateral, value 0.04) fit 0.5136->0.5071 held-out 0.3784->0.3729 (2 of 2) rejected ['lateral', 'torso'] [220s]
noleg_left_s0          [design] designed None+0 v0 0.726/0.700 -> 0.507/0.373 added ['vault', 'legs', 'rhythm', 'legs', 'arms', 'limp+1'] [220s]
   [locked_knee_right_s0] t0 pick legs   side +0 (oracle legs, value 1.00) fit 0.6253->0.5538 held-out 0.6847->0.6088 (2 of 2) rejected [] [51s]
   [weak_hip_right_s0] t1 pick lateral side +0 (oracle lateral, value 1.00) fit 0.4109->0.3875 held-out 0.4363->0.4337 (1 of 2) rejected [] [98s]
   [locked_knee_right_s0] t1 pick limp   side +1 (oracle limp, value 1.00) fit 0.5538->0.5220 held-out 0.6088->0.5944 (2 of 2) rejected [] [91s]
   [short_shank_right_s0] t0 pick torso  side +0 (oracle torso, value 1.00) fit 0.9698->0.3681 held-out 1.0942->0.4675 (2 of 2) rejected [] [51s]
   [weak_hip_right_s0] t2 pick arms   side +0 (oracle stiff, value 0.95) fit 0.3875->0.3756 held-out 0.4337->0.4300 (2 of 2) rejected ['stiff'] [143s]
   [locked_knee_right_s0] t2 pick torso  side +0 (oracle stiff, value 0.81) fit 0.5220->0.4991 held-out 0.5944->0.5864 (2 of 2) rejected ['stiff'] [138s]
   [short_shank_right_s0] t1 pick legs   side +0 (oracle rhythm, value 0.78) fit 0.3681->0.3462 held-out 0.4675->0.4429 (2 of 2) rejected ['rhythm', 'lateral'] [99s]
   [weak_hip_right_s0] t3 declined: stiff held-out 0.4418 >= 0.4300 (0 of 2 runs lower); vault spent; rhythm spent; lateral spent [183s]
weak_hip_right_s0      [transfer] designed None+0 v0 0.577/0.499 -> 0.376/0.430 added ['rhythm', 'lateral', 'arms'] [183s]
   [locked_knee_right_s0] t3 declined: lateral held-out 0.8171 >= 0.5864 (0 of 2 runs lower); stiff guard: speed; legs guard: speed; arms held-out 0.5970 >= 0.5864 (0 of 2 runs lower) [178s]
locked_knee_right_s0   [transfer] designed stiff+1 v0 0.625/0.685 -> 0.499/0.586 added ['legs', 'limp+1', 'torso'] [178s]
   [short_shank_right_s0] t2 declined: lateral held-out 0.5380 >= 0.4429 (0 of 2 runs lower); rhythm held-out 0.4491 >= 0.4429 (1 of 2 runs lower); arms held-out 0.4432 >= 0.4429 (1 of 2 runs lower); vault spent [147s]
short_shank_right_s0   [transfer] designed None+0 v0 0.970/1.094 -> 0.346/0.443 added ['torso', 'legs'] [147s]
   [stump_right_s0] t0 pick torso  side +0 (oracle torso, value 1.00) fit 0.7297->0.4324 held-out 0.7134->0.5037 (2 of 2) rejected [] [44s]
   [noleg_right_s0] t0 pick vault  side +0 (oracle torso, value 0.88) fit 0.6795->0.4788 held-out 0.6972->0.4713 (2 of 2) rejected ['torso'] [41s]
   [stump_right_s0] t1 pick lateral side +0 (oracle lateral, value 1.00) fit 0.4324->0.3269 held-out 0.5037->0.4898 (1 of 2) rejected [] [86s]
   [intact_s1] t0 pick hold   side -1 (oracle legs, value 0.55) fit 0.3779->0.3340 held-out 0.3968->0.3852 (1 of 2) rejected ['legs'] [52s]
   [noleg_right_s0] t1 pick arms   side +0 (oracle rhythm, value 0.57) fit 0.4788->0.4312 held-out 0.4713->0.4490 (2 of 2) rejected ['rhythm', 'legs'] [81s]
   [stump_right_s0] t2 pick torso  side +0 (oracle legs, value 0.35) fit 0.3269->0.3060 held-out 0.4898->0.4573 (2 of 2) rejected ['legs', 'rhythm'] [124s]
   [intact_s1] t1 pick rhythm side +0 (oracle legs, value 0.82) fit 0.3340->0.3043 held-out 0.3852->0.3784 (1 of 2) rejected ['legs'] [101s]
   [noleg_right_s0] t2 pick lateral side +0 (oracle legs, value 0.27) fit 0.4312->0.4156 held-out 0.4490->0.4477 (1 of 2) rejected ['legs', 'rhythm', 'torso'] [119s]
   [stump_right_s0] t3 pick rhythm side +0 (oracle legs, value 0.57) fit 0.3060->0.2680 held-out 0.4573->0.4205 (2 of 2) rejected ['legs'] [158s]
   [noleg_right_s0] t3 pick torso  side +0 (oracle torso, value 1.00) fit 0.4156->0.3446 held-out 0.4477->0.3685 (2 of 2) rejected [] [154s]
   [intact_s1] t2 declined: legs guard: speed; arms spent; stiff spent; rhythm spent [147s]
intact_s1              [transfer] designed None+0 v0 0.378/0.397 -> 0.304/0.378 added ['hold-1', 'rhythm'] [147s]
   [nolegs_s1] t0 pick torso  side +0 (oracle torso, value 1.00) fit 0.7799->0.6468 held-out 0.7758->0.6483 (2 of 2) rejected [] [11s]
   [stump_right_s0] t4 pick arms   side +0 (oracle legs, value 0.17) fit 0.2680->0.2652 held-out 0.4205->0.4202 (2 of 2) rejected ['legs', 'stiff', 'hold', 'torso', 'weak'] [199s]
   [nolegs_s1] t1 declined: arms guard: speed; rhythm held-out 0.6574 >= 0.6483 (0 of 2 runs lower); torso spent; vault spent [19s]
nolegs_s1              [transfer] designed vault+0 v0 0.780/0.776 -> 0.647/0.648 added ['torso'] [19s]
   [noleg_right_s0] t4 pick legs   side +0 (oracle legs, value 1.00) fit 0.3446->0.2947 held-out 0.3685->0.3608 (2 of 2) rejected [] [188s]
   [stump_right_s0] t5 declined: legs held-out 0.4289 >= 0.4202 (1 of 2 runs lower); stiff held-out 0.4211 >= 0.4202 (1 of 2 runs lower); torso held-out 0.4321 >= 0.4202 (0 of 2 runs lower); hold held-out 0.4323 >= 0.4202 (0 of 2 runs lower) [238s]
stump_right_s0         [transfer] designed limp+1 v0 0.730/0.713 -> 0.265/0.420 added ['torso', 'lateral', 'torso', 'rhythm', 'arms'] [238s]
   [noleg_right_s0] t5 pick vault  side +0 (oracle vault, value 1.00) fit 0.2947->0.2848 held-out 0.3608->0.3595 (2 of 2) rejected [] [223s]
noleg_right_s0         [transfer] designed None+0 v0 0.680/0.697 -> 0.285/0.359 added ['vault', 'arms', 'lateral', 'torso', 'legs', 'vault'] [223s]
done: 14 cases in 834s -> poc/results/g9.json
