intact: nq 21 nu 14 mass 53.1 kg
    t=0.00s x=-0.00 y=-0.00 z=1.17 cost 538.7 [1s]
    t=0.50s x=0.12 y=0.02 z=1.13 cost 449.0 [16s]
    t=1.00s x=0.29 y=0.07 z=1.11 cost 437.2 [30s]
    t=1.50s x=0.64 y=0.08 z=1.16 cost 513.4 [44s]
    t=2.00s x=0.84 y=0.14 z=1.16 cost 492.5 [58s]
    t=2.50s x=1.06 y=0.23 z=1.03 cost 508.7 [73s]
    t=3.00s x=1.22 y=0.28 z=1.09 cost 514.1 [88s]
    t=3.50s x=1.36 y=0.31 z=1.12 cost 705.0 [102s]
    t=4.00s x=1.49 y=0.31 z=1.17 cost 747.8 [116s]
    t=4.50s x=1.73 y=0.30 z=1.14 cost 471.7 [130s]
  intact: speed 0.37 m/s, lateral 0.09, drift 0.25 m, torso z 1.13, head z 1.50, tilt 0.22 rad, yaw 0.16, stance {foot_l 0.43, foot_r 0.63}, alternation 0.75, double 0.15, flight 0.10, asymmetry 0.19, hands 0.00, airborne 0.10 [143s]
weak_hip_left: nq 21 nu 14 mass 53.1 kg
    t=0.00s x=-0.00 y=-0.00 z=1.17 cost 503.5 [1s]
    t=0.50s x=0.12 y=-0.02 z=1.14 cost 484.4 [15s]
    t=1.00s x=0.30 y=-0.01 z=1.06 cost 374.0 [29s]
    t=1.50s x=0.57 y=0.01 z=1.11 cost 374.2 [43s]
    t=2.00s x=0.81 y=0.02 z=1.15 cost 1029.2 [57s]
    t=2.50s x=1.08 y=0.09 z=1.12 cost 557.3 [71s]
    t=3.00s x=1.25 y=0.13 z=1.12 cost 593.1 [85s]
    t=3.50s x=1.38 y=0.13 z=1.11 cost 1129.3 [99s]
    t=4.00s x=1.63 y=0.12 z=1.02 cost 2728.1 [113s]
    t=4.50s x=1.96 y=0.00 z=0.76 cost 2909.2 [127s]
  weak_hip_left: speed 0.46 m/s, lateral 0.13, drift -0.13 m, torso z 0.99, head z 1.36, tilt 0.20 rad, yaw 0.12, stance {foot_l 0.65, foot_r 0.16, thigh_l 0.10, thigh_r 0.08, shank_l 0.01}, alternation 0.71, double 0.05, flight 0.24, asymmetry 0.60, hands 0.00, airborne 0.15 [141s]
locked_knee_left: nq 21 nu 14 mass 53.1 kg
    t=0.00s x=-0.00 y=-0.00 z=1.17 cost 480.4 [1s]
    t=0.50s x=0.12 y=-0.03 z=1.17 cost 294.3 [15s]
    t=1.00s x=0.30 y=0.02 z=1.15 cost 294.1 [29s]
    t=1.50s x=0.46 y=0.01 z=1.13 cost 527.4 [42s]
    t=2.00s x=0.60 y=-0.01 z=1.18 cost 239.0 [56s]
    t=2.50s x=0.78 y=-0.01 z=1.15 cost 268.2 [70s]
    t=3.00s x=1.02 y=0.07 z=1.16 cost 221.8 [84s]
    t=3.50s x=1.28 y=0.11 z=1.19 cost 307.9 [97s]
    t=4.00s x=1.57 y=0.04 z=1.18 cost 275.4 [111s]
    t=4.50s x=1.80 y=-0.04 z=1.12 cost 325.1 [125s]
  locked_knee_left: speed 0.48 m/s, lateral 0.14, drift -0.15 m, torso z 1.15, head z 1.52, tilt 0.20 rad, yaw 0.22, stance {foot_l 0.64, foot_r 0.54, shank_r 0.01}, alternation 0.64, double 0.27, flight 0.09, asymmetry 0.09, hands 0.00, airborne 0.09 [139s]
short_shank_left: nq 21 nu 14 mass 51.9 kg
    t=0.00s x=-0.00 y=0.00 z=1.17 cost 491.7 [1s]
    t=0.50s x=0.07 y=0.01 z=1.14 cost 410.1 [15s]
    t=1.00s x=0.25 y=0.04 z=1.12 cost 686.1 [28s]
    t=1.50s x=0.45 y=0.11 z=1.05 cost 1452.5 [42s]
    t=2.00s x=0.76 y=0.21 z=1.01 cost 633.0 [55s]
    t=2.50s x=1.05 y=0.11 z=0.93 cost 922.0 [68s]
    t=3.00s x=1.31 y=0.18 z=1.09 cost 577.2 [82s]
    t=3.50s x=1.54 y=0.16 z=1.04 cost 481.5 [95s]
    t=4.00s x=1.71 y=0.16 z=1.13 cost 918.2 [108s]
    t=4.50s x=1.94 y=0.18 z=0.92 cost 1690.9 [122s]
  short_shank_left: speed 0.43 m/s, lateral 0.13, drift 0.07 m, torso z 1.04, head z 1.41, tilt 0.20 rad, yaw 0.28, stance {foot_l 0.17, foot_r 0.71, shank_r 0.01}, alternation 0.71, double 0.08, flight 0.21, asymmetry 0.62, hands 0.00, airborne 0.21 [135s]
stump_left: nq 18 nu 11 mass 48.4 kg
    t=0.00s x=-0.00 y=0.00 z=1.17 cost 669.7 [1s]
    t=0.50s x=0.05 y=0.00 z=1.00 cost 1039.9 [12s]
    t=1.00s x=0.20 y=-0.02 z=1.07 cost 986.6 [24s]
    t=1.50s x=0.43 y=-0.01 z=1.15 cost 374.6 [36s]
    t=2.00s x=0.59 y=0.01 z=1.13 cost 843.2 [47s]
    t=2.50s x=0.81 y=0.03 z=1.12 cost 2213.1 [58s]
    t=3.00s x=1.32 y=0.06 z=0.65 cost 2930.2 [70s]
    t=3.50s x=1.50 y=0.12 z=0.72 cost 2813.9 [82s]
    t=4.00s x=1.74 y=0.28 z=0.73 cost 2690.3 [94s]
    t=4.50s x=1.86 y=0.29 z=0.73 cost 2539.0 [105s]
  stump_left: speed 0.51 m/s, lateral 0.14, drift 0.35 m, torso z 0.83, head z 1.21, tilt 0.17 rad, yaw 0.34, stance {foot_r 0.39, thigh_l 0.30, thigh_r 0.25, shank_r 0.01}, alternation 0.58, double 0.06, flight 0.37, asymmetry 0.12, hands 0.00, airborne 0.22 [116s]
noleg_left: nq 16 nu 9 mass 42.7 kg
    t=0.00s x=0.00 y=-0.00 z=1.17 cost 963.6 [0s]
    t=0.50s x=0.11 y=-0.01 z=1.09 cost 387.8 [11s]
    t=1.00s x=0.26 y=-0.06 z=1.18 cost 1053.5 [21s]
    t=1.50s x=0.43 y=-0.14 z=1.00 cost 756.7 [31s]
    t=2.00s x=0.69 y=-0.34 z=1.09 cost 756.4 [41s]
    t=2.50s x=0.94 y=-0.36 z=1.08 cost 511.8 [51s]
    t=3.00s x=1.15 y=-0.31 z=1.16 cost 496.5 [61s]
    t=3.50s x=1.37 y=-0.28 z=1.01 cost 686.6 [71s]
    t=4.00s x=1.52 y=-0.32 z=1.13 cost 984.5 [81s]
    t=4.50s x=1.72 y=-0.30 z=1.13 cost 1278.5 [91s]
  noleg_left: speed 0.40 m/s, lateral 0.09, drift -0.35 m, torso z 1.11, head z 1.47, tilt 0.27 rad, yaw 2.54, stance {foot_r 0.80, shank_r 0.00}, hands 0.00, airborne 0.20 [100s]
nolegs: nq 11 nu 4 mass 32.3 kg
    t=0.00s x=0.00 y=-0.00 z=0.35 cost 3130.2 [0s]
    t=0.50s x=0.14 y=-0.01 z=0.35 cost 1941.4 [5s]
    t=1.00s x=0.26 y=-0.06 z=0.35 cost 1842.6 [10s]
    t=1.50s x=0.41 y=-0.03 z=0.34 cost 1728.8 [15s]
    t=2.00s x=0.64 y=-0.04 z=0.34 cost 1694.0 [20s]
    t=2.50s x=0.87 y=-0.02 z=0.35 cost 1998.3 [26s]
    t=3.00s x=1.02 y=0.01 z=0.32 cost 2220.1 [32s]
    t=3.50s x=1.32 y=0.05 z=0.26 cost 1693.7 [37s]
    t=4.00s x=1.51 y=0.10 z=0.55 cost 1450.2 [41s]
    t=4.50s x=1.84 y=0.10 z=0.69 cost 1566.2 [46s]
  nolegs: speed 0.46 m/s, lateral 0.07, drift 0.07 m, torso z 0.42, head z 0.44, tilt 1.52 rad, yaw 1.34, stance {hand_l 0.40, hand_r 0.35, torso 0.07, pelvis 0.28, head 0.13}, hands 0.54, airborne 0.13 [51s]
