intact: nq 13 nu 10 mass 47.0 kg
  intact: speed 0.54 m/s over 3s, torso z 0.26, head z 0.28, |pitch| 1.51 rad, stance {foot_l 0.03, foot_r 0.06, knee_l 0.02, knee_r 0.03, hand_l 0.53, hand_r 0.51}, alternation 0.09, asymmetry 0.25, hands 0.63 [27s]
stump_left: nq 11 nu 8 mass 42.4 kg
  stump_left: speed 0.42 m/s over 3s, torso z 0.22, head z 0.30, |pitch| 1.36 rad, stance {foot_r 0.12, knee_l 0.14, knee_r 0.01, hand_l 0.67, hand_r 0.56}, alternation 0.26, asymmetry 0.08, hands 0.83 [23s]
noleg_left: nq 10 nu 7 mass 36.7 kg
  noleg_left: speed 0.40 m/s over 3s, torso z 0.26, head z 0.31, |pitch| 1.45 rad, stance {foot_r 0.02, knee_r 0.00, hand_l 0.10, hand_r 0.53}, hands 0.60 [19s]
nolegs: nq 7 nu 4 mass 26.4 kg
  nolegs: speed 0.45 m/s over 3s, torso z 0.30, head z 0.11, |pitch| 2.36 rad, stance {hand_l 0.32, hand_r 0.41}, hands 0.64 [14s]
intact: nq 13 nu 10 mass 47.0 kg
  intact: speed 0.10 m/s over 3s, torso z 0.19, head z 0.33, |pitch| 1.21 rad, stance {foot_l 0.76, foot_r 0.06, knee_l 0.04, knee_r 0.05, hand_l 0.90, hand_r 0.55}, alternation 0.70, asymmetry 0.86, hands 0.99 [41s]
stump_left: nq 11 nu 8 mass 42.4 kg
  stump_left: speed 0.35 m/s over 3s, torso z 0.39, head z 0.65, |pitch| 0.70 rad, stance {foot_r 0.05, knee_l 0.22, knee_r 0.15, hand_l 0.60, hand_r 0.73}, alternation 0.27, asymmetry 0.63, hands 0.80 [36s]
noleg_left: nq 10 nu 7 mass 36.7 kg
  noleg_left: speed 0.41 m/s over 3s, torso z 0.29, head z 0.47, |pitch| 1.06 rad, stance {foot_r 0.02, knee_r 0.07, hand_l 0.48, hand_r 0.38}, hands 0.86 [29s]
nolegs: nq 7 nu 4 mass 26.4 kg
  nolegs: speed 0.02 m/s over 3s, torso z 0.09, head z 0.10, |pitch| 1.56 rad, stance {hand_l 0.28, hand_r 0.32}, hands 0.56 [23s]
intact: nq 13 nu 10 mass 47.0 kg
  intact: speed 0.78 m/s over 3s, torso z 1.15, head z 1.53, |pitch| 0.08 rad, stance {foot_l 0.46, foot_r 0.60, knee_l 0.00, knee_r 0.00, hand_l 0.44, hand_r 0.61}, alternation 0.56, asymmetry 0.14, hands 0.73 [38s]
stump_left: nq 11 nu 8 mass 42.4 kg
  stump_left: speed 0.74 m/s over 3s, torso z 0.72, head z 1.10, |pitch| 0.15 rad, stance {foot_r 0.10, knee_l 0.36, knee_r 0.16, hand_l 0.28, hand_r 0.77}, alternation 0.44, asymmetry 0.56, hands 0.79 [34s]
noleg_left: nq 10 nu 7 mass 36.7 kg
  noleg_left: speed 0.74 m/s over 3s, torso z 0.70, head z 1.04, |pitch| 0.33 rad, stance {foot_r 0.10, knee_r 0.38, hand_l 0.27, hand_r 0.62}, hands 0.67 [29s]
nolegs: nq 7 nu 4 mass 26.4 kg
  nolegs: speed 0.66 m/s over 3s, torso z 0.36, head z 0.72, |pitch| 0.27 rad, stance {hand_l 0.37, hand_r 0.53}, hands 0.77 [22s]
intact: nq 13 nu 10 mass 51.5 kg
  intact: speed 0.75 m/s over 3s, torso z 1.16, head z 1.54, |pitch| 0.09 rad, stance {foot_l 0.68, foot_r 0.46, hand_l 0.00, hand_r 0.00, thigh_l 0.00, thigh_r 0.00, shank_l 0.00, shank_r 0.00, torso 0.00, pelvis 0.00, head 0.00}, alternation 0.43, asymmetry 0.19, hands 0.00, airborne 0.22 [53s]
stump_left: nq 11 nu 8 mass 46.8 kg
  stump_left: speed 0.79 m/s over 3s, torso z 0.71, head z 1.09, |pitch| 0.09 rad, stance {foot_r 0.27, hand_l 0.00, hand_r 0.00, thigh_l 0.39, thigh_r 0.34, shank_r 0.00, torso 0.00, pelvis 0.00, head 0.00}, alternation 0.38, asymmetry 0.17, hands 0.00, airborne 0.23 [49s]
noleg_left: nq 10 nu 7 mass 41.2 kg
  noleg_left: speed 0.79 m/s over 3s, torso z 0.57, head z 0.85, |pitch| 0.54 rad, stance {foot_r 0.08, hand_l 0.00, hand_r 0.00, thigh_r 0.41, shank_r 0.01, torso 0.01, pelvis 0.07, head 0.05}, hands 0.00, airborne 0.40 [42s]
nolegs: nq 7 nu 4 mass 30.9 kg
  nolegs: speed -0.00 m/s over 3s, torso z 0.12, head z 0.10, |pitch| 1.64 rad, stance {hand_l 0.00, hand_r 0.00, torso 0.00, pelvis 1.00, head 1.00}, hands 0.00, airborne 0.00 [38s]
intact: nq 13 nu 10 mass 51.5 kg
  intact: speed 0.73 m/s over 3s, torso z 1.14, head z 1.51, |pitch| 0.17 rad, stance {foot_l 0.32, foot_r 0.51, hand_l 0.00, hand_r 0.00, thigh_l 0.00, thigh_r 0.00, shank_l 0.00, shank_r 0.04, torso 0.00, pelvis 0.00, head 0.00}, alternation 0.52, asymmetry 0.22, hands 0.00, airborne 0.32 [89s]
stump_left: nq 11 nu 8 mass 46.8 kg
  stump_left: speed 0.76 m/s over 3s, torso z 0.73, head z 1.10, |pitch| 0.19 rad, stance {foot_r 0.19, hand_l 0.00, hand_r 0.00, thigh_l 0.23, thigh_r 0.31, shank_r 0.02, torso 0.00, pelvis 0.00, head 0.00}, alternation 0.33, asymmetry 0.08, hands 0.00, airborne 0.35 [77s]
noleg_left: nq 10 nu 7 mass 41.2 kg
  noleg_left: speed 0.70 m/s over 3s, torso z 0.96, head z 1.33, |pitch| 0.16 rad, stance {foot_r 0.31, hand_l 0.00, hand_r 0.00, thigh_r 0.19, shank_r 0.05, torso 0.00, pelvis 0.00, head 0.00}, hands 0.00, airborne 0.55 [64s]
nolegs: nq 7 nu 4 mass 30.9 kg
  nolegs: speed 0.14 m/s over 3s, torso z 0.17, head z 0.22, |pitch| 1.41 rad, stance {hand_l 0.00, hand_r 0.13, torso 0.00, pelvis 0.85, head 0.77}, hands 0.13, airborne 0.03 [61s]
