intact: nq 13 nu 10 mass 47.0 kg
    t=0.00s x=-0.00 z=-0.00 cost 816.8 [0s]
    t=0.50s x=0.15 z=-0.01 cost 72.2 [4s]
    t=1.00s x=0.55 z=-0.39 cost 251.3 [8s]
    t=1.50s x=0.89 z=-0.49 cost 1517.2 [11s]
    t=2.00s x=1.46 z=-1.06 cost 3062.2 [15s]
    t=2.50s x=1.50 z=-0.93 cost 2595.5 [20s]
    t=3.00s x=1.55 z=-0.99 cost 3506.2 [24s]
    t=3.50s x=1.65 z=-1.07 cost 3312.7 [29s]
    t=4.00s x=1.64 z=-0.93 cost 2590.7 [33s]
    t=4.50s x=1.67 z=-0.97 cost 3460.7 [37s]
  intact: speed 0.10 m/s over 3s, torso z 0.19, head z 0.33, |pitch| 1.21 rad, stance {foot_l 0.76, foot_r 0.06, knee_l 0.04, knee_r 0.05, hand_l 0.90, hand_r 0.55}, alternation 0.70, asymmetry 0.86, hands 0.99 [41s]
stump_left: nq 11 nu 8 mass 42.4 kg
    t=0.00s x=0.00 z=-0.00 cost 787.9 [0s]
    t=0.50s x=0.15 z=-0.36 cost 82.0 [4s]
    t=1.00s x=0.53 z=-0.10 cost 257.0 [8s]
    t=1.50s x=0.92 z=-0.43 cost 216.8 [11s]
    t=2.00s x=1.29 z=-0.41 cost 208.8 [15s]
    t=2.50s x=1.64 z=-0.44 cost 500.2 [18s]
    t=3.00s x=2.07 z=-0.66 cost 2253.4 [21s]
    t=3.50s x=2.26 z=-0.93 cost 2426.5 [24s]
    t=4.00s x=2.33 z=-0.94 cost 2577.1 [28s]
    t=4.50s x=2.33 z=-0.93 cost 2543.8 [32s]
  stump_left: speed 0.35 m/s over 3s, torso z 0.39, head z 0.65, |pitch| 0.70 rad, stance {foot_r 0.05, knee_l 0.22, knee_r 0.15, hand_l 0.60, hand_r 0.73}, alternation 0.27, asymmetry 0.63, hands 0.80 [36s]
noleg_left: nq 10 nu 7 mass 36.7 kg
    t=0.00s x=0.00 z=-0.00 cost 645.5 [0s]
    t=0.50s x=0.15 z=-0.07 cost 134.7 [3s]
    t=1.00s x=0.57 z=-0.46 cost 389.3 [6s]
    t=1.50s x=0.97 z=-0.54 cost 883.6 [9s]
    t=2.00s x=1.38 z=-0.74 cost 1054.6 [11s]
    t=2.50s x=1.59 z=-0.75 cost 1322.2 [14s]
    t=3.00s x=1.79 z=-0.83 cost 2519.8 [17s]
    t=3.50s x=2.01 z=-0.95 cost 3918.0 [20s]
    t=4.00s x=2.13 z=-0.89 cost 1944.1 [23s]
    t=4.50s x=2.43 z=-0.92 cost 3213.0 [26s]
  noleg_left: speed 0.41 m/s over 3s, torso z 0.29, head z 0.47, |pitch| 1.06 rad, stance {foot_r 0.02, knee_r 0.07, hand_l 0.48, hand_r 0.38}, hands 0.86 [29s]
nolegs: nq 7 nu 4 mass 26.4 kg
    t=0.00s x=-0.00 z=-0.00 cost 651.1 [0s]
    t=0.50s x=0.09 z=-0.24 cost 1013.5 [2s]
    t=1.00s x=0.48 z=-0.45 cost 1769.9 [5s]
    t=1.50s x=0.74 z=-0.27 cost 1212.4 [7s]
    t=2.00s x=1.24 z=-0.50 cost 3401.8 [9s]
    t=2.50s x=1.25 z=-0.51 cost 3440.8 [11s]
    t=3.00s x=1.25 z=-0.51 cost 3437.9 [14s]
    t=3.50s x=1.25 z=-0.51 cost 3437.3 [16s]
    t=4.00s x=1.26 z=-0.51 cost 3441.4 [18s]
    t=4.50s x=1.26 z=-0.51 cost 3439.6 [21s]
  nolegs: speed 0.02 m/s over 3s, torso z 0.09, head z 0.10, |pitch| 1.56 rad, stance {hand_l 0.28, hand_r 0.32}, hands 0.56 [23s]
