body               class       q  drop/e0   gap  side
intact             rhythm  0.082    0.012  0.55     0   [5s]
intact             legs    0.086    0.038  0.30     0   [10s]
intact             lateral  0.089    0.027  0.01     0   [14s]
intact             torso   0.092    0.020  0.21     0   [18s]
intact             arms    0.018    0.007  0.01     0   [21s]
intact             stiff   0.032    0.000  1.00     0   [23s]
intact             limp    0.066    0.002  0.52    -1   [26s]
intact             hold    0.143    0.029  0.30    -1   [28s]
intact             vault   0.093    0.000  1.00     0   [29s]
intact             weak    0.067    0.028  0.82     1   [32s]
  intact: of hold's effect, legs absorbs 0.00, lateral absorbs 0.02, stiff absorbs 0.00, limp absorbs 0.00, vault absorbs 0.00, weak absorbs 0.04   [51s]
  intact: of weak's effect, legs absorbs 0.00, lateral absorbs 0.00, stiff absorbs 0.00, limp absorbs 0.05, hold absorbs 0.04, vault absorbs 0.00   [68s]
  -> intact: e0 0.331; oracle legs (drop 0.038, gap 0.30, side 0); projection hold
weak_hip_left      rhythm  0.223    0.139  0.41     0   [73s]
weak_hip_left      legs    0.226    0.089  0.35     0   [78s]
weak_hip_left      lateral  0.202    0.104  0.04     0   [83s]
weak_hip_left      torso   0.286    0.210  0.21     0   [87s]
weak_hip_left      arms    0.073    0.035  0.04     0   [90s]
weak_hip_left      stiff   0.188    0.151  0.60     1   [92s]
weak_hip_left      limp    0.354    0.126  0.48     1   [94s]
weak_hip_left      hold    0.206    0.058  0.25     1   [96s]
weak_hip_left      vault   0.066    0.139  0.31     0   [97s]
weak_hip_left      weak    0.161    0.145  0.35    -1   [100s]
  weak_hip_left: of stiff's effect, legs absorbs 0.47, lateral absorbs 0.38, limp absorbs 0.41, hold absorbs 0.37, vault absorbs 0.34, weak absorbs 0.35   [118s]
  weak_hip_left: of limp's effect, legs absorbs 0.47, lateral absorbs 0.45, stiff absorbs 0.37, hold absorbs 0.41, vault absorbs 0.43, weak absorbs 0.45   [134s]
  weak_hip_left: of hold's effect, legs absorbs 0.51, lateral absorbs 0.48, stiff absorbs 0.41, limp absorbs 0.53, vault absorbs 0.35, weak absorbs 0.49   [153s]
  weak_hip_left: of vault's effect, legs absorbs 0.44, lateral absorbs 0.39, stiff absorbs 0.29, limp absorbs 0.40, hold absorbs 0.38, weak absorbs 0.34   [171s]
  weak_hip_left: of weak's effect, legs absorbs 0.33, lateral absorbs 0.48, stiff absorbs 0.36, limp absorbs 0.48, hold absorbs 0.47, vault absorbs 0.47   [189s]
  -> weak_hip_left: e0 0.364; oracle torso (drop 0.210, gap 0.21, side 0); projection limp
locked_knee_left   rhythm  0.219    0.149  0.37     0   [194s]
locked_knee_left   legs    0.204    0.140  0.37     0   [199s]
locked_knee_left   lateral  0.116    0.050  0.19     0   [203s]
locked_knee_left   torso   0.134    0.091  0.39     0   [207s]
locked_knee_left   arms    0.068    0.035  0.02     0   [210s]
locked_knee_left   stiff   0.524    0.308  0.03    -1   [213s]
locked_knee_left   limp    0.281    0.107  0.13    -1   [215s]
locked_knee_left   hold    0.247    0.076  0.46     1   [217s]
locked_knee_left   vault   0.164    0.091  0.31     0   [218s]
locked_knee_left   weak    0.119    0.062  0.23    -1   [221s]
  locked_knee_left: of stiff's effect, legs absorbs 0.21, lateral absorbs 0.12, limp absorbs 0.23, hold absorbs 0.09, vault absorbs 0.13, weak absorbs 0.16   [239s]
  locked_knee_left: of limp's effect, legs absorbs 0.39, lateral absorbs 0.37, stiff absorbs 0.36, hold absorbs 0.27, vault absorbs 0.20, weak absorbs 0.35   [255s]
  locked_knee_left: of hold's effect, legs absorbs 0.40, lateral absorbs 0.38, stiff absorbs 0.40, limp absorbs 0.36, vault absorbs 0.22, weak absorbs 0.39   [274s]
  locked_knee_left: of vault's effect, legs absorbs 0.44, lateral absorbs 0.39, stiff absorbs 0.29, limp absorbs 0.40, hold absorbs 0.38, weak absorbs 0.34   [292s]
  locked_knee_left: of weak's effect, legs absorbs 0.45, lateral absorbs 0.39, stiff absorbs 0.28, limp absorbs 0.40, hold absorbs 0.25, vault absorbs 0.44   [309s]
  -> locked_knee_left: e0 0.568; oracle stiff (drop 0.308, gap 0.03, side -1); projection stiff
short_shank_left   rhythm  0.223    0.149  0.68     0   [314s]
short_shank_left   legs    0.049    0.229  0.92     0   [320s]
short_shank_left   lateral  0.092    0.071  0.46     0   [324s]
short_shank_left   torso   0.075    0.058  0.70     0   [328s]
short_shank_left   arms    0.036    0.018  0.06     0   [331s]
short_shank_left   stiff   0.046    0.000  1.00     0   [333s]
short_shank_left   limp    0.055    0.011  0.05    -1   [336s]
short_shank_left   hold    0.070    0.133  0.86     1   [338s]
short_shank_left   vault   0.143    0.010  0.01     0   [338s]
short_shank_left   weak    0.042    0.014  0.07    -1   [341s]
  short_shank_left: of limp's effect, legs absorbs 0.26, lateral absorbs 0.02, stiff absorbs 0.02, hold absorbs 0.00, vault absorbs 0.00, weak absorbs 0.15   [360s]
  short_shank_left: of hold's effect, legs absorbs 0.43, lateral absorbs 0.09, stiff absorbs 0.01, limp absorbs 0.05, vault absorbs 0.09, weak absorbs 0.04   [378s]
  short_shank_left: of weak's effect, legs absorbs 0.04, lateral absorbs 0.00, stiff absorbs 0.00, limp absorbs 0.55, hold absorbs 0.00, vault absorbs 0.00   [395s]
  -> short_shank_left: e0 0.446; oracle legs (drop 0.229, gap 0.92, side 0); projection rhythm
stump_left         rhythm  0.081    0.074  0.67     0   [399s]
stump_left         legs    0.069    0.314  0.92     0   [404s]
stump_left         lateral  0.023    0.014  0.22     0   [408s]
stump_left         torso   0.025    0.471  0.97     0   [412s]
stump_left         arms    0.019    0.010  0.06     0   [415s]
stump_left         stiff   0.012    0.006  0.00    -1   [417s]
stump_left         limp    0.611    0.360  0.00    -1   [419s]
stump_left         hold    0.043    0.022  0.01    -1   [420s]
stump_left         vault   0.575    0.360  0.08     0   [421s]
stump_left         weak    0.058    0.029  0.40     1   [424s]
  stump_left: of limp's effect, legs absorbs 0.45, lateral absorbs 0.00, stiff absorbs 0.00, hold absorbs 0.00, vault absorbs 0.45, weak absorbs 0.00   [440s]
  stump_left: of hold's effect, legs absorbs 0.09, lateral absorbs 0.00, stiff absorbs 0.18, limp absorbs 0.00, vault absorbs 0.00, weak absorbs 0.07   [455s]
  stump_left: of vault's effect, legs absorbs 0.30, lateral absorbs 0.00, stiff absorbs 0.00, limp absorbs 0.24, hold absorbs 0.00, weak absorbs 0.00   [470s]
  stump_left: of weak's effect, legs absorbs 0.41, lateral absorbs 0.00, stiff absorbs 0.02, limp absorbs 0.17, hold absorbs 0.00, vault absorbs 0.00   [484s]
  -> stump_left: e0 0.676; oracle torso (drop 0.471, gap 0.97, side 0); projection limp
noleg_left         rhythm  0.295    0.021  0.21     0   [488s]
noleg_left         legs    0.123    0.046  0.61     0   [492s]
noleg_left         lateral  0.460    0.274  0.04     0   [495s]
noleg_left         torso   0.007    0.119  1.00     0   [499s]
noleg_left         arms    0.031    0.015  0.00     0   [501s]
noleg_left         limp    0.125    0.013  0.80     1   [503s]
noleg_left         vault   0.246    0.118  0.03     0   [504s]
noleg_left         weak    0.002    0.000  0.00    -1   [506s]
  noleg_left: of limp's effect, legs absorbs 0.09, lateral absorbs 0.10, vault absorbs 0.00, weak absorbs 0.08   [516s]
  noleg_left: of vault's effect, legs absorbs 0.23, lateral absorbs 0.01, limp absorbs 0.25, weak absorbs 0.01   [527s]
  -> noleg_left: e0 0.830; oracle lateral (drop 0.274, gap 0.04, side 0); projection lateral
nolegs             rhythm  0.053    0.103  0.62     0   [530s]
nolegs             torso   0.225    0.230  0.56     0   [533s]
nolegs             arms    0.361    0.233  0.70     0   [534s]
nolegs             vault   0.053    0.048  0.86     0   [535s]
  nolegs: of vault's effect,    [535s]
  -> nolegs: e0 0.657; oracle arms (drop 0.233, gap 0.70, side 0); projection arms

median gap by class over repairs worth >= 1%: {'arms': 0.04, 'lateral': 0.12, 'limp': 0.13, 'hold': 0.3, 'vault': 0.31, 'stiff': 0.31, 'weak': 0.35, 'legs': 0.49, 'rhythm': 0.55, 'torso': 0.56}
median absorption over bodies, B of A's effect (pairs over 0.5 are not separable):
  legs   absorbs hold   0.40  (n=5)
  limp   absorbs weak   0.40  (n=5)
  legs   absorbs limp   0.39  (n=5)
  hold   absorbs vault  0.38  (n=3)
  legs   absorbs vault  0.37  (n=4)
  legs   absorbs stiff  0.34  (n=2)
  legs   absorbs weak   0.33  (n=5)
  limp   absorbs vault  0.33  (n=4)
  limp   absorbs stiff  0.32  (n=2)
  stiff  absorbs vault  0.29  (n=3)
  weak   absorbs stiff  0.25  (n=2)
  lateral absorbs stiff  0.25  (n=2)
  vault  absorbs stiff  0.24  (n=2)
  hold   absorbs stiff  0.23  (n=2)
  vault  absorbs limp   0.20  (n=5)
  lateral absorbs vault  0.20  (n=4)
  stiff  absorbs limp   0.19  (n=4)
  stiff  absorbs hold   0.18  (n=5)
  weak   absorbs vault  0.18  (n=4)
  weak   absorbs limp   0.15  (n=5)
  hold   absorbs limp   0.14  (n=4)
  lateral absorbs limp   0.10  (n=5)
  lateral absorbs hold   0.09  (n=5)
  vault  absorbs hold   0.09  (n=5)
  weak   absorbs hold   0.07  (n=5)
  limp   absorbs hold   0.05  (n=5)
  hold   absorbs weak   0.04  (n=5)
  stiff  absorbs weak   0.02  (n=5)
  lateral absorbs weak   0.00  (n=5)
  vault  absorbs weak   0.00  (n=5)
