intact: nq 13 nu 10 mass 51.5 kg
    t=0.00s x=-0.00 z=-0.00 cost 799.5 [1s]
    t=0.50s x=0.14 z=-0.01 cost 197.2 [12s]
    t=1.00s x=0.46 z=-0.11 cost 288.8 [24s]
    t=1.50s x=0.87 z=0.06 cost 371.7 [35s]
    t=2.00s x=1.22 z=-0.11 cost 336.2 [45s]
    t=2.50s x=1.52 z=0.04 cost 248.1 [56s]
    t=3.00s x=1.91 z=-0.01 cost 207.9 [68s]
    t=3.50s x=2.31 z=-0.04 cost 289.3 [80s]
    t=4.00s x=2.63 z=0.00 cost 404.9 [91s]
    t=4.50s x=3.06 z=-0.14 cost 248.9 [102s]
  intact: speed 0.75 m/s over 3s, torso z 1.12, head z 1.50, |pitch| 0.15 rad, stance {foot_l 0.39, foot_r 0.49, hand_l 0.00, hand_r 0.00, thigh_l 0.00, thigh_r 0.00, shank_l 0.01, shank_r 0.03, torso 0.00, pelvis 0.00, head 0.00}, alternation 0.56, asymmetry 0.12, hands 0.00, airborne 0.28 [113s]
weak_hip_left: nq 13 nu 10 mass 51.5 kg
    t=0.00s x=-0.00 z=-0.00 cost 782.6 [0s]
    t=0.50s x=0.18 z=-0.07 cost 132.8 [12s]
    t=1.00s x=0.63 z=-0.04 cost 82.7 [24s]
    t=1.50s x=1.02 z=-0.03 cost 180.5 [35s]
    t=2.00s x=1.42 z=-0.05 cost 238.1 [45s]
    t=2.50s x=1.80 z=-0.01 cost 561.3 [56s]
    t=3.00s x=2.21 z=-0.03 cost 257.9 [65s]
    t=3.50s x=2.52 z=-0.08 cost 247.6 [75s]
    t=4.00s x=2.91 z=-0.13 cost 423.7 [85s]
    t=4.50s x=3.20 z=0.04 cost 152.7 [95s]
  weak_hip_left: speed 0.71 m/s over 3s, torso z 1.10, head z 1.48, |pitch| 0.16 rad, stance {foot_l 0.53, foot_r 0.47, hand_l 0.00, hand_r 0.00, thigh_l 0.00, thigh_r 0.00, shank_l 0.01, shank_r 0.04, torso 0.00, pelvis 0.00, head 0.00}, alternation 0.51, asymmetry 0.05, hands 0.00, airborne 0.24 [105s]
locked_knee_left: nq 13 nu 10 mass 51.5 kg
    t=0.00s x=0.00 z=-0.00 cost 703.4 [0s]
    t=0.50s x=0.24 z=-0.07 cost 120.9 [12s]
    t=1.00s x=0.63 z=-0.01 cost 134.4 [22s]
    t=1.50s x=1.04 z=0.02 cost 84.2 [33s]
    t=2.00s x=1.42 z=-0.01 cost 154.8 [44s]
    t=2.50s x=1.83 z=0.01 cost 160.8 [55s]
    t=3.00s x=2.19 z=-0.03 cost 81.4 [66s]
    t=3.50s x=2.55 z=0.01 cost 145.7 [76s]
    t=4.00s x=2.93 z=-0.01 cost 209.6 [88s]
    t=4.50s x=3.37 z=-0.02 cost 183.2 [99s]
  locked_knee_left: speed 0.79 m/s over 3s, torso z 1.13, head z 1.51, |pitch| 0.15 rad, stance {foot_l 0.65, foot_r 0.49, hand_l 0.00, hand_r 0.00, thigh_l 0.00, thigh_r 0.00, shank_l 0.02, shank_r 0.01, torso 0.00, pelvis 0.00, head 0.00}, alternation 0.53, asymmetry 0.14, hands 0.00, airborne 0.17 [109s]
short_shank_left: nq 13 nu 10 mass 50.2 kg
    t=0.00s x=-0.00 z=-0.00 cost 666.7 [1s]
    t=0.50s x=0.17 z=-0.02 cost 578.0 [12s]
    t=1.00s x=0.64 z=-0.21 cost 311.8 [23s]
    t=1.50s x=1.02 z=0.01 cost 237.9 [33s]
    t=2.00s x=1.38 z=0.04 cost 199.1 [43s]
    t=2.50s x=1.73 z=0.01 cost 204.3 [53s]
    t=3.00s x=2.08 z=-0.00 cost 301.3 [63s]
    t=3.50s x=2.41 z=-0.08 cost 466.1 [74s]
    t=4.00s x=2.84 z=-0.19 cost 387.5 [84s]
    t=4.50s x=3.24 z=-0.14 cost 234.7 [95s]
  short_shank_left: speed 0.74 m/s over 3s, torso z 1.07, head z 1.44, |pitch| 0.16 rad, stance {foot_l 0.22, foot_r 0.63, hand_l 0.00, hand_r 0.00, thigh_l 0.00, thigh_r 0.00, shank_l 0.01, shank_r 0.02, torso 0.00, pelvis 0.00, head 0.00}, alternation 0.58, asymmetry 0.47, hands 0.00, airborne 0.29 [105s]
stump_left: nq 11 nu 8 mass 46.8 kg
    t=0.00s x=-0.00 z=-0.00 cost 740.5 [0s]
    t=0.50s x=0.14 z=-0.02 cost 325.6 [11s]
    t=1.00s x=0.43 z=-0.09 cost 501.1 [21s]
    t=1.50s x=0.83 z=-0.45 cost 631.1 [31s]
    t=2.00s x=1.17 z=-0.43 cost 659.4 [41s]
    t=2.50s x=1.46 z=-0.43 cost 653.2 [52s]
    t=3.00s x=1.84 z=-0.44 cost 739.6 [62s]
    t=3.50s x=2.29 z=-0.40 cost 588.5 [71s]
    t=4.00s x=2.59 z=-0.43 cost 723.3 [81s]
    t=4.50s x=2.97 z=-0.49 cost 750.1 [90s]
  stump_left: speed 0.72 m/s over 3s, torso z 0.71, head z 1.09, |pitch| 0.16 rad, stance {foot_r 0.20, hand_l 0.00, hand_r 0.00, thigh_l 0.28, thigh_r 0.41, shank_r 0.00, torso 0.00, pelvis 0.00, head 0.00}, alternation 0.34, asymmetry 0.16, hands 0.00, airborne 0.28 [100s]
noleg_left: nq 10 nu 7 mass 41.2 kg
    t=0.00s x=0.00 z=-0.00 cost 647.7 [0s]
    t=0.50s x=0.14 z=-0.02 cost 321.4 [9s]
    t=1.00s x=0.47 z=-0.12 cost 685.5 [19s]
    t=1.50s x=0.79 z=-0.47 cost 724.5 [28s]
    t=2.00s x=1.14 z=-0.42 cost 1072.6 [36s]
    t=2.50s x=1.45 z=-0.43 cost 783.3 [44s]
    t=3.00s x=1.82 z=-0.44 cost 879.5 [52s]
    t=3.50s x=2.19 z=-0.41 cost 808.0 [60s]
    t=4.00s x=2.52 z=-0.48 cost 768.4 [68s]
    t=4.50s x=2.85 z=-0.35 cost 634.4 [77s]
  noleg_left: speed 0.72 m/s over 3s, torso z 0.70, head z 1.07, |pitch| 0.23 rad, stance {foot_r 0.51, hand_l 0.00, hand_r 0.00, thigh_r 0.26, shank_r 0.05, torso 0.00, pelvis 0.00, head 0.00}, hands 0.00, airborne 0.41 [85s]
nolegs: nq 7 nu 4 mass 30.9 kg
    t=0.00s x=0.00 z=-0.25 cost 3088.1 [0s]
    t=0.50s x=0.22 z=-0.25 cost 910.4 [6s]
    t=1.00s x=0.35 z=-0.26 cost 882.7 [10s]
    t=1.50s x=0.65 z=-0.24 cost 524.5 [15s]
    t=2.00s x=1.03 z=-0.26 cost 796.9 [20s]
    t=2.50s x=1.41 z=-0.26 cost 1047.2 [25s]
    t=3.00s x=1.72 z=-0.17 cost 1022.9 [30s]
    t=3.50s x=2.07 z=-0.23 cost 804.5 [35s]
    t=4.00s x=2.35 z=-0.24 cost 566.9 [39s]
    t=4.50s x=2.58 z=-0.26 cost 548.9 [44s]
  nolegs: speed 0.65 m/s over 3s, torso z 0.36, head z 0.68, |pitch| 0.47 rad, stance {hand_l 0.26, hand_r 0.18, torso 0.17, pelvis 0.22, head 0.00}, hands 0.42, airborne 0.27 [48s]
