intact: nq 13 nu 10 mass 51.5 kg
    t=0.00s x=-0.00 z=-0.00 cost 797.2 [0s]
    t=0.50s x=0.19 z=-0.03 cost 140.7 [10s]
    t=1.00s x=0.60 z=-0.06 cost 180.2 [19s]
    t=1.50s x=0.90 z=-0.02 cost 217.5 [28s]
    t=2.00s x=1.23 z=-0.06 cost 359.2 [37s]
    t=2.50s x=1.63 z=0.01 cost 236.0 [46s]
    t=3.00s x=1.98 z=-0.04 cost 319.2 [55s]
    t=3.50s x=2.33 z=-0.11 cost 393.7 [63s]
    t=4.00s x=2.69 z=-0.05 cost 294.9 [72s]
    t=4.50s x=3.01 z=-0.03 cost 186.0 [81s]
  intact: speed 0.73 m/s over 3s, torso z 1.14, head z 1.51, |pitch| 0.17 rad, stance {foot_l 0.32, foot_r 0.51, hand_l 0.00, hand_r 0.00, thigh_l 0.00, thigh_r 0.00, shank_l 0.00, shank_r 0.04, torso 0.00, pelvis 0.00, head 0.00}, alternation 0.52, asymmetry 0.22, hands 0.00, airborne 0.32 [89s]
stump_left: nq 11 nu 8 mass 46.8 kg
    t=0.00s x=-0.00 z=-0.00 cost 745.4 [0s]
    t=0.50s x=0.13 z=-0.02 cost 265.2 [9s]
    t=1.00s x=0.41 z=0.01 cost 460.3 [17s]
    t=1.50s x=0.79 z=-0.44 cost 608.8 [24s]
    t=2.00s x=1.20 z=-0.43 cost 621.8 [32s]
    t=2.50s x=1.66 z=-0.31 cost 694.9 [39s]
    t=3.00s x=2.07 z=-0.44 cost 677.9 [47s]
    t=3.50s x=2.39 z=-0.49 cost 1008.8 [54s]
    t=4.00s x=2.66 z=-0.44 cost 642.9 [62s]
    t=4.50s x=3.01 z=-0.43 cost 607.9 [69s]
  stump_left: speed 0.76 m/s over 3s, torso z 0.73, head z 1.10, |pitch| 0.19 rad, stance {foot_r 0.19, hand_l 0.00, hand_r 0.00, thigh_l 0.23, thigh_r 0.31, shank_r 0.02, torso 0.00, pelvis 0.00, head 0.00}, alternation 0.33, asymmetry 0.08, hands 0.00, airborne 0.35 [77s]
noleg_left: nq 10 nu 7 mass 41.2 kg
    t=0.00s x=-0.00 z=-0.00 cost 842.2 [0s]
    t=0.50s x=0.16 z=-0.04 cost 422.3 [7s]
    t=1.00s x=0.49 z=-0.15 cost 496.3 [14s]
    t=1.50s x=0.94 z=-0.19 cost 324.2 [20s]
    t=2.00s x=1.33 z=0.07 cost 512.1 [26s]
    t=2.50s x=1.71 z=-0.03 cost 502.3 [32s]
    t=3.00s x=2.08 z=-0.19 cost 551.3 [38s]
    t=3.50s x=2.50 z=0.07 cost 744.5 [44s]
    t=4.00s x=2.90 z=-0.43 cost 719.2 [50s]
    t=4.50s x=3.19 z=-0.44 cost 937.9 [58s]
  noleg_left: speed 0.70 m/s over 3s, torso z 0.96, head z 1.33, |pitch| 0.16 rad, stance {foot_r 0.31, hand_l 0.00, hand_r 0.00, thigh_r 0.19, shank_r 0.05, torso 0.00, pelvis 0.00, head 0.00}, hands 0.00, airborne 0.55 [64s]
nolegs: nq 7 nu 4 mass 30.9 kg
    t=0.00s x=0.00 z=-0.00 cost 1658.9 [0s]
    t=0.50s x=0.00 z=-0.22 cost 1003.3 [6s]
    t=1.00s x=0.06 z=-0.25 cost 1215.5 [12s]
    t=1.50s x=0.07 z=-0.25 cost 1166.2 [18s]
    t=2.00s x=0.10 z=-0.22 cost 2628.9 [24s]
    t=2.50s x=0.35 z=-0.30 cost 5252.3 [30s]
    t=3.00s x=0.52 z=-0.48 cost 6000.7 [37s]
    t=3.50s x=0.52 z=-0.48 cost 6000.6 [43s]
    t=4.00s x=0.52 z=-0.48 cost 6000.6 [49s]
    t=4.50s x=0.52 z=-0.48 cost 6000.6 [55s]
  nolegs: speed 0.14 m/s over 3s, torso z 0.17, head z 0.22, |pitch| 1.41 rad, stance {hand_l 0.00, hand_r 0.13, torso 0.00, pelvis 0.85, head 0.77}, hands 0.13, airborne 0.03 [61s]
