intact s0: speed 0.39 drift -0.06 tilt 0.19 stance foot_l 0.66, foot_r 0.50, shank_l 0.01 airborne 0.08 [326s]
intact s1: speed 0.37 drift 0.15 tilt 0.21 stance foot_l 0.52, foot_r 0.56, shank_r 0.01 airborne 0.15 [328s]
weak_hip_left s0: speed 0.39 drift -0.09 tilt 0.28 stance foot_l 0.61, foot_r 0.64 airborne 0.06 [310s]
intact s2: speed 0.22 drift 0.29 tilt 0.22 stance foot_l 0.63, foot_r 0.54, shank_r 0.02 airborne 0.19 [319s]
weak_hip_left s1: speed 0.44 drift 0.89 tilt 0.25 stance foot_l 0.64, foot_r 0.72, shank_l 0.01 airborne 0.04 [305s]
weak_hip_left s2: speed 0.31 drift 0.24 tilt 0.18 stance foot_l 0.76, foot_r 0.65, shank_l 0.01, shank_r 0.01 airborne 0.05 [309s]
locked_knee_left s0: speed 0.33 drift 0.08 tilt 0.18 stance foot_l 0.76, foot_r 0.52 airborne 0.06 [329s]
locked_knee_left s1: speed 0.38 drift -0.02 tilt 0.18 stance foot_l 0.86, foot_r 0.55 airborne 0.02 [325s]
short_shank_left s0: speed 0.39 drift 0.34 tilt 0.25 stance foot_l 0.53, foot_r 0.54, shank_l 0.01 airborne 0.21 [305s]
locked_knee_left s2: speed 0.27 drift 0.08 tilt 0.23 stance foot_l 0.51, foot_r 0.65 airborne 0.10 [319s]
short_shank_left s1: speed 0.16 drift -0.33 tilt 0.27 stance foot_l 0.34, foot_r 0.60, shank_l 0.01, shank_r 0.01 airborne 0.15 [312s]
short_shank_left s2: speed 0.24 drift 0.47 tilt 0.28 stance foot_l 0.31, foot_r 0.65, shank_l 0.02, shank_r 0.00 airborne 0.11 [317s]
stump_left s0: speed 0.15 drift 0.83 tilt 0.29 stance foot_r 0.37, thigh_l 0.78 airborne 0.10 [264s]
stump_left s1: speed 0.36 drift 0.68 tilt 0.37 stance foot_r 0.85 airborne 0.15 [259s]
noleg_left s0: speed 0.34 drift 0.29 tilt 0.36 stance foot_r 0.81, shank_r 0.00 airborne 0.19 [220s]
stump_left s2: speed 0.24 drift -0.31 tilt 0.30 stance foot_r 0.87 airborne 0.13 [267s]
noleg_left s1: speed 0.24 drift 1.71 tilt 0.48 stance foot_r 0.42, hand_l 0.33, hand_r 0.10, shank_r 0.00, pelvis 0.50 airborne 0.14 [223s]
noleg_left s2: speed 0.46 drift 0.97 tilt 0.38 stance foot_r 0.75, thigh_r 0.08, shank_r 0.04 airborne 0.24 [211s]
nolegs s0: speed 0.03 drift -0.05 tilt 1.76 stance hand_l 0.56, hand_r 0.38, pelvis 0.13, head 0.82 airborne 0.05 [180s]
nolegs s1: speed 0.12 drift 0.17 tilt 1.44 stance hand_l 0.44, hand_r 0.49, pelvis 0.88, head 0.76 airborne 0.01 [182s]
nolegs s2: speed 0.00 drift -0.09 tilt 1.83 stance hand_l 0.59, hand_r 0.54, pelvis 0.04, head 0.81 airborne 0.04 [181s]
weak_hip_right s0: speed 0.29 drift -0.06 tilt 0.29 stance foot_l 0.79, foot_r 0.53, shank_l 0.01 airborne 0.11 [338s]
weak_hip_right s1: speed 0.36 drift -0.52 tilt 0.19 stance foot_l 0.65, foot_r 0.63, shank_l 0.02 airborne 0.13 [317s]
weak_hip_right s2: speed 0.39 drift -0.00 tilt 0.25 stance foot_l 0.71, foot_r 0.58, shank_l 0.01 airborne 0.12 [313s]
locked_knee_right s0: speed 0.43 drift 0.12 tilt 0.24 stance foot_l 0.60, foot_r 0.78 airborne 0.06 [333s]
locked_knee_right s1: speed 0.26 drift 0.22 tilt 0.21 stance foot_l 0.71, foot_r 0.67 airborne 0.05 [338s]
locked_knee_right s2: speed 0.28 drift 0.34 tilt 0.21 stance foot_l 0.55, foot_r 0.79, shank_l 0.01 airborne 0.04 [322s]
short_shank_right s0: speed 0.27 drift -0.48 tilt 0.25 stance foot_l 0.36, foot_r 0.72, shank_r 0.02 airborne 0.19 [312s]
short_shank_right s1: speed 0.27 drift -0.72 tilt 0.26 stance foot_l 0.32, foot_r 0.70, shank_l 0.01, shank_r 0.01 airborne 0.19 [313s]
short_shank_right s2: speed 0.23 drift -0.42 tilt 0.30 stance foot_l 0.86, foot_r 0.07, shank_l 0.02 airborne 0.14 [319s]
stump_right s0: speed 0.20 drift -0.25 tilt 0.36 stance foot_l 0.93, shank_l 0.00 airborne 0.07 [262s]
stump_right s1: speed 0.40 drift 0.15 tilt 0.33 stance foot_l 0.82 airborne 0.18 [252s]
stump_right s2: speed 0.16 drift -0.89 tilt 0.31 stance foot_l 0.36, thigh_r 0.59, shank_l 0.01 airborne 0.20 [251s]
noleg_right s0: speed 0.25 drift -1.32 tilt 0.36 stance foot_l 0.76, shank_l 0.01 airborne 0.24 [223s]
noleg_right s1: speed 0.37 drift -0.03 tilt 0.32 stance foot_l 0.78, thigh_l 0.03, shank_l 0.02 airborne 0.22 [221s]
noleg_right s2: speed 0.39 drift -1.22 tilt 0.29 stance foot_l 0.83, shank_l 0.01 airborne 0.17 [159s]
