weak_hip_left: nq 21 nu 14 mass 53.1 kg
    t=0.00s x=-0.00 y=-0.00 z=1.17 cost 536.2 [1s]
    t=0.50s x=0.12 y=-0.02 z=1.14 cost 530.3 [16s]
    t=1.00s x=0.31 y=-0.02 z=1.18 cost 1993.9 [30s]
    t=1.50s x=0.49 y=-0.02 z=1.12 cost 1553.6 [44s]
    t=2.00s x=0.72 y=-0.05 z=1.11 cost 440.3 [58s]
    t=2.50s x=0.95 y=-0.10 z=1.12 cost 778.9 [73s]
    t=3.00s x=1.15 y=-0.10 z=1.12 cost 903.6 [87s]
    t=3.50s x=1.24 y=-0.14 z=1.13 cost 986.7 [101s]
    t=4.00s x=1.42 y=-0.13 z=1.08 cost 1204.8 [115s]
    t=4.50s x=1.66 y=-0.15 z=1.15 cost 421.7 [130s]
  weak_hip_left: speed 0.37 m/s, lateral 0.08, drift -0.09 m, torso z 1.12, head z 1.49, tilt 0.22 rad, yaw 0.28, stance {foot_l 0.56, foot_r 0.56, shank_l 0.01, shank_r 0.01}, alternation 0.57, double 0.27, flight 0.15, asymmetry 0.00, hands 0.00, airborne 0.15 [143s]
intact: nq 21 nu 14 mass 53.1 kg
    t=0.00s x=-0.00 y=-0.00 z=1.17 cost 559.9 [1s]
    t=0.50s x=0.12 y=0.02 z=1.13 cost 444.3 [15s]
    t=1.00s x=0.28 y=0.09 z=1.13 cost 850.3 [29s]
    t=1.50s x=0.53 y=0.15 z=1.12 cost 915.7 [42s]
    t=2.00s x=0.66 y=0.19 z=1.07 cost 417.4 [55s]
    t=2.50s x=0.83 y=0.23 z=1.12 cost 439.8 [69s]
    t=3.00s x=1.05 y=0.25 z=1.05 cost 733.8 [84s]
    t=3.50s x=1.44 y=0.17 z=1.01 cost 921.3 [98s]
    t=4.00s x=1.72 y=0.18 z=1.12 cost 550.2 [111s]
    t=4.50s x=1.97 y=0.19 z=1.12 cost 994.6 [124s]
  intact: speed 0.49 m/s, lateral 0.08, drift 0.20 m, torso z 1.12, head z 1.49, tilt 0.24 rad, yaw 0.24, stance {foot_l 0.60, foot_r 0.34, shank_l 0.01, shank_r 0.02}, alternation 0.53, double 0.21, flight 0.26, asymmetry 0.28, hands 0.00, airborne 0.26 [137s]
