intact: nq 13 nu 10 mass 51.5 kg
    t=0.00s x=-0.00 z=-0.00 cost 450.6 [0s]
    t=0.50s x=0.23 z=-0.03 cost 53.6 [6s]
    t=1.00s x=0.63 z=-0.01 cost 32.6 [11s]
    t=1.50s x=1.00 z=-0.01 cost 46.7 [16s]
    t=2.00s x=1.39 z=-0.02 cost 79.7 [21s]
    t=2.50s x=1.76 z=-0.02 cost 53.4 [26s]
    t=3.00s x=2.16 z=0.01 cost 38.2 [32s]
    t=3.50s x=2.52 z=0.01 cost 109.5 [37s]
    t=4.00s x=2.87 z=-0.01 cost 49.8 [42s]
    t=4.50s x=3.26 z=0.01 cost 80.8 [48s]
  intact: speed 0.75 m/s over 3s, torso z 1.16, head z 1.54, |pitch| 0.09 rad, stance {foot_l 0.68, foot_r 0.46, hand_l 0.00, hand_r 0.00, thigh_l 0.00, thigh_r 0.00, shank_l 0.00, shank_r 0.00, torso 0.00, pelvis 0.00, head 0.00}, alternation 0.43, asymmetry 0.19, hands 0.00, airborne 0.22 [53s]
stump_left: nq 11 nu 8 mass 46.8 kg
    t=0.00s x=-0.00 z=-0.00 cost 569.4 [0s]
    t=0.50s x=0.19 z=-0.04 cost 87.2 [6s]
    t=1.00s x=0.58 z=-0.31 cost 292.3 [11s]
    t=1.50s x=0.97 z=-0.43 cost 302.6 [16s]
    t=2.00s x=1.32 z=-0.43 cost 323.1 [21s]
    t=2.50s x=1.73 z=-0.46 cost 329.7 [26s]
    t=3.00s x=2.11 z=-0.45 cost 313.0 [30s]
    t=3.50s x=2.46 z=-0.45 cost 306.7 [35s]
    t=4.00s x=2.87 z=-0.43 cost 362.8 [40s]
    t=4.50s x=3.28 z=-0.46 cost 312.1 [45s]
  stump_left: speed 0.79 m/s over 3s, torso z 0.71, head z 1.09, |pitch| 0.09 rad, stance {foot_r 0.27, hand_l 0.00, hand_r 0.00, thigh_l 0.39, thigh_r 0.34, shank_r 0.00, torso 0.00, pelvis 0.00, head 0.00}, alternation 0.38, asymmetry 0.17, hands 0.00, airborne 0.23 [49s]
noleg_left: nq 10 nu 7 mass 41.2 kg
    t=0.00s x=-0.00 z=-0.00 cost 465.3 [0s]
    t=0.50s x=0.21 z=-0.03 cost 125.6 [4s]
    t=1.00s x=0.62 z=-0.43 cost 342.5 [8s]
    t=1.50s x=0.94 z=-0.46 cost 1148.7 [13s]
    t=2.00s x=1.43 z=-0.92 cost 3209.0 [17s]
    t=2.50s x=1.73 z=-0.42 cost 398.4 [22s]
    t=3.00s x=2.09 z=-0.43 cost 386.2 [26s]
    t=3.50s x=2.46 z=-0.45 cost 877.3 [30s]
    t=4.00s x=2.95 z=-0.83 cost 3416.6 [35s]
    t=4.50s x=3.38 z=-0.51 cost 619.6 [39s]
  noleg_left: speed 0.79 m/s over 3s, torso z 0.57, head z 0.85, |pitch| 0.54 rad, stance {foot_r 0.08, hand_l 0.00, hand_r 0.00, thigh_r 0.41, shank_r 0.01, torso 0.01, pelvis 0.07, head 0.05}, hands 0.00, airborne 0.40 [42s]
nolegs: nq 7 nu 4 mass 30.9 kg
    t=0.00s x=0.00 z=-0.00 cost 978.4 [0s]
    t=0.50s x=0.00 z=-0.22 cost 441.9 [4s]
    t=1.00s x=0.19 z=-0.25 cost 1812.4 [7s]
    t=1.50s x=0.51 z=-0.48 cost 3601.8 [12s]
    t=2.00s x=0.51 z=-0.48 cost 3600.3 [15s]
    t=2.50s x=0.51 z=-0.48 cost 3600.3 [19s]
    t=3.00s x=0.51 z=-0.48 cost 3600.3 [23s]
    t=3.50s x=0.51 z=-0.48 cost 3600.2 [27s]
    t=4.00s x=0.51 z=-0.48 cost 3600.2 [31s]
    t=4.50s x=0.51 z=-0.48 cost 3600.2 [34s]
  nolegs: speed -0.00 m/s over 3s, torso z 0.12, head z 0.10, |pitch| 1.64 rad, stance {hand_l 0.00, hand_r 0.00, torso 0.00, pelvis 1.00, head 1.00}, hands 0.00, airborne 0.00 [38s]
