overrides: []
noleg_left: nq 16 nu 9 mass 42.7 kg
    t=0.00s x=0.00 y=-0.00 z=1.17 cost 965.4 [1s]
    t=0.50s x=0.11 y=-0.01 z=1.09 cost 388.6 [11s]
    t=1.00s x=0.26 y=-0.06 z=1.18 cost 1343.3 [22s]
    t=1.50s x=0.51 y=-0.16 z=1.03 cost 3104.6 [32s]
    t=2.00s x=0.78 y=-0.19 z=0.74 cost 3500.7 [42s]
    t=2.50s x=0.89 y=-0.28 z=0.86 cost 607.7 [53s]
    t=3.00s x=1.13 y=-0.48 z=1.17 cost 411.6 [63s]
    t=3.50s x=1.30 y=-0.57 z=1.15 cost 559.4 [73s]
    t=4.00s x=1.44 y=-0.59 z=1.12 cost 1683.2 [84s]
    t=4.50s x=1.76 y=-0.61 z=0.68 cost 2696.0 [95s]
  noleg_left: speed 0.38 m/s, lateral 0.16, drift -0.58 m, torso z 0.98, head z 1.34, tilt 0.27 rad, yaw 0.34, stance {foot_r 0.65, thigh_r 0.09, shank_r 0.01}, hands 0.00, airborne 0.31 [105s]
nolegs: nq 11 nu 4 mass 32.3 kg
    t=0.00s x=0.00 y=-0.00 z=0.35 cost 3203.4 [0s]
    t=0.50s x=0.14 y=-0.00 z=0.35 cost 2144.9 [5s]
    t=1.00s x=0.19 y=-0.06 z=0.34 cost 1764.6 [10s]
    t=1.50s x=0.40 y=-0.02 z=0.34 cost 1785.6 [15s]
    t=2.00s x=0.54 y=-0.06 z=0.34 cost 1838.5 [20s]
    t=2.50s x=0.68 y=-0.08 z=0.35 cost 1735.4 [25s]
    t=3.00s x=0.95 y=-0.07 z=0.35 cost 1759.8 [30s]
    t=3.50s x=1.22 y=-0.04 z=0.35 cost 2016.6 [36s]
    t=4.00s x=1.36 y=-0.01 z=0.35 cost 2277.8 [42s]
    t=4.50s x=1.37 y=-0.01 z=0.35 cost 2277.1 [50s]
  nolegs: speed 0.28 m/s, lateral 0.07, drift -0.04 m, torso z 0.35, head z 0.69, tilt 0.37 rad, yaw 0.16, stance {hand_l 0.37, hand_r 0.47, torso 0.18, pelvis 0.42}, hands 0.50, airborne 0.13 [56s]
