intact: nq 21 nu 14 mass 53.1 kg
    t=0.00s x=-0.00 y=-0.00 z=1.17 cost 560.3 [1s]
    t=0.50s x=0.12 y=0.02 z=1.13 cost 444.3 [16s]
    t=1.00s x=0.28 y=0.09 z=1.14 cost 420.3 [30s]
    t=1.50s x=0.46 y=0.14 z=1.18 cost 651.5 [45s]
    t=2.00s x=0.63 y=0.14 z=1.18 cost 520.2 [59s]
    t=2.50s x=0.83 y=0.17 z=1.17 cost 1224.6 [72s]
    t=3.00s x=0.99 y=0.20 z=1.07 cost 885.0 [86s]
    t=3.50s x=1.09 y=0.21 z=1.13 cost 324.8 [99s]
    t=4.00s x=1.31 y=0.15 z=1.17 cost 677.7 [113s]
    t=4.50s x=1.48 y=0.10 z=1.12 cost 872.3 [127s]
  intact: speed 0.36 m/s, lateral 0.09, drift 0.14 m, torso z 1.13, head z 1.49, tilt 0.27 rad, yaw 0.23, stance {foot_l 0.49, foot_r 0.68}, alternation 0.71, double 0.23, flight 0.06, asymmetry 0.16, hands 0.00, airborne 0.06 [141s]
weak_hip_left: nq 21 nu 14 mass 53.1 kg
    t=0.00s x=-0.00 y=-0.00 z=1.17 cost 538.3 [1s]
    t=0.50s x=0.12 y=-0.02 z=1.14 cost 530.7 [16s]
    t=1.00s x=0.34 y=0.00 z=1.11 cost 695.1 [29s]
    t=1.50s x=0.51 y=0.02 z=1.05 cost 734.3 [44s]
    t=2.00s x=0.74 y=-0.01 z=1.06 cost 959.0 [57s]
    t=2.50s x=0.95 y=0.03 z=1.15 cost 432.5 [71s]
    t=3.00s x=1.16 y=0.16 z=1.11 cost 613.4 [85s]
    t=3.50s x=1.30 y=0.19 z=1.13 cost 599.8 [99s]
    t=4.00s x=1.44 y=0.18 z=1.14 cost 1215.6 [113s]
    t=4.50s x=1.64 y=0.30 z=1.08 cost 681.5 [127s]
  weak_hip_left: speed 0.37 m/s, lateral 0.18, drift 0.43 m, torso z 1.11, head z 1.48, tilt 0.21 rad, yaw 0.17, stance {foot_l 0.43, foot_r 0.65, shank_l 0.02, shank_r 0.01}, alternation 0.69, double 0.20, flight 0.12, asymmetry 0.21, hands 0.00, airborne 0.12 [140s]
locked_knee_left: nq 21 nu 14 mass 53.1 kg
    t=0.00s x=-0.00 y=-0.00 z=1.17 cost 511.6 [1s]
    t=0.50s x=0.13 y=-0.04 z=1.15 cost 298.0 [15s]
    t=1.00s x=0.31 y=-0.07 z=1.16 cost 961.6 [29s]
    t=1.50s x=0.62 y=-0.13 z=1.15 cost 748.9 [42s]
    t=2.00s x=0.94 y=-0.13 z=1.14 cost 319.0 [56s]
    t=2.50s x=1.17 y=-0.19 z=1.13 cost 272.6 [69s]
    t=3.00s x=1.39 y=-0.26 z=1.12 cost 356.6 [83s]
    t=3.50s x=1.61 y=-0.27 z=1.17 cost 352.2 [97s]
    t=4.00s x=1.83 y=-0.24 z=1.13 cost 566.2 [110s]
    t=4.50s x=2.07 y=-0.23 z=1.13 cost 639.3 [124s]
  locked_knee_left: speed 0.46 m/s, lateral 0.10, drift -0.17 m, torso z 1.15, head z 1.52, tilt 0.22 rad, yaw 0.22, stance {foot_l 0.77, foot_r 0.38}, alternation 0.67, double 0.24, flight 0.09, asymmetry 0.34, hands 0.00, airborne 0.09 [137s]
short_shank_left: nq 21 nu 14 mass 51.9 kg
    t=0.00s x=-0.00 y=0.00 z=1.17 cost 531.0 [1s]
    t=0.50s x=0.11 y=0.01 z=1.13 cost 483.9 [15s]
    t=1.00s x=0.29 y=0.05 z=1.09 cost 1152.1 [28s]
    t=1.50s x=0.56 y=0.09 z=0.92 cost 1692.6 [41s]
    t=2.00s x=0.90 y=0.20 z=0.90 cost 1482.5 [54s]
    t=2.50s x=1.19 y=0.28 z=1.10 cost 1084.1 [67s]
    t=3.00s x=1.43 y=0.27 z=1.05 cost 901.6 [81s]
    t=3.50s x=1.59 y=0.23 z=1.13 cost 2043.4 [94s]
    t=4.00s x=1.69 y=0.11 z=1.17 cost 980.6 [107s]
    t=4.50s x=1.86 y=0.05 z=1.09 cost 459.9 [121s]
  short_shank_left: speed 0.39 m/s, lateral 0.14, drift 0.11 m, torso z 1.06, head z 1.42, tilt 0.26 rad, yaw 0.43, stance {foot_l 0.15, foot_r 0.78, shank_l 0.00, shank_r 0.01}, alternation 0.70, double 0.12, flight 0.18, asymmetry 0.67, hands 0.00, airborne 0.18 [133s]
stump_left: nq 18 nu 11 mass 48.4 kg
    t=0.00s x=-0.00 y=0.00 z=1.17 cost 743.0 [0s]
    t=0.50s x=0.08 y=0.03 z=1.15 cost 921.5 [12s]
    t=1.00s x=0.24 y=0.12 z=1.14 cost 844.8 [24s]
    t=1.50s x=0.44 y=0.16 z=1.12 cost 5134.8 [35s]
    t=2.00s x=0.82 y=0.28 z=1.10 cost 2305.0 [47s]
    t=2.50s x=1.31 y=0.36 z=0.76 cost 2113.6 [58s]
    t=3.00s x=1.57 y=0.47 z=1.26 cost 482.8 [69s]
    t=3.50s x=1.77 y=0.57 z=1.18 cost 393.9 [81s]
    t=4.00s x=1.95 y=0.56 z=1.14 cost 659.3 [93s]
    t=4.50s x=2.07 y=0.53 z=1.13 cost 1212.6 [104s]
  stump_left: speed 0.48 m/s, lateral 0.14, drift 0.45 m, torso z 1.08, head z 1.45, tilt 0.20 rad, yaw 0.36, stance {foot_r 0.65, thigh_l 0.03, shank_r 0.01}, alternation 0.67, double 0.01, flight 0.33, asymmetry 0.92, hands 0.00, airborne 0.33 [115s]
noleg_left: nq 16 nu 9 mass 42.7 kg
    t=0.00s x=0.00 y=-0.00 z=1.17 cost 1086.6 [0s]
    t=0.50s x=0.07 y=-0.02 z=1.08 cost 805.0 [10s]
    t=1.00s x=0.18 y=-0.08 z=1.10 cost 568.9 [20s]
    t=1.50s x=0.34 y=-0.07 z=1.17 cost 795.6 [30s]
    t=2.00s x=0.49 y=-0.05 z=1.15 cost 992.4 [40s]
    t=2.50s x=0.67 y=-0.05 z=1.14 cost 510.7 [50s]
    t=3.00s x=0.82 y=-0.06 z=1.13 cost 412.9 [60s]
    t=3.50s x=1.02 y=-0.09 z=1.15 cost 1254.8 [69s]
    t=4.00s x=1.18 y=-0.06 z=1.13 cost 699.0 [79s]
    t=4.50s x=1.32 y=-0.03 z=1.10 cost 697.9 [90s]
  noleg_left: speed 0.32 m/s, lateral 0.05, drift -0.03 m, torso z 1.15, head z 1.51, tilt 0.31 rad, yaw 0.35, stance {foot_r 0.91}, hands 0.00, airborne 0.09 [99s]
nolegs: nq 11 nu 4 mass 32.3 kg
    t=0.00s x=0.00 y=-0.00 z=0.35 cost 4055.8 [0s]
    t=0.50s x=0.17 y=-0.01 z=0.29 cost 2680.4 [6s]
    t=1.00s x=0.29 y=-0.13 z=0.32 cost 2504.2 [11s]
    t=1.50s x=0.53 y=-0.20 z=0.23 cost 2527.9 [16s]
    t=2.00s x=0.74 y=-0.32 z=0.27 cost 2589.9 [22s]
    t=2.50s x=0.88 y=-0.34 z=0.32 cost 2576.7 [28s]
    t=3.00s x=1.14 y=-0.41 z=0.26 cost 2700.1 [33s]
    t=3.50s x=1.27 y=-0.28 z=0.27 cost 2826.2 [38s]
    t=4.00s x=1.36 y=-0.18 z=0.28 cost 2863.8 [44s]
    t=4.50s x=1.51 y=-0.28 z=0.31 cost 2973.6 [49s]
  nolegs: speed 0.34 m/s, lateral 0.20, drift -0.16 m, torso z 0.30, head z 0.45, tilt 1.18 rad, yaw 0.67, stance {hand_l 0.44, hand_r 0.57, pelvis 0.31}, hands 0.74, airborne 0.15 [53s]
