intact: nq 13 nu 10 mass 47.0 kg
    t=0.00s x=-0.00 z=-0.00 cost 427.2 [0s]
    t=0.50s x=0.28 z=-0.02 cost 126.1 [4s]
    t=1.00s x=0.69 z=0.00 cost 105.8 [8s]
    t=1.50s x=1.09 z=-0.01 cost 84.2 [12s]
    t=2.00s x=1.47 z=-0.03 cost 54.6 [15s]
    t=2.50s x=1.85 z=0.01 cost 75.6 [19s]
    t=3.00s x=2.25 z=0.04 cost 81.9 [23s]
    t=3.50s x=2.64 z=0.00 cost 34.0 [27s]
    t=4.00s x=3.00 z=0.03 cost 113.2 [31s]
    t=4.50s x=3.44 z=0.00 cost 93.6 [34s]
  intact: speed 0.78 m/s over 3s, torso z 1.15, head z 1.53, |pitch| 0.08 rad, stance {foot_l 0.46, foot_r 0.60, knee_l 0.00, knee_r 0.00, hand_l 0.44, hand_r 0.61}, alternation 0.56, asymmetry 0.14, hands 0.73 [38s]
stump_left: nq 11 nu 8 mass 42.4 kg
    t=0.00s x=-0.00 z=-0.00 cost 488.9 [0s]
    t=0.50s x=0.19 z=-0.04 cost 214.2 [3s]
    t=1.00s x=0.54 z=0.09 cost 75.9 [7s]
    t=1.50s x=0.93 z=-0.02 cost 120.0 [10s]
    t=2.00s x=1.36 z=-0.47 cost 332.3 [13s]
    t=2.50s x=1.76 z=-0.46 cost 358.3 [17s]
    t=3.00s x=2.13 z=-0.47 cost 357.2 [20s]
    t=3.50s x=2.49 z=-0.47 cost 328.8 [24s]
    t=4.00s x=2.87 z=-0.46 cost 358.8 [27s]
    t=4.50s x=3.24 z=-0.43 cost 325.5 [30s]
  stump_left: speed 0.74 m/s over 3s, torso z 0.72, head z 1.10, |pitch| 0.15 rad, stance {foot_r 0.10, knee_l 0.36, knee_r 0.16, hand_l 0.28, hand_r 0.77}, alternation 0.44, asymmetry 0.56, hands 0.79 [34s]
noleg_left: nq 10 nu 7 mass 36.7 kg
    t=0.00s x=-0.00 z=-0.00 cost 398.5 [0s]
    t=0.50s x=0.21 z=-0.05 cost 113.8 [3s]
    t=1.00s x=0.60 z=0.02 cost 61.2 [6s]
    t=1.50s x=0.97 z=-0.04 cost 55.6 [9s]
    t=2.00s x=1.36 z=0.01 cost 189.3 [12s]
    t=2.50s x=1.81 z=-0.43 cost 312.9 [15s]
    t=3.00s x=2.18 z=-0.44 cost 906.3 [18s]
    t=3.50s x=2.68 z=-0.70 cost 1150.1 [21s]
    t=4.00s x=2.98 z=-0.67 cost 955.0 [24s]
    t=4.50s x=3.22 z=-0.41 cost 389.9 [27s]
  noleg_left: speed 0.74 m/s over 3s, torso z 0.70, head z 1.04, |pitch| 0.33 rad, stance {foot_r 0.10, knee_r 0.38, hand_l 0.27, hand_r 0.62}, hands 0.67 [29s]
nolegs: nq 7 nu 4 mass 26.4 kg
    t=0.00s x=0.00 z=-0.00 cost 930.1 [0s]
    t=0.50s x=0.11 z=-0.22 cost 188.6 [2s]
    t=1.00s x=0.48 z=-0.24 cost 378.8 [4s]
    t=1.50s x=0.94 z=-0.21 cost 175.2 [7s]
    t=2.00s x=1.33 z=-0.22 cost 156.3 [9s]
    t=2.50s x=1.73 z=-0.20 cost 165.5 [11s]
    t=3.00s x=2.05 z=-0.26 cost 248.6 [13s]
    t=3.50s x=2.37 z=-0.24 cost 221.0 [16s]
    t=4.00s x=2.70 z=-0.21 cost 234.6 [18s]
    t=4.50s x=2.95 z=-0.23 cost 345.1 [20s]
  nolegs: speed 0.66 m/s over 3s, torso z 0.36, head z 0.72, |pitch| 0.27 rad, stance {hand_l 0.37, hand_r 0.53}, hands 0.77 [22s]
