intact: nq 13 nu 10 mass 47.0 kg
    t=0.00s x=0.00 z=-0.00 cost 557.6 [0s]
    t=0.50s x=0.22 z=-0.04 cost 31.3 [3s]
    t=1.00s x=0.62 z=-0.44 cost 38.2 [6s]
    t=1.50s x=1.00 z=-0.51 cost 106.3 [8s]
    t=2.00s x=1.35 z=-0.88 cost 512.8 [11s]
    t=2.50s x=1.55 z=-0.91 cost 500.2 [14s]
    t=3.00s x=1.96 z=-0.86 cost 253.5 [17s]
    t=3.50s x=2.21 z=-0.94 cost 723.1 [19s]
    t=4.00s x=2.39 z=-0.82 cost 375.8 [22s]
    t=4.50s x=2.78 z=-0.93 cost 571.9 [24s]
  intact: speed 0.54 m/s over 3s, torso z 0.26, head z 0.28, |pitch| 1.51 rad, stance {foot_l 0.03, foot_r 0.06, knee_l 0.02, knee_r 0.03, hand_l 0.53, hand_r 0.51}, alternation 0.09, asymmetry 0.25, hands 0.63 [27s]
stump_left: nq 11 nu 8 mass 42.4 kg
    t=0.00s x=0.00 z=-0.00 cost 513.5 [0s]
    t=0.50s x=0.20 z=-0.52 cost 17.9 [2s]
    t=1.00s x=0.59 z=-0.46 cost 18.1 [4s]
    t=1.50s x=0.99 z=-0.45 cost 118.5 [7s]
    t=2.00s x=1.45 z=-0.92 cost 407.2 [9s]
    t=2.50s x=1.66 z=-0.99 cost 476.9 [11s]
    t=3.00s x=1.88 z=-0.96 cost 778.7 [13s]
    t=3.50s x=2.08 z=-0.84 cost 311.2 [16s]
    t=4.00s x=2.27 z=-0.99 cost 895.5 [18s]
    t=4.50s x=2.51 z=-0.84 cost 370.1 [20s]
  stump_left: speed 0.42 m/s over 3s, torso z 0.22, head z 0.30, |pitch| 1.36 rad, stance {foot_r 0.12, knee_l 0.14, knee_r 0.01, hand_l 0.67, hand_r 0.56}, alternation 0.26, asymmetry 0.08, hands 0.83 [23s]
noleg_left: nq 10 nu 7 mass 36.7 kg
    t=0.00s x=-0.00 z=-0.00 cost 524.3 [0s]
    t=0.50s x=0.18 z=-0.06 cost 15.8 [2s]
    t=1.00s x=0.55 z=-0.48 cost 134.8 [4s]
    t=1.50s x=0.97 z=-0.90 cost 479.1 [6s]
    t=2.00s x=1.24 z=-0.85 cost 562.6 [8s]
    t=2.50s x=1.43 z=-0.87 cost 465.8 [9s]
    t=3.00s x=1.59 z=-0.87 cost 457.1 [11s]
    t=3.50s x=1.80 z=-0.87 cost 388.0 [13s]
    t=4.00s x=2.00 z=-0.89 cost 513.8 [15s]
    t=4.50s x=2.14 z=-1.01 cost 471.7 [17s]
  noleg_left: speed 0.40 m/s over 3s, torso z 0.26, head z 0.31, |pitch| 1.45 rad, stance {foot_r 0.02, knee_r 0.00, hand_l 0.10, hand_r 0.53}, hands 0.60 [19s]
nolegs: nq 7 nu 4 mass 26.4 kg
    t=0.00s x=-0.00 z=-0.00 cost 589.3 [0s]
    t=0.50s x=0.14 z=-0.28 cost 440.9 [2s]
    t=1.00s x=0.40 z=-0.42 cost 592.9 [3s]
    t=1.50s x=0.60 z=-0.34 cost 571.4 [5s]
    t=2.00s x=0.93 z=-0.41 cost 1037.7 [6s]
    t=2.50s x=1.00 z=-0.51 cost 1181.5 [7s]
    t=3.00s x=1.05 z=-0.36 cost 1245.5 [9s]
    t=3.50s x=1.30 z=-0.31 cost 778.3 [10s]
    t=4.00s x=1.66 z=-0.17 cost 1003.6 [12s]
    t=4.50s x=1.97 z=-0.13 cost 1356.5 [13s]
  nolegs: speed 0.45 m/s over 3s, torso z 0.30, head z 0.11, |pitch| 2.36 rad, stance {hand_l 0.32, hand_r 0.41}, hands 0.64 [14s]
