body               class       q  drop/e0   gap  side
intact             rhythm  0.029   -0.060  0.03     0   [7s]
intact             legs    0.046    0.017  0.45     0   [15s]
intact             lateral  0.033    0.020  0.35     0   [22s]
intact             torso   0.029   -0.118  0.60     0   [28s]
intact             arms    0.180    0.107  0.09     0   [33s]
intact             stiff   0.110    0.008  0.52    -1   [36s]
intact             limp    0.057    0.008  0.30    -1   [40s]
intact             hold    0.066    0.014  0.90     1   [43s]
intact             vault   0.121    0.000  1.00     0   [45s]
intact             weak    0.176    0.012  0.52     1   [49s]
  intact: of hold's effect, legs absorbs 0.16, lateral absorbs 0.02, stiff absorbs 0.50, limp absorbs 0.00, vault absorbs 0.00, weak absorbs 0.44   [76s]
  intact: of weak's effect, legs absorbs 0.26, lateral absorbs 0.07, stiff absorbs 0.42, limp absorbs 0.12, hold absorbs 0.00, vault absorbs 0.00   [102s]
  -> intact: e0 0.340; oracle arms (drop 0.107, gap 0.09, side 0); projection arms
weak_hip_left      rhythm  0.083    0.063  0.78     0   [109s]
weak_hip_left      legs    0.135    0.013  0.66     0   [116s]
weak_hip_left      lateral  0.118    0.053  0.05     0   [123s]
weak_hip_left      torso   0.230    0.053  0.03     0   [129s]
weak_hip_left      arms    0.137    0.075  0.08     0   [133s]
weak_hip_left      stiff   0.195    0.000  1.00     0   [136s]
weak_hip_left      limp    0.081    0.053  0.35     1   [140s]
weak_hip_left      hold    0.120    0.000  1.00     0   [143s]
weak_hip_left      vault   0.116    0.000  1.00     0   [144s]
weak_hip_left      weak    0.082    0.049  0.60     1   [149s]
  weak_hip_left: of limp's effect, legs absorbs 0.00, lateral absorbs 0.45, stiff absorbs 0.00, hold absorbs 0.00, vault absorbs 0.00, weak absorbs 0.57   [176s]
  weak_hip_left: of weak's effect, legs absorbs 0.00, lateral absorbs 0.49, stiff absorbs 0.00, limp absorbs 0.73, hold absorbs 0.00, vault absorbs 0.00   [203s]
  -> weak_hip_left: e0 0.398; oracle arms (drop 0.075, gap 0.08, side 0); projection torso
locked_knee_left   rhythm  0.030    0.087  0.98     0   [210s]
locked_knee_left   legs    0.065    0.012  0.33     0   [218s]
locked_knee_left   lateral  0.419    0.241  0.01     0   [225s]
locked_knee_left   torso   0.033   -0.076  0.60     0   [231s]
locked_knee_left   arms    0.070    0.039  0.08     0   [236s]
locked_knee_left   stiff   0.062    0.027  0.59    -1   [239s]
locked_knee_left   limp    0.069    0.002  0.30    -1   [243s]
locked_knee_left   hold    0.047    0.000  1.00     0   [246s]
locked_knee_left   vault   0.061    0.000  1.00     0   [247s]
locked_knee_left   weak    0.056    0.000  1.00     0   [252s]
  locked_knee_left: of stiff's effect, legs absorbs 0.04, lateral absorbs 0.01, limp absorbs 0.00, hold absorbs 0.00, vault absorbs 0.00, weak absorbs 0.00   [279s]
  -> locked_knee_left: e0 0.666; oracle lateral (drop 0.241, gap 0.01, side 0); projection lateral
short_shank_left   rhythm  0.171    0.485  0.67     0   [287s]
short_shank_left   legs    0.083    0.554  0.89     0   [294s]
short_shank_left   lateral  0.001    0.504  0.96     0   [302s]
short_shank_left   torso   0.196    0.503  0.66     0   [308s]
short_shank_left   arms    0.020    0.015  0.28     0   [313s]
short_shank_left   stiff   0.043    0.003  0.27    -1   [316s]
short_shank_left   limp    0.831    0.586  0.00    -1   [320s]
short_shank_left   hold    0.040    0.442  0.99     1   [324s]
short_shank_left   vault   0.453    0.506  0.39     0   [326s]
short_shank_left   weak    0.037    0.026  0.68     1   [330s]
  short_shank_left: of limp's effect, legs absorbs 0.75, lateral absorbs 0.61, stiff absorbs 0.00, hold absorbs 0.59, vault absorbs 0.62, weak absorbs 0.03   [360s]
  short_shank_left: of hold's effect, legs absorbs 0.80, lateral absorbs 0.31, stiff absorbs 0.00, limp absorbs 0.65, vault absorbs 0.27, weak absorbs 0.26   [390s]
  short_shank_left: of vault's effect, legs absorbs 0.65, lateral absorbs 0.01, stiff absorbs 0.00, limp absorbs 0.64, hold absorbs 0.54, weak absorbs 0.03   [421s]
  short_shank_left: of weak's effect, legs absorbs 0.66, lateral absorbs 0.39, stiff absorbs 0.00, limp absorbs 0.48, hold absorbs 0.86, vault absorbs 0.00   [448s]
  -> short_shank_left: e0 0.987; oracle limp (drop 0.586, gap 0.00, side -1); projection limp
stump_left         rhythm  0.305    0.179  0.09     0   [454s]
stump_left         legs    0.252    0.228  0.44     0   [461s]
stump_left         lateral  0.013    0.005  0.41     0   [467s]
stump_left         torso   0.325    0.296  0.30     0   [473s]
stump_left         arms    0.028    0.020  0.25     0   [477s]
stump_left         stiff   0.022    0.000  0.00    -1   [480s]
stump_left         limp    0.220    0.313  0.58    -1   [484s]
stump_left         hold    0.025    0.149  0.94     1   [487s]
stump_left         vault   0.421    0.327  0.30     0   [488s]
stump_left         weak    0.052    0.069  0.50     1   [492s]
  stump_left: of limp's effect, legs absorbs 0.67, lateral absorbs 0.00, stiff absorbs 0.00, hold absorbs 0.07, vault absorbs 0.46, weak absorbs 0.13   [517s]
  stump_left: of hold's effect, legs absorbs 0.57, lateral absorbs 0.05, stiff absorbs 0.00, limp absorbs 0.25, vault absorbs 0.00, weak absorbs 0.26   [542s]
  stump_left: of vault's effect, legs absorbs 0.33, lateral absorbs 0.01, stiff absorbs 0.00, limp absorbs 0.41, hold absorbs 0.09, weak absorbs 0.09   [569s]
  stump_left: of weak's effect, legs absorbs 0.66, lateral absorbs 0.06, stiff absorbs 0.00, limp absorbs 0.64, hold absorbs 0.78, vault absorbs 0.00   [593s]
  -> stump_left: e0 0.842; oracle vault (drop 0.327, gap 0.30, side 0); projection vault
noleg_left         rhythm  0.231    0.094  0.15     0   [599s]
noleg_left         legs    0.118    0.060  0.16     0   [606s]
noleg_left         lateral  0.066    0.037  0.06     0   [611s]
noleg_left         torso   0.269    0.444  0.71     0   [617s]
noleg_left         arms    0.057    0.030  0.04     0   [620s]
noleg_left         limp    0.182    0.013  0.00    -1   [623s]
noleg_left         vault   0.563    0.419  0.38     0   [624s]
noleg_left         weak    0.074    0.030  0.66     1   [628s]
  noleg_left: of limp's effect, legs absorbs 0.73, lateral absorbs 0.10, vault absorbs 0.00, weak absorbs 0.74   [644s]
  noleg_left: of vault's effect, legs absorbs 0.26, lateral absorbs 0.00, limp absorbs 0.30, weak absorbs 0.05   [664s]
  noleg_left: of weak's effect, legs absorbs 0.63, lateral absorbs 0.15, limp absorbs 0.68, vault absorbs 0.00   [680s]
  -> noleg_left: e0 0.767; oracle torso (drop 0.444, gap 0.71, side 0); projection vault
nolegs             rhythm  0.365    0.313  0.55     0   [684s]
nolegs             torso   0.545    0.327  0.19     0   [688s]
nolegs             arms    0.483    0.328  0.34     0   [691s]
nolegs             vault   0.325    0.186  0.16     0   [692s]
  nolegs: of vault's effect,    [692s]
  -> nolegs: e0 0.885; oracle arms (drop 0.328, gap 0.34, side 0); projection torso

median gap by class over repairs worth >= 1%: {'lateral': 0.06, 'arms': 0.09, 'limp': 0.18, 'torso': 0.3, 'vault': 0.34, 'legs': 0.44, 'stiff': 0.59, 'weak': 0.6, 'rhythm': 0.61, 'hold': 0.94}
median absorption over bodies, B of A's effect (pairs over 0.5 are not separable):
  legs   absorbs limp   0.70  (n=4)
  limp   absorbs weak   0.64  (n=5)
  legs   absorbs weak   0.63  (n=5)
  legs   absorbs hold   0.57  (n=3)
  limp   absorbs vault  0.41  (n=3)
  hold   absorbs weak   0.39  (n=4)
  weak   absorbs limp   0.35  (n=4)
  legs   absorbs vault  0.33  (n=3)
  hold   absorbs vault  0.31  (n=2)
  lateral absorbs limp   0.27  (n=4)
  weak   absorbs hold   0.26  (n=3)
  limp   absorbs hold   0.25  (n=3)
  vault  absorbs limp   0.23  (n=4)
  lateral absorbs weak   0.15  (n=5)
  hold   absorbs limp   0.07  (n=3)
  weak   absorbs vault  0.05  (n=3)
  lateral absorbs hold   0.05  (n=3)
  legs   absorbs stiff  0.04  (n=1)
  lateral absorbs stiff  0.01  (n=1)
  lateral absorbs vault  0.01  (n=3)
  stiff  absorbs hold   0.00  (n=3)
  stiff  absorbs vault  0.00  (n=2)
  vault  absorbs hold   0.00  (n=3)
  stiff  absorbs weak   0.00  (n=4)
  vault  absorbs weak   0.00  (n=5)
  stiff  absorbs limp   0.00  (n=3)
  limp   absorbs stiff  0.00  (n=1)
  hold   absorbs stiff  0.00  (n=1)
  vault  absorbs stiff  0.00  (n=1)
  weak   absorbs stiff  0.00  (n=1)
