intact: nq 13 nu 10 mass 51.5 kg
    t=0.00s x=-0.00 z=-0.00 cost 797.2 [1s]
    t=0.50s x=0.16 z=-0.04 cost 154.3 [12s]
    t=1.00s x=0.53 z=-0.02 cost 159.6 [23s]
    t=1.50s x=0.82 z=-0.02 cost 273.8 [34s]
    t=2.00s x=1.13 z=-0.05 cost 263.3 [45s]
    t=2.50s x=1.54 z=-0.04 cost 362.0 [55s]
    t=3.00s x=1.85 z=-0.05 cost 607.1 [66s]
    t=3.50s x=2.26 z=-0.43 cost 829.7 [78s]
    t=4.00s x=2.62 z=-0.46 cost 838.5 [90s]
    t=4.50s x=2.98 z=-0.45 cost 805.6 [101s]
  intact: speed 0.74 m/s over 3s, torso z 0.90, head z 1.27, |pitch| 0.11 rad, stance {foot_l 0.16, foot_r 0.50, hand_l 0.00, hand_r 0.00, thigh_l 0.32, thigh_r 0.15, shank_l 0.01, shank_r 0.00, torso 0.00, pelvis 0.00, head 0.00}, alternation 0.55, asymmetry 0.53, hands 0.00, airborne 0.12 [113s]
weak_hip_left: nq 13 nu 10 mass 51.5 kg
    t=0.00s x=-0.00 z=-0.00 cost 728.3 [1s]
    t=0.50s x=0.16 z=-0.03 cost 187.5 [12s]
    t=1.00s x=0.42 z=-0.02 cost 399.6 [22s]
    t=1.50s x=0.76 z=-0.02 cost 711.7 [32s]
    t=2.00s x=1.11 z=-0.44 cost 925.6 [43s]
    t=2.50s x=1.39 z=-0.43 cost 1337.1 [53s]
    t=3.00s x=1.44 z=-0.43 cost 1420.1 [63s]
    t=3.50s x=1.46 z=-0.44 cost 1492.5 [73s]
    t=4.00s x=1.49 z=-0.44 cost 1429.7 [83s]
    t=4.50s x=1.75 z=-0.47 cost 942.2 [94s]
  weak_hip_left: speed 0.32 m/s over 3s, torso z 0.72, head z 1.10, |pitch| 0.13 rad, stance {foot_l 0.10, foot_r 0.07, hand_l 0.00, hand_r 0.00, thigh_l 0.70, thigh_r 0.38, shank_l 0.00, shank_r 0.01, torso 0.00, pelvis 0.00, head 0.00}, alternation 0.15, asymmetry 0.17, hands 0.00, airborne 0.07 [104s]
locked_knee_left: nq 13 nu 10 mass 51.5 kg
    t=0.00s x=-0.00 z=-0.00 cost 695.9 [0s]
    t=0.50s x=0.17 z=-0.03 cost 116.4 [11s]
    t=1.00s x=0.51 z=-0.04 cost 115.8 [22s]
    t=1.50s x=0.84 z=-0.03 cost 128.5 [33s]
    t=2.00s x=1.18 z=-0.02 cost 123.8 [43s]
    t=2.50s x=1.57 z=-0.03 cost 221.1 [54s]
    t=3.00s x=1.88 z=-0.01 cost 277.6 [64s]
    t=3.50s x=2.18 z=-0.05 cost 236.1 [73s]
    t=4.00s x=2.53 z=-0.02 cost 165.6 [83s]
    t=4.50s x=2.95 z=-0.02 cost 121.7 [93s]
  locked_knee_left: speed 0.70 m/s over 3s, torso z 1.13, head z 1.51, |pitch| 0.08 rad, stance {foot_l 0.66, foot_r 0.68, hand_l 0.00, hand_r 0.00, thigh_l 0.00, thigh_r 0.00, shank_l 0.00, shank_r 0.00, torso 0.00, pelvis 0.00, head 0.00}, alternation 0.66, asymmetry 0.01, hands 0.00, airborne 0.00 [102s]
short_shank_left: nq 13 nu 10 mass 50.2 kg
    t=0.00s x=-0.00 z=-0.00 cost 717.2 [0s]
    t=0.50s x=0.17 z=-0.03 cost 272.0 [11s]
    t=1.00s x=0.54 z=-0.19 cost 289.8 [21s]
    t=1.50s x=0.77 z=-0.19 cost 453.9 [31s]
    t=2.00s x=1.00 z=-0.21 cost 781.6 [41s]
    t=2.50s x=1.33 z=-0.45 cost 897.6 [51s]
    t=3.00s x=1.70 z=-0.48 cost 945.1 [62s]
    t=3.50s x=2.07 z=-0.47 cost 990.6 [72s]
    t=4.00s x=2.44 z=-0.45 cost 992.2 [82s]
    t=4.50s x=2.80 z=-0.43 cost 948.1 [92s]
  short_shank_left: speed 0.71 m/s over 3s, torso z 0.75, head z 1.13, |pitch| 0.10 rad, stance {foot_l 0.32, foot_r 0.18, hand_l 0.00, hand_r 0.00, thigh_l 0.38, thigh_r 0.31, shank_l 0.01, shank_r 0.00, torso 0.00, pelvis 0.00, head 0.00}, alternation 0.47, asymmetry 0.27, hands 0.00, airborne 0.17 [102s]
stump_left: nq 11 nu 8 mass 46.8 kg
    t=0.00s x=-0.00 z=-0.00 cost 745.4 [0s]
    t=0.50s x=0.14 z=-0.03 cost 251.4 [10s]
    t=1.00s x=0.49 z=-0.04 cost 524.7 [19s]
    t=1.50s x=0.91 z=-0.43 cost 587.9 [28s]
    t=2.00s x=1.32 z=-0.46 cost 573.4 [38s]
    t=2.50s x=1.64 z=-0.44 cost 612.2 [47s]
    t=3.00s x=2.05 z=-0.40 cost 586.6 [57s]
    t=3.50s x=2.42 z=-0.49 cost 635.7 [66s]
    t=4.00s x=2.79 z=-0.46 cost 624.8 [75s]
    t=4.50s x=3.10 z=-0.47 cost 613.0 [84s]
  stump_left: speed 0.71 m/s over 3s, torso z 0.71, head z 1.08, |pitch| 0.14 rad, stance {foot_r 0.11, hand_l 0.00, hand_r 0.00, thigh_l 0.22, thigh_r 0.56, shank_r 0.01, torso 0.00, pelvis 0.00, head 0.00}, alternation 0.29, asymmetry 0.35, hands 0.00, airborne 0.19 [93s]
noleg_left: nq 10 nu 7 mass 41.2 kg
    t=0.00s x=0.00 z=-0.00 cost 653.7 [0s]
    t=0.50s x=0.12 z=-0.04 cost 318.9 [9s]
    t=1.00s x=0.33 z=-0.04 cost 474.1 [17s]
    t=1.50s x=0.76 z=-0.43 cost 721.7 [26s]
    t=2.00s x=0.95 z=-0.43 cost 1096.8 [35s]
    t=2.50s x=1.04 z=-0.44 cost 793.9 [44s]
    t=3.00s x=1.26 z=-0.44 cost 1063.3 [52s]
    t=3.50s x=1.37 z=-0.43 cost 1207.2 [60s]
    t=4.00s x=1.52 z=-0.47 cost 867.7 [67s]
    t=4.50s x=1.81 z=-0.45 cost 983.3 [74s]
  noleg_left: speed 0.34 m/s over 3s, torso z 0.72, head z 1.09, |pitch| 0.14 rad, stance {foot_r 0.33, hand_l 0.00, hand_r 0.00, thigh_r 0.68, shank_r 0.00, torso 0.00, pelvis 0.00, head 0.00}, hands 0.00, airborne 0.20 [80s]
nolegs: nq 7 nu 4 mass 30.9 kg
    t=0.00s x=0.00 z=-0.00 cost 1611.4 [0s]
    t=0.50s x=-0.00 z=-0.22 cost 955.0 [8s]
    t=1.00s x=0.06 z=-0.23 cost 2787.9 [15s]
    t=1.50s x=0.36 z=-0.32 cost 5444.9 [23s]
    t=2.00s x=0.49 z=-0.48 cost 6000.2 [32s]
    t=2.50s x=0.49 z=-0.48 cost 6000.2 [40s]
    t=3.00s x=0.49 z=-0.48 cost 6000.3 [48s]
    t=3.50s x=0.49 z=-0.48 cost 6000.3 [55s]
    t=4.00s x=0.49 z=-0.48 cost 6000.3 [63s]
    t=4.50s x=0.49 z=-0.48 cost 6000.3 [71s]
  nolegs: speed -0.00 m/s over 3s, torso z 0.12, head z 0.10, |pitch| 1.64 rad, stance {hand_l 0.00, hand_r 0.00, torso 0.00, pelvis 1.00, head 1.00}, hands 0.00, airborne 0.00 [78s]
