[18.7s] per k: N (rooted count), L = sum c1, s2 = sum c1^2, s11 = sum c1 c2, Q = sum (c1-c2)^2 / 2, D = sum (c1+c2)^2 / 2
   {'k': 1, 'N': 1, 'L': 1, 's2': 1, 's11': 1, 'Q': 0, 'D': 2}
   {'k': 2, 'N': 3, 'L': 4, 's2': 6, 's11': 5, 'Q': 1, 'D': 11}
   {'k': 3, 'N': 12, 'L': 20, 's2': 38, 's11': 31, 'Q': 7, 'D': 69}
   {'k': 4, 'N': 56, 'L': 112, 's2': 254, 's11': 209, 'Q': 45, 'D': 463}
   {'k': 5, 'N': 288, 'L': 672, 's2': 1762, 's11': 1471, 'Q': 291, 'D': 3233}
   {'k': 6, 'N': 1584, 'L': 4224, 's2': 12542, 's11': 10625, 'Q': 1917, 'D': 23167}
   {'k': 7, 'N': 9152, 'L': 27456, 's2': 90946, 's11': 78079, 'Q': 12867, 'D': 169025}
   {'k': 8, 'N': 54912, 'L': 183040, 's2': 668670, 's11': 580865, 'Q': 87805, 'D': 1249535}
   {'k': 9, 'N': 339456, 'L': 1244672, 's2': 4968962, 's11': 4361215, 'Q': 607747, 'D': 9330177}
   {'k': 10, 'N': 2149888, 'L': 8599552, 's2': 37236734, 's11': 32978945, 'Q': 4257789, 'D': 70215679}
   {'k': 11, 'N': 13891584, 'L': 60196864, 's2': 280946690, 's11': 250806271, 'Q': 30140419, 'D': 531752961}
   {'k': 12, 'N': 91287552, 'L': 426008576, 's2': 2131558398, 's11': 1916280833, 'Q': 215277565, 'D': 4047839231}
   {'k': 13, 'N': 608583680, 'L': 3042918400, 's2': 16247668738, 's11': 14698053631, 'Q': 1549615107, 'D': 30945722369}
   {'k': 14, 'N': 4107939840, 'L': 21909012480, 's2': 124335161342, 's11': 113104519169, 'Q': 11230642173, 'D': 237439680511}
   {'k': 15, 'N': 28030648320, 'L': 158840340480, 's2': 954683703298, 's11': 872801042431, 'Q': 81882660867, 'D': 1827484745729}
   {'k': 16, 'N': 193100021760, 'L': 1158600130560, 's2': 7351731748862, 's11': 6751535300609, 'Q': 600196448253, 'D': 14103267049471}
   {'k': 17, 'N': 1341536993280, 'L': 8496400957440, 's2': 56757475475458, 's11': 52337071357951, 'Q': 4420404117507, 'D': 109094546833409}
   {'k': 18, 'N': 9390758952960, 'L': 62605059686400, 's2': 439164033040382, 's11': 406468580343809, 'Q': 32695452696573, 'D': 845632613384191}
   {'k': 19, 'N': 66182491668480, 'L': 463277441679360, 's2': 3404786631704578, 's11': 3162019821780991, 'Q': 242766809923587, 'D': 6566806453485569}
   {'k': 20, 'N': 469294031831040, 'L': 3441489566760960, 's2': 26443517110779902, 's11': 24634626678980609, 'Q': 1808890431799293, 'D': 51078143789760511}
   {'k': 21, 'N': 3346270487838720, 'L': 25654740406763520, 's2': 205700597301641218, 's11': 192179216026959871, 'Q': 13521381274681347, 'D': 397879813328601089}
   {'k': 22, 'N': 23981605162844160, 'L': 191852841302753280, 's2': 1602400889627213822, 's11': 1501033650819432449, 'Q': 101367238807781373, 'D': 3103434540446646271}
   {'k': 23, 'N': 172667557172477952, 'L': 1438896309770649600, 's2': 12498782946125152258, 's11': 11736812399070543871, 'Q': 761970547054608387, 'D': 24235595345195696129}
   {'k': 24, 'N': 1248519259554840576, 'L': 10820500249475284992, 's2': 97605562677524955134, 's11': 91863721904416227329, 'Q': 5741840773108727805, 'D': 189469284581941182463}
L_k = 2^(k-1) Cat_k: True
(k+2) N_k = 3 L_k   : True
wrote /home/user/Spoti-pi/poc/results/hyper_moments.json
