transverse (1,-1): rates r! [t^r] Lambda
   r= 1:                                0  = +0.0000000000
   r= 2:                            10/27  = +0.3703703704
   r= 3:                                0  = +0.0000000000
   r= 4:                          -94/729  = -0.1289437586
   r= 5:                                0  = +0.0000000000
   r= 6:                       4150/19683  = +0.2108418432
   r= 7:                                0  = +0.0000000000
   r= 8:                 -3710734/4782969  = -0.7758222978
   r= 9:                                0  = +0.0000000000
   r=10:               216102770/43046721  = +5.0201912011
   r=11:                                0  = +0.0000000000
   r=12:         -175646959486/3486784401  = -50.3750560074
   z(t) = ['1/8', '0', '-5/216', '0', '197/69984'] ...
marginal (1,0): rates r! [t^r] Lambda
   r= 1:                              1/3  = +0.3333333333
   r= 2:                            10/81  = +0.1234567901
   r= 3:                           14/729  = +0.0192043896
   r= 4:                         -94/6561  = -0.0143270843
   r= 5:                     -4690/531441  = -0.0088250624
   r= 6:                    29170/4782969  = +0.0060987224
   r= 7:                  369166/43046721  = +0.0085759378
   r= 8:              -5647498/1162261467  = -0.0048590598
   r= 9:           -148306550/10460353203  = -0.0141779677
   r=10:            491008150/94143178827  = +0.0052155467
   r=11:        89866923454/2541865828329  = +0.0353547077
   r=12:      -71289982174/22876792454961  = -0.0031162578
   z(t) = ['1/8', '-1/24', '-1/1296', '49/34992', '103/1259712'] ...
diagonal (1,1): rates r! [t^r] Lambda
   r= 1:                              2/3  = +0.6666666667
   r= 2:                            10/81  = +0.1234567901
   r= 3:                          -14/729  = -0.0192043896
   r= 4:                         -94/6561  = -0.0143270843
   r= 5:                      4690/531441  = +0.0088250624
   r= 6:                    29170/4782969  = +0.0060987224
   r= 7:                 -369166/43046721  = -0.0085759378
   r= 8:              -5647498/1162261467  = -0.0048590598
   r= 9:            148306550/10460353203  = +0.0141779677
   r=10:            491008150/94143178827  = +0.0052155467
   r=11:       -89866923454/2541865828329  = -0.0353547077
   r=12:      -71289982174/22876792454961  = -0.0031162578
   z(t) = ['1/8', '-1/12', '13/648', '-11/17496', '-403/629856'] ...
[4.3s]
ok    transverse odd rates vanish
ok    transverse r=2 is 10/27
ok    transverse r=4 is -94/729 = 9 kappa_4(c1)
ok    marginal r=1..5 are 1/3, 10/81, 14/729, -94/6561, -4690/531441
ok    marginal r=2 equals 3 * transverse ... i.e. transverse r=2 = 3 marginal r=2
ok    diagonal reproduces the scalar curve (r=1..8)
ok    transverse r=6 equals candidate 4150/19683
ok    beta = (729/4)(kappa_6(c1) + alpha/27) equals candidate -2045/6561
degree-6 tensor: alpha = -4150/19683, beta = -2045/6561
degree-8 tensor: a8 = -3710734/4782969, b8 = -1371176/531441
