exact relations (odd kappa(X) = 0, kappa2(X) = 3 kappa2(c1), kappa4(X) = 9 kappa4(c1), kappa1(c1) = (k+2)/3, kappa2(c1) = 2Q/(3N)) at every k <= 30: True

marginal cumulants of c1: fitted linear coefficient (last 4/5/6 points) against the critical-curve prediction
 r | fit m=4 | fit m=5 | fit m=6 | predicted (-1)^r Lambda^(r)(0) | value
 2 | +0.1234566 | +0.1234568 | +0.1234568 | 10/81 | +0.1234568
 3 | +0.0192047 | +0.0192043 | +0.0192044 | 14/729 | +0.0192044
 4 | -0.0143276 | -0.0143268 | -0.0143271 | -94/6561 | -0.0143271
 5 | -0.0088245 | -0.0088260 | -0.0088249 | -4690/531441 | -0.0088251
 6 | +0.0060962 | +0.0061023 | +0.0060980 | 29170/4782969 | +0.0060987
 7 | +0.0085881 | +0.0085622 | +0.0085796 | 369166/43046721 | +0.0085759
 8 | -0.0049186 | -0.0048035 | -0.0048754 | -5647498/1162261467 | -0.0048591

cumulants of X = c1 - c2: growth
 r | kappa_r(X) at K | /K | /K^2 | /K^3 | fit m=4 | fit m=5 | fit m=6 | forced by marginals?
 2 | +11.427429 | +0.380914 | +0.012697 | +0.000423 | +0.3703699 | +0.3703704 | +0.3703704 | yes: 3 kappa_2(c1)
 4 | -4.029565 | -0.134319 | -0.004477 | -0.000149 | -0.1289485 | -0.1289415 | -0.1289440 | yes: 9 kappa_4(c1)
 6 | +6.478769 | +0.215959 | +0.007199 | +0.000240 | +0.2107814 | +0.2109222 | +0.2108256 | no (e2^3, e3^2)
 8 | -24.338374 | -0.811279 | -0.027043 | -0.000901 | -0.7791066 | -0.7727382 | -0.7766944 | no (e2^4, e2 e3^2)

kappa_6(X) at every k, and first differences (a linear law gives a constant difference):
  k: 2 3 4 5 6 7 8 9 10 11 12 13 14 15 16 17 18 19 20 21 22 23 24 25 26 27 28 29 30
  kappa_6(X): 2.8889 3.3889 1.9884 1.3115 1.1859 1.3043 1.5150 1.7562 2.0044 2.2512 2.4941 2.7325 2.9669 3.1978 3.4258 3.6513 3.8748 4.0966 4.3170 4.5363 4.7546 4.9720 5.1887 5.4049 5.6204 5.8356 6.0503 6.2647 6.4788
  diff      : +0.5000 -1.4005 -0.6770 -0.1256 +0.1184 +0.2107 +0.2412 +0.2482 +0.2468 +0.2428 +0.2384 +0.2344 +0.2309 +0.2280 +0.2255 +0.2235 +0.2218 +0.2204 +0.2193 +0.2183 +0.2174 +0.2167 +0.2161 +0.2156 +0.2151 +0.2147 +0.2144 +0.2141

degree-6 tensor: alpha = -lim kappa_6(X)/k ~ -0.2108256,  beta = (729/4)(kappa_6(c1)/k + alpha/27) ~ -0.3115805
  no small 3-power rational found for kappa_6(X)/k within 0.02

raw moments of X against the Gaussian limits 3 sigma^4 and 15 sigma^6, sigma^2 = 10k/27 + 28/81:
  k= 8  E[X^4]/(3 sigma^4) = 0.89381   E[X^6]/(15 sigma^6) = 0.78855
  k=16  E[X^4]/(3 sigma^4) = 0.96331   E[X^6]/(15 sigma^6) = 0.91776
  k=24  E[X^4]/(3 sigma^4) = 0.97930   E[X^6]/(15 sigma^6) = 0.95041
  k=30  E[X^4]/(3 sigma^4) = 0.98465   E[X^6]/(15 sigma^6) = 0.96200
