[712.9s] mode X, K=30, J=8
  k= 1 N=1  kappa_1..8 = 0, 0, 0, 0, 0, 0, 0, 0
  k= 2 N=3  kappa_1..8 = 0, 0.666667, 0, -0.666667, 0, 2.88889, 0, -27.3333
  k= 3 N=12  kappa_1..8 = 0, 1.16667, 0, -0.916667, 0, 3.38889, 0, -29.4583
  k= 4 N=56  kappa_1..8 = 0, 1.60714, 0, -0.998724, 0, 1.98843, 0, 6.43739
  k= 5 N=288  kappa_1..8 = 0, 2.02083, 0, -1.0638, 0, 1.31147, 0, 11.9108
  k= 6 N=1584  kappa_1..8 = 0, 2.42045, 0, -1.14019, 0, 1.18592, 0, 6.08061
  k= 7 N=9152  kappa_1..8 = 0, 2.81184, 0, -1.22924, 0, 1.30432, 0, 0.0855858
  k= 8 N=54912  kappa_1..8 = 0, 3.19803, 0, -1.32805, 0, 1.51501, 0, -4.03233
  k= 9 N=339456  kappa_1..8 = 0, 3.58071, 0, -1.4339, 0, 1.75622, 0, -6.66496
  k=10 N=2149888  kappa_1..8 = 0, 3.96094, 0, -1.54479, 0, 2.00443, 0, -8.40938
  k=11 N=13891584  kappa_1..8 = 0, 4.33938, 0, -1.65934, 0, 2.25125, 0, -9.66768
  k=12 N=91287552  kappa_1..8 = 0, 4.71647, 0, -1.7766, 0, 2.49408, 0, -10.6685
  k=13 N=608583680  kappa_1..8 = 0, 5.09253, 0, -1.8959, 0, 2.73251, 0, -11.5349
  k=14 N=4107939840  kappa_1..8 = 0, 5.46777, 0, -2.01678, 0, 2.9669, 0, -12.3321
  k=15 N=28030648320  kappa_1..8 = 0, 5.84237, 0, -2.13888, 0, 3.19779, 0, -13.0946
  k=16 N=193100021760  kappa_1..8 = 0, 6.21643, 0, -2.26196, 0, 3.42575, 0, -13.8408
  k=17 N=1341536993280  kappa_1..8 = 0, 6.59006, 0, -2.38583, 0, 3.65128, 0, -14.5802
  k=18 N=9390758952960  kappa_1..8 = 0, 6.96332, 0, -2.51034, 0, 3.87479, 0, -15.3179
  k=19 N=66182491668480  kappa_1..8 = 0, 7.33628, 0, -2.63538, 0, 4.09662, 0, -16.0566
  k=20 N=469294031831040  kappa_1..8 = 0, 7.70899, 0, -2.76086, 0, 4.31705, 0, -16.7974
  k=21 N=3346270487838720  kappa_1..8 = 0, 8.08146, 0, -2.88672, 0, 4.53631, 0, -17.5409
  k=22 N=23981605162844160  kappa_1..8 = 0, 8.45375, 0, -3.01289, 0, 4.75458, 0, -18.2872
  k=23 N=172667557172477952  kappa_1..8 = 0, 8.82587, 0, -3.13933, 0, 4.97202, 0, -19.0362
  k=24 N=1248519259554840576  kappa_1..8 = 0, 9.19784, 0, -3.26601, 0, 5.18875, 0, -19.7878
  k=25 N=9063324995286990848  kappa_1..8 = 0, 9.56969, 0, -3.39289, 0, 5.40486, 0, -20.5416
  k=26 N=66032796394233790464  kappa_1..8 = 0, 9.94142, 0, -3.51995, 0, 5.62045, 0, -21.2976
  k=27 N=482722511571640123392  kappa_1..8 = 0, 10.313, 0, -3.64716, 0, 5.83558, 0, -22.0555
  k=28 N=3539965084858694238208  kappa_1..8 = 0, 10.6846, 0, -3.77451, 0, 6.05031, 0, -22.815
  k=29 N=26035872237025235042304  kappa_1..8 = 0, 11.056, 0, -3.90198, 0, 6.26469, 0, -23.576
  k=30 N=192014557748061108436992  kappa_1..8 = 0, 11.4274, 0, -4.02956, 0, 6.47877, 0, -24.3384
wrote /home/user/Spoti-pi/poc/results/hyper_cumulants_X.json
