[  0.0s] built 38 cases from seed 102: 18 isolated, 8 two-missing, 8 oov, 4 control
[  0.1s] iso_sin1_0             E0 0.815  q_perp 0.84  rgre None     oracle cubic    value 0.00  identity n  defer og 0.777 mag 0.766
[  0.2s] iso_bump_1             E0 0.364  q_perp 0.33  rgre step1    oracle bump     value 0.37  identity n  defer og 0.122 mag 0.122
[  0.4s] iso_bump_2             E0 0.065  q_perp 0.56  rgre pair     oracle sin1     value 0.00  identity n  defer og 0.025 mag 0.020  DECLINED
[  0.5s] iso_bump_3             E0 0.056  q_perp 0.69  rgre None     oracle sin1     value 0.00  identity n  defer og 0.024 mag 0.024
[  0.6s] iso_exp3_4             E0 0.829  q_perp 0.55  rgre exp3     oracle exp3     value 1.00  identity Y  defer og 0.018 mag 0.019
[  0.8s] iso_step1_5            E0 0.828  q_perp 0.39  rgre step1    oracle step1    value 1.00  identity Y  defer og 0.019 mag 0.020
[  0.9s] iso_cubic_6            E0 0.597  q_perp 0.63  rgre None     oracle cubic    value 0.00  identity n  defer og 0.654 mag 0.542
[  1.0s] iso_abs2_7             E0 0.466  q_perp 0.19  rgre abs2     oracle abs2     value 1.00  identity Y  defer og 0.019 mag 0.019
[  1.1s] iso_cubic_8            E0 0.781  q_perp 0.36  rgre sin2     oracle cubic    value 0.15  identity n  defer og 0.820 mag 0.792
[  1.3s] iso_bump_9             E0 0.074  q_perp 0.82  rgre None     oracle sin1     value 0.00  identity n  defer og 0.021 mag 0.020
[  1.4s] iso_sin1_10            E0 0.523  q_perp 0.81  rgre None     oracle cubic    value 0.00  identity n  defer og 0.364 mag 0.349
[  1.5s] iso_exp3_11            E0 0.139  q_perp 0.34  rgre cubic    oracle exp3     value 0.46  identity n  defer og 0.037 mag 0.038
[  1.6s] iso_cubic_12           E0 0.651  q_perp 0.41  rgre sin2     oracle cubic    value 0.15  identity n  defer og 0.582 mag 0.403
[  1.8s] iso_cubic_13           E0 0.335  q_perp 0.43  rgre abs2     oracle cubic    value 0.06  identity n  defer og 0.249 mag 0.187
[  1.9s] iso_exp3_14            E0 0.809  q_perp 0.79  rgre None     oracle bump     value 0.00  identity n  defer og 0.835 mag 0.811
[  2.1s] iso_abs2_15            E0 0.396  q_perp 0.41  rgre step1    oracle sin2     value 0.51  identity n  defer og 0.166 mag 0.123
[  2.2s] iso_sin2_16            E0 0.695  q_perp 0.51  rgre abs2     oracle sin2     value 0.14  identity n  defer og 0.545 mag 0.375
[  2.4s] iso_sin2_17            E0 0.287  q_perp 0.21  rgre sin2     oracle sin2     value 1.00  identity Y  defer og 0.019 mag 0.019
[  2.6s] two_pair_quad_0        E0 0.458  q_perp 0.58  rgre pair     oracle pair     value 1.00  2-step field 1.00 consumer 0.57  defer og 0.211 mag 0.226
[  3.0s] two_sin2_abs2_1        E0 0.980  q_perp 0.25  rgre abs2     oracle abs2     value 1.00  2-step field 1.00 consumer 0.98  defer og 0.245 mag 0.286
[  3.2s] two_sin1_abs2_2        E0 0.568  q_perp 0.35  rgre abs2     oracle quad     value 0.24  2-step field 1.71 consumer 1.32  defer og 0.337 mag 0.296
[  3.6s] two_pair_exp3_3        E0 0.634  q_perp 0.63  rgre None     oracle pair     value 0.00  2-step field 0.93 consumer 1.00  defer og 0.645 mag 0.530
[  3.8s] two_abs2_step1_4       E0 0.540  q_perp 0.64  rgre None     oracle step1    value 0.00  2-step field 1.01 consumer 1.01  defer og 0.371 mag 0.283
[  4.0s] two_exp3_step1_5       E0 1.469  q_perp 0.20  rgre step1    oracle bump     value 0.79  2-step field 0.97 consumer 1.00  defer og 0.976 mag 0.975
[  4.2s] two_abs2_pair_6        E0 0.624  q_perp 0.59  rgre None     oracle abs2     value 0.00  2-step field 1.00 consumer 1.00  defer og 0.496 mag 0.474
[  4.4s] two_sin2_exp3_7        E0 0.765  q_perp 0.46  rgre exp3     oracle bump     value 0.58  2-step field 0.57 consumer 0.72  defer og 0.439 mag 0.460
[  4.6s] oov_prodfreq_0         E0 0.494  q_perp 0.69  rgre None     oracle pair     value 0.00  defer og 0.298 mag 0.298
[  4.7s] oov_xor_1              E0 0.690  q_perp 0.65  rgre None     oracle pair     value 0.00  defer og 0.595 mag 0.517
[  4.8s] oov_spiral_2           E0 0.434  q_perp 0.84  rgre None     oracle pair     value 0.00  defer og 0.352 mag 0.342
[  5.0s] oov_ridge_3            E0 0.471  q_perp 0.48  rgre abs2     oracle bump     value 0.70  defer og 0.409 mag 0.405
[  5.1s] oov_prodfreq_4         E0 0.499  q_perp 0.66  rgre None     oracle pair     value 0.00  defer og 0.346 mag 0.346
[  5.2s] oov_xor_5              E0 0.776  q_perp 0.72  rgre None     oracle pair     value 0.00  defer og 0.645 mag 0.612
[  5.4s] oov_spiral_6           E0 0.639  q_perp 0.86  rgre None     oracle pair     value 0.00  defer og 0.600 mag 0.591
[  5.6s] oov_ridge_7            E0 0.447  q_perp 0.50  rgre step1    oracle bump     value 0.82  defer og 0.361 mag 0.356
[  5.7s] ctrl_0                 E0 0.103  q_perp 0.58  rgre quad     oracle bump     value 0.00  defer og 0.020 mag 0.020  DECLINED
[  5.8s] ctrl_1                 E0 0.052  q_perp 0.79  rgre None     oracle exp3     value 0.00  defer og 0.019 mag 0.019
[  6.0s] ctrl_2                 E0 0.082  q_perp 0.37  rgre cubic    oracle bump     value 0.00  defer og 0.021 mag 0.021  DECLINED
[  6.0s] ctrl_3                 E0 0.064  q_perp 0.42  rgre pair     oracle bump     value 0.04  defer og 0.019 mag 0.019  DECLINED

summary:
  value_rgre               0.150
  value_mean_rgre          0.363
  value_random             0.084
  value_cheapest           0.135
  value_gradnorm           0.765
  value_mp_value           1.000
  value_rgre_nogate        0.683
  value_rgre_value         1.000
  value_rgre_notabstained  0.510
  identity_nogate          0.278
  identity_value           0.833
  identity_mp              0.833
  ctrl_declined_or_abstained 1.000
  q_perp_auc               0.784
  q_perp_value_auc         0.880
  search_fraction          0.100
  identity                 0.222
  oracle_identity          0.611
  two_step_recovery_consumer 1.000
  two_step_recovery_field  1.000
  two_step_found_field     1.250
  oov_abstain              0.750
  known_false_abstain      0.346
  ctrl_abstain             0.250
  q_perp_known             0.485
  q_perp_oov               0.675
  defer_oov_orth           0.384
  defer_oov_mag            0.380
  defer_oov_random         0.416
  defer_oov_orth_global    0.385
  defer_oov_orth_wins      0.000
  defer_oov_orthg_wins     0.000
  defer_iso_orth           0.142
  defer_iso_mag            0.122
  defer_iso_random         0.180
  defer_iso_orth_global    0.144
  defer_iso_orth_wins      0.222
  defer_iso_orthg_wins     0.222
[  6.0s] wrote poc/results/rgre_ml1_seed102.json
