diabetes    seed 2  n=309   cand=150  lin 0.802 -> dead@1 0.785 final 0.799 best 0.773@2 knn 0.847 | value med 0.46 anchored 0.74 | q_perp step0 0.973 perm 0.980 (joint 0.03/0.02) | defer topS 0.683 og 0.683 mag 0.683 rand 0.773 | perm best drop 1.275% [24s]
diabetes    seed 1  n=309   cand=150  lin 0.731 -> dead@2 0.737 final 0.764 best 0.731@0 knn 0.827 | value med 0.38 anchored 0.50 | q_perp step0 0.964 perm 0.971 (joint 0.02/0.02) | defer topS 0.724 og 0.707 mag 0.744 rand 0.668 | perm best drop 1.590% [25s]
diabetes    seed 3  n=309   cand=150  lin 0.746 -> dead@1 0.765 final 0.753 best 0.741@3 knn 0.794 | value med 0.54 anchored 0.54 | q_perp step0 0.943 perm 0.975 (joint 0.02/0.01) | defer topS 0.695 og 0.695 mag 0.695 rand 0.795 | perm best drop 1.250% [26s]
diabetes    seed 4  n=309   cand=150  lin 0.815 -> dead@1 0.800 final 0.830 best 0.786@2 knn 0.899 | value med 0.56 anchored 0.49 | q_perp step0 0.969 perm 0.982 (joint 0.03/0.02) | defer topS 0.759 og 0.759 mag 0.795 rand 0.798 | perm best drop 0.896% [28s]
mpg         seed 3  n=274   cand=66   lin 0.431 -> dead@4 0.385 final 0.359 best 0.359@8 knn 0.372 | value med 0.51 anchored 0.60 | q_perp step0 0.773 perm 0.989 (joint 0.24/0.53) | defer topS 0.349 og 0.322 mag 0.322 rand 0.445 | perm best drop 1.383% [8s]
mpg         seed 2  n=274   cand=66   lin 0.409 -> dead@5 0.360 final 0.348 best 0.348@8 knn 0.335 | value med 0.57 anchored 0.60 | q_perp step0 0.792 perm 0.992 (joint 0.22/0.52) | defer topS 0.350 og 0.350 mag 0.350 rand 0.353 | perm best drop 0.667% [11s]
mpg         seed 1  n=274   cand=66   lin 0.456 -> dead@6 0.378 final 0.371 best 0.371@8 knn 0.389 | value med 0.40 anchored 0.73 | q_perp step0 0.788 perm 0.989 (joint 0.23/0.45) | defer topS 0.372 og 0.358 mag 0.372 rand 0.382 | perm best drop 1.414% [16s]
mpg         seed 5  n=274   cand=66   lin 0.494 -> dead@5 0.422 final 0.423 best 0.417@7 knn 0.443 | value med 0.43 anchored 0.18 | q_perp step0 0.733 perm 0.988 (joint 0.20/0.54) | defer topS 0.355 og 0.355 mag 0.355 rand 0.411 | perm best drop 0.985% [9s]
diabetes    seed 5  n=309   cand=150  lin 0.664 -> dead@1 0.661 final 0.701 best 0.661@1 knn 0.718 | value med 0.53 anchored 0.69 | q_perp step0 0.968 perm 0.975 (joint 0.04/0.02) | defer topS 0.622 og 0.622 mag 0.622 rand 0.676 | perm best drop 1.066% [24s]
mpg         seed 4  n=274   cand=66   lin 0.425 -> dead@5 0.373 final 0.383 best 0.363@3 knn 0.397 | value med 0.56 anchored 0.68 | q_perp step0 0.732 perm 0.986 (joint 0.24/0.58) | defer topS 0.324 og 0.324 mag 0.324 rand 0.376 | perm best drop 1.126% [14s]
concrete    seed 1  n=721   cand=104  lin 0.645 -> dead@8 0.468 final 0.468 best 0.468@8 knn 0.619 | value med 0.94 anchored 0.94 | q_perp step0 0.610 perm 0.995 (joint 0.10/0.71) | defer topS 0.450 og 0.450 mag 0.465 rand 0.488 | perm best drop 0.357% [37s]
concrete    seed 2  n=721   cand=104  lin 0.633 -> dead@8 0.441 final 0.441 best 0.441@8 knn 0.568 | value med 0.63 anchored 0.63 | q_perp step0 0.634 perm 0.993 (joint 0.10/0.67) | defer topS 0.369 og 0.369 mag 0.369 rand 0.452 | perm best drop 0.846% [31s]
concrete    seed 4  n=721   cand=104  lin 0.630 -> dead@6 0.460 final 0.449 best 0.449@8 knn 0.606 | value med 0.54 anchored 0.75 | q_perp step0 0.645 perm 0.995 (joint 0.10/0.74) | defer topS 0.459 og 0.410 mag 0.410 rand 0.443 | perm best drop 0.641% [32s]
concrete    seed 3  n=721   cand=104  lin 0.674 -> dead@4 0.544 final 0.498 best 0.498@8 knn 0.573 | value med 0.60 anchored 0.71 | q_perp step0 0.579 perm 0.994 (joint 0.10/0.67) | defer topS 0.582 og 0.582 mag 0.582 rand 0.521 | perm best drop 0.501% [35s]
concrete    seed 5  n=721   cand=104  lin 0.576 -> dead@4 0.454 final 0.426 best 0.426@8 knn 0.552 | value med 0.71 anchored 0.69 | q_perp step0 0.602 perm 0.995 (joint 0.10/0.67) | defer topS 0.412 og 0.409 mag 0.414 rand 0.417 | perm best drop 0.298% [36s]
winered     seed 1  n=1119  cand=176  lin 0.788 -> dead@1 0.768 final 0.774 best 0.764@2 knn 0.828 | value med 0.43 anchored 0.69 | q_perp step0 0.967 perm 0.991 (joint 0.47/0.65) | defer topS 0.742 og 0.742 mag 0.742 rand 0.745 | perm best drop 0.483% [63s]
winered     seed 3  n=1119  cand=176  lin 0.801 -> dead@1 0.796 final 0.793 best 0.788@7 knn 0.781 | value med 0.45 anchored 0.51 | q_perp step0 0.970 perm 0.993 (joint 0.48/0.65) | defer topS 0.801 og 0.801 mag 0.813 rand 0.824 | perm best drop 0.324% [65s]
winered     seed 2  n=1119  cand=176  lin 0.790 -> dead@2 0.779 final 0.789 best 0.778@3 knn 0.780 | value med 0.36 anchored 0.33 | q_perp step0 0.973 perm 0.995 (joint 0.51/0.64) | defer topS 0.820 og 0.820 mag 0.820 rand 0.737 | perm best drop 0.441% [65s]
winered     seed 4  n=1119  cand=176  lin 0.853 -> dead@1 0.848 final 0.850 best 0.848@1 knn 0.921 | value med 0.44 anchored 0.44 | q_perp step0 0.963 perm 0.996 (joint 0.48/0.63) | defer topS 0.867 og 0.867 mag 0.867 rand 0.810 | perm best drop 0.385% [75s]
abalone     seed 2  n=2924  cand=84   lin 0.690 -> dead@0 0.690 final 0.684 best 0.681@6 knn 0.694 | value med 0.34 anchored 0.71 | q_perp step0 0.957 perm 0.999 (joint 0.79/0.95) | defer topS 0.660 og 0.655 mag 0.660 rand 0.673 | perm best drop 0.066% [48s]
abalone     seed 1  n=2924  cand=84   lin 0.680 -> dead@0 0.680 final 0.672 best 0.672@7 knn 0.697 | value med 0.49 anchored 0.74 | q_perp step0 0.958 perm 0.998 (joint 0.76/0.94) | defer topS 0.664 og 0.650 mag 0.664 rand 0.654 | perm best drop 0.230% [57s]
winered     seed 5  n=1119  cand=176  lin 0.778 -> dead@0 0.778 final 0.752 best 0.747@4 knn 0.825 | value med 0.48 anchored 0.58 | q_perp step0 0.972 perm 0.996 (joint 0.49/0.64) | defer topS 0.776 og 0.776 mag 0.776 rand 0.792 | perm best drop 0.591% [84s]
abalone     seed 3  n=2924  cand=84   lin 0.673 -> dead@0 0.673 final 0.662 best 0.661@6 knn 0.650 | value med 0.39 anchored 0.47 | q_perp step0 0.968 perm 0.999 (joint 0.80/0.93) | defer topS 0.612 og 0.612 mag 0.612 rand 0.672 | perm best drop 0.098% [59s]
abalone     seed 4  n=2924  cand=84   lin 0.675 -> dead@0 0.675 final 0.657 best 0.657@8 knn 0.679 | value med 0.36 anchored 0.81 | q_perp step0 0.965 perm 0.999 (joint 0.80/0.92) | defer topS 0.632 og 0.632 mag 0.632 rand 0.688 | perm best drop 0.571% [53s]
abalone     seed 5  n=2924  cand=84   lin 0.642 -> dead@0 0.642 final 0.630 best 0.628@5 knn 0.635 | value med 0.36 anchored 0.63 | q_perp step0 0.959 perm 0.999 (joint 0.78/0.92) | defer topS 0.632 og 0.632 mag 0.632 rand 0.676 | perm best drop 0.151% [51s]
california  seed 1  n=2100  cand=104  lin 0.581 -> dead@0 0.581 final 0.558 best 0.558@8 knn 0.581 | value med 0.61 anchored 0.68 | q_perp step0 0.972 perm 0.998 (joint 0.61/0.89) | defer topS 0.568 og 0.568 mag 0.568 rand 0.569 | perm best drop 0.189% [55s]
california  seed 2  n=2100  cand=104  lin 0.616 -> dead@0 0.616 final 0.591 best 0.587@7 knn 0.635 | value med 0.40 anchored 0.47 | q_perp step0 0.971 perm 0.996 (joint 0.59/0.89) | defer topS 0.609 og 0.628 mag 0.609 rand 0.587 | perm best drop 0.280% [57s]
california  seed 3  n=2100  cand=104  lin 0.588 -> dead@0 0.588 final 0.563 best 0.563@8 knn 0.573 | value med 0.44 anchored 0.42 | q_perp step0 0.970 perm 0.999 (joint 0.58/0.89) | defer topS 0.613 og 0.613 mag 0.613 rand 0.588 | perm best drop 0.122% [57s]
california  seed 4  n=2100  cand=104  lin 0.602 -> dead@0 0.602 final 0.577 best 0.577@8 knn 0.610 | value med 0.36 anchored 0.48 | q_perp step0 0.975 perm 0.998 (joint 0.56/0.89) | defer topS 0.575 og 0.575 mag 0.575 rand 0.589 | perm best drop 0.167% [52s]
california  seed 5  n=2100  cand=104  lin 0.620 -> dead@0 0.620 final 1.455 best 0.602@5 knn 0.637 | value med 0.38 anchored 0.61 | q_perp step0 0.972 perm 0.997 (joint 0.58/0.91) | defer topS 0.604 og 0.604 mag 0.604 rand 0.612 | perm best drop 0.133% [29s]
done: 30 cases in 308s -> poc/results/rgre_ml2.json
