diabetes    seed 1  lin 0.731 best 0.731@0 | stop M9 0 M19 0 M49 0 dead 2 | q_top0 0.036 null max 0.042 | gap oracle med 0.31 pick 0.00 | perm q_top 0.015 null max 0.044 [28s]
diabetes    seed 2  lin 0.802 best 0.773@2 | stop M9 0 M19 0 M49 0 dead 1 | q_top0 0.027 null max 0.068 | gap oracle med 0.42 pick 0.00 | perm q_top 0.028 null max 0.070 [29s]
diabetes    seed 3  lin 0.746 best 0.741@3 | stop M9 1 M19 1 M49 0 dead 1 | q_top0 0.057 null max 0.046 | gap oracle med 0.42 pick 0.00 | perm q_top 0.010 null max 0.053 [29s]
mpg         seed 1  lin 0.456 best 0.371@8 | stop M9 5 M19 5 M49 5 dead 6 | q_top0 0.212 null max 0.068 | gap oracle med 0.57 pick 0.00 | perm q_top 0.005 null max 0.085 [15s]
mpg         seed 2  lin 0.409 best 0.348@8 | stop M9 5 M19 5 M49 5 dead 5 | q_top0 0.208 null max 0.038 | gap oracle med 0.55 pick 0.00 | perm q_top 0.008 null max 0.045 [13s]
diabetes    seed 5  lin 0.664 best 0.661@1 | stop M9 0 M19 0 M49 0 dead 1 | q_top0 0.032 null max 0.053 | gap oracle med 0.37 pick 0.06 | perm q_top 0.025 null max 0.042 [28s]
diabetes    seed 4  lin 0.815 best 0.786@2 | stop M9 0 M19 0 M49 0 dead 1 | q_top0 0.031 null max 0.054 | gap oracle med 0.43 pick 0.04 | perm q_top 0.019 null max 0.055 [31s]
mpg         seed 3  lin 0.431 best 0.359@8 | stop M9 5 M19 5 M49 5 dead 4 | q_top0 0.227 null max 0.061 | gap oracle med 0.62 pick 0.00 | perm q_top 0.011 null max 0.042 [13s]
mpg         seed 5  lin 0.494 best 0.417@7 | stop M9 4 M19 4 M49 3 dead 5 | q_top0 0.267 null max 0.041 | gap oracle med 0.72 pick 0.00 | perm q_top 0.010 null max 0.055 [12s]
mpg         seed 4  lin 0.425 best 0.363@3 | stop M9 5 M19 5 M49 5 dead 5 | q_top0 0.268 null max 0.049 | gap oracle med 0.76 pick 0.00 | perm q_top 0.020 null max 0.047 [16s]
concrete    seed 3  lin 0.674 best 0.498@8 | stop M9 8 M19 8 M49 8 dead 4 | q_top0 0.421 null max 0.024 | gap oracle med 0.16 pick 0.00 | perm q_top 0.005 null max 0.019 [50s]
concrete    seed 2  lin 0.633 best 0.441@8 | stop M9 8 M19 8 M49 8 dead 8 | q_top0 0.366 null max 0.019 | gap oracle med 0.15 pick 0.02 | perm q_top 0.003 null max 0.020 [54s]
concrete    seed 1  lin 0.645 best 0.468@8 | stop M9 8 M19 8 M49 8 dead 8 | q_top0 0.390 null max 0.024 | gap oracle med 0.14 pick 0.09 | perm q_top 0.007 null max 0.018 [58s]
concrete    seed 4  lin 0.630 best 0.449@8 | stop M9 8 M19 8 M49 8 dead 6 | q_top0 0.355 null max 0.021 | gap oracle med 0.16 pick 0.01 | perm q_top 0.005 null max 0.016 [23s]
concrete    seed 5  lin 0.576 best 0.426@8 | stop M9 8 M19 8 M49 8 dead 4 | q_top0 0.398 null max 0.021 | gap oracle med 0.14 pick 0.00 | perm q_top 0.007 null max 0.024 [21s]
winered     seed 1  lin 0.788 best 0.764@2 | stop M9 6 M19 6 M49 6 dead 1 | q_top0 0.033 null max 0.014 | gap oracle med 0.54 pick 0.00 | perm q_top 0.003 null max 0.019 [48s]
winered     seed 3  lin 0.801 best 0.788@7 | stop M9 4 M19 4 M49 4 dead 1 | q_top0 0.030 null max 0.011 | gap oracle med 0.63 pick 0.13 | perm q_top 0.009 null max 0.023 [59s]
winered     seed 2  lin 0.790 best 0.778@3 | stop M9 2 M19 2 M49 2 dead 2 | q_top0 0.027 null max 0.014 | gap oracle med 0.70 pick 0.00 | perm q_top 0.005 null max 0.015 [72s]
winered     seed 4  lin 0.853 best 0.848@1 | stop M9 4 M19 4 M49 4 dead 1 | q_top0 0.037 null max 0.020 | gap oracle med 0.77 pick 0.00 | perm q_top 0.004 null max 0.015 [66s]
abalone     seed 1  lin 0.680 best 0.672@7 | stop M9 8 M19 8 M49 8 dead 0 | q_top0 0.042 null max 0.009 | gap oracle med 0.36 pick 0.05 | perm q_top 0.001 null max 0.005 [48s]
winered     seed 5  lin 0.778 best 0.747@4 | stop M9 2 M19 2 M49 2 dead 0 | q_top0 0.028 null max 0.013 | gap oracle med 0.93 pick 0.00 | perm q_top 0.005 null max 0.014 [66s]
abalone     seed 2  lin 0.690 best 0.681@6 | stop M9 8 M19 8 M49 8 dead 0 | q_top0 0.043 null max 0.004 | gap oracle med 0.25 pick 0.02 | perm q_top 0.002 null max 0.004 [46s]
abalone     seed 3  lin 0.673 best 0.661@6 | stop M9 8 M19 8 M49 8 dead 0 | q_top0 0.032 null max 0.006 | gap oracle med 0.58 pick 0.02 | perm q_top 0.001 null max 0.005 [44s]
abalone     seed 5  lin 0.642 best 0.628@5 | stop M9 8 M19 8 M49 8 dead 0 | q_top0 0.041 null max 0.011 | gap oracle med 0.34 pick 0.02 | perm q_top 0.001 null max 0.005 [40s]
abalone     seed 4  lin 0.675 best 0.657@8 | stop M9 8 M19 8 M49 8 dead 0 | q_top0 0.035 null max 0.006 | gap oracle med 0.44 pick 0.02 | perm q_top 0.001 null max 0.005 [59s]
california  seed 1  lin 0.581 best 0.558@8 | stop M9 8 M19 8 M49 8 dead 0 | q_top0 0.028 null max 0.007 | gap oracle med 0.26 pick 0.09 | perm q_top 0.002 null max 0.009 [46s]
california  seed 2  lin 0.616 best 0.587@7 | stop M9 8 M19 8 M49 8 dead 0 | q_top0 0.029 null max 0.006 | gap oracle med 0.43 pick 0.00 | perm q_top 0.003 null max 0.007 [51s]
california  seed 3  lin 0.588 best 0.563@8 | stop M9 8 M19 8 M49 8 dead 0 | q_top0 0.030 null max 0.006 | gap oracle med 0.28 pick 0.00 | perm q_top 0.003 null max 0.009 [54s]
california  seed 4  lin 0.602 best 0.577@8 | stop M9 8 M19 8 M49 8 dead 0 | q_top0 0.025 null max 0.007 | gap oracle med 0.76 pick 0.00 | perm q_top 0.002 null max 0.008 [37s]
california  seed 5  lin 0.620 best 0.602@5 | stop M9 8 M19 8 M49 8 dead 0 | q_top0 0.028 null max 0.006 | gap oracle med 0.29 pick 0.00 | perm q_top 0.003 null max 0.008 [15s]
done: 30 cases in 395s -> poc/results/rgre_ml3.json
