[  0.0s] built 12 cases from seed 203: 0 isolated, 0 two-missing, 0 oov, 0 control, 12 mixed
[  0.1s] mixed_cubic_prodfreq_0 E0 0.480  q_perp 0.67  rgre None     oracle pair     value 0.00  grew n defer(field step) og 0.231 mag 0.245 rand 0.244
[  0.3s] mixed_quad_xor_1       E0 0.542  q_perp 0.58  rgre pair     oracle pair     value 1.00  grew n defer(field step) og 0.244 mag 0.269 rand 0.272
[  0.4s] mixed_sin1_spiral_2    E0 0.476  q_perp 0.78  rgre None     oracle pair     value 0.00  grew n defer(field step) og 0.284 mag 0.284 rand 0.320
[  0.6s] mixed_cubic_ridge_3    E0 0.477  q_perp 0.40  rgre exp3     oracle cubic    value 0.68  grew n defer(field step) og 0.407 mag 0.406 rand 0.423
[  0.7s] mixed_bump_prodfreq_4  E0 0.388  q_perp 0.67  rgre None     oracle pair     value 0.00  grew n defer(field step) og 0.086 mag 0.086 rand 0.114
[  0.8s] mixed_pair_xor_5       E0 0.554  q_perp 0.61  rgre None     oracle pair     value 0.00  grew Y defer(field step) og 0.104 mag 0.106 rand 0.112
[  1.0s] mixed_exp3_spiral_6    E0 0.794  q_perp 0.87  rgre None     oracle pair     value 0.00  grew n defer(field step) og 0.652 mag 0.679 rand 0.680
[  1.1s] mixed_step1_ridge_7    E0 0.839  q_perp 0.34  rgre step1    oracle step1    value 1.00  grew Y defer(field step) og 0.187 mag 0.185 rand 0.186
[  1.2s] mixed_quad_prodfreq_8  E0 0.686  q_perp 0.65  rgre None     oracle pair     value 0.00  grew n defer(field step) og 0.242 mag 0.266 rand 0.285
[  1.4s] mixed_cubic_xor_9      E0 0.532  q_perp 0.50  rgre pair     oracle pair     value 1.00  grew n defer(field step) og 0.204 mag 0.217 rand 0.217
[  1.5s] mixed_abs2_spiral_10   E0 0.867  q_perp 0.44  rgre abs2     oracle sin2     value 0.17  grew Y defer(field step) og 0.716 mag 0.551 rand 0.658
[  1.6s] mixed_sin2_ridge_11    E0 0.436  q_perp 0.43  rgre sin2     oracle abs2     value 0.98  grew Y defer(field step) og 0.303 mag 0.311 rand 0.309

summary:
  value_rgre               nan
  value_mean_rgre          nan
  value_random             nan
  value_cheapest           nan
  value_gradnorm           nan
  value_mp_value           nan
  value_rgre_nogate        nan
  value_rgre_value         nan
  value_rgre_notabstained  nan
  identity_nogate          nan
  identity_value           nan
  identity_mp              nan
  ctrl_declined_or_abstained nan
  search_fraction          nan
  identity                 nan
  oracle_identity          nan
  two_step_recovery_consumer nan
  two_step_recovery_field  nan
  two_step_found_field     nan
  oov_abstain              nan
  known_false_abstain      nan
  ctrl_abstain             nan
  q_perp_known             nan
  q_perp_oov               nan
  mixed_grew_missing       0.333
  defer_mixed_mag          0.268
  defer_mixed_orth_global  0.243
  defer_mixed_orth         0.270
  defer_mixed_random       0.278
  defer_mixed_none         0.284
  defer_mixed_orthg_wins   0.583
  defer_mixed_orthg_ties   0.167
[  1.6s] wrote poc/results/rgre_ml1b_seed203.json
