[  0.0s] built 12 cases from seed 202: 0 isolated, 0 two-missing, 0 oov, 0 control, 12 mixed
[  0.2s] mixed_pair_prodfreq_0  E0 0.383  q_perp 0.63  rgre None     oracle pair     value 0.00  grew Y defer(field step) og 0.120 mag 0.134 rand 0.148
[  0.3s] mixed_step1_xor_1      E0 0.538  q_perp 0.61  rgre None     oracle pair     value 0.00  grew n defer(field step) og 0.150 mag 0.163 rand 0.176
[  0.4s] mixed_cubic_spiral_2   E0 0.814  q_perp 0.66  rgre None     oracle cubic    value 0.00  grew Y defer(field step) og 0.619 mag 0.637 rand 0.621
[  0.5s] mixed_sin1_ridge_3     E0 0.724  q_perp 0.65  rgre None     oracle sin1     value 0.00  grew n defer(field step) og 0.600 mag 0.574 rand 0.718
[  0.7s] mixed_pair_prodfreq_4  E0 0.574  q_perp 0.70  rgre None     oracle pair     value 0.00  grew Y defer(field step) og 0.170 mag 0.237 rand 0.203
[  0.9s] mixed_bump_xor_5       E0 0.427  q_perp 0.56  rgre pair     oracle pair     value 1.00  grew n defer(field step) og 0.134 mag 0.135 rand 0.133
[  1.1s] mixed_sin1_spiral_6    E0 0.688  q_perp 0.91  rgre None     oracle sin2     value 0.00  grew n defer(field step) og 0.610 mag 0.618 rand 0.665
[  1.2s] mixed_sin1_ridge_7     E0 0.592  q_perp 0.57  rgre abs2     oracle sin1     value 0.30  grew n defer(field step) og 0.384 mag 0.412 rand 0.398
[  1.3s] mixed_bump_prodfreq_8  E0 0.849  q_perp 0.91  rgre None     oracle bump     value 0.00  grew n defer(field step) og 0.515 mag 0.515 rand 0.631
[  1.5s] mixed_exp3_xor_9       E0 0.994  q_perp 0.68  rgre None     oracle cubic    value 0.00  grew n defer(field step) og 0.711 mag 0.677 rand 0.805
[  1.6s] mixed_step1_spiral_10  E0 0.583  q_perp 0.77  rgre None     oracle pair     value 0.00  grew n defer(field step) og 0.452 mag 0.467 rand 0.473
[  1.8s] mixed_sin2_ridge_11    E0 0.680  q_perp 0.47  rgre sin2     oracle sin2     value 1.00  grew Y defer(field step) og 0.282 mag 0.286 rand 0.286

summary:
  value_rgre               nan
  value_mean_rgre          nan
  value_random             nan
  value_cheapest           nan
  value_gradnorm           nan
  value_mp_value           nan
  value_rgre_nogate        nan
  value_rgre_value         nan
  value_rgre_notabstained  nan
  identity_nogate          nan
  identity_value           nan
  identity_mp              nan
  ctrl_declined_or_abstained nan
  search_fraction          nan
  identity                 nan
  oracle_identity          nan
  two_step_recovery_consumer nan
  two_step_recovery_field  nan
  two_step_found_field     nan
  oov_abstain              nan
  known_false_abstain      nan
  ctrl_abstain             nan
  q_perp_known             nan
  q_perp_oov               nan
  mixed_grew_missing       0.333
  defer_mixed_mag          0.440
  defer_mixed_orth_global  0.418
  defer_mixed_orth         0.426
  defer_mixed_random       0.436
  defer_mixed_none         0.446
  defer_mixed_orthg_wins   0.750
  defer_mixed_orthg_ties   0.083
[  1.8s] wrote poc/results/rgre_ml1b_seed202.json
