token fit on nonlinear teacher: height error 0.344 (89s)  A=0.0427 lam=0.05 m=-0.0975 n=1.32 g_eff=9.83 phi=1.63 v_max=1.52 k_cut=68.8
Q1: beta=0.396 C=0.0022  slope measured 2.363 predicted 5.048  spearman 0.991  pass False
   token field vs teacher rain 0.511; pruning errors 3e-02:0.399, 1e-02:0.185, 3e-03:0.040, 1e-03:0.010, 3e-04:0.001, 1e-04:0.000, 3e-05:0.000
512 teacher 28s
  n= 12: bilinear h 1.0647 s 0.9985 | bicubic h 1.1491 s 1.0074
  n= 16: bilinear h 0.9417 s 0.9948 | bicubic h 1.0210 s 1.0074
  n= 24: bilinear h 0.8259 s 0.9661 | bicubic h 0.8758 s 0.9856
  n= 32: bilinear h 0.7505 s 0.9355 | bicubic h 0.7657 s 0.9390
  n= 48: bilinear h 0.5487 s 0.8240 | bicubic h 0.5362 s 0.8009
  n= 64: bilinear h 0.3934 s 0.6930 | bicubic h 0.3397 s 0.6222
  n= 96: bilinear h 0.2102 s 0.4472 | bicubic h 0.1117 s 0.2747
  n=128: bilinear h 0.1299 s 0.3229 | bicubic h 0.0382 s 0.1153
  n=192: bilinear h 0.0683 s 0.1586 | bicubic h 0.0122 s 0.0291
  n=256: bilinear h 0.0333 s 0.0692 | bicubic h 0.0013 s 0.0278
Q2 exponents {"bilinear_E_height": -0.87, "bilinear_E_slope": -0.81, "bicubic_E_height": -1.91, "bicubic_E_slope": -1.23}  diffs 0.06 / 0.68  H2 False H3 True
  D=0.281 a=0.5: I12 h 1.0014 s 1.0011  token pair err 0.383  single-vs-token 0.344
  D=0.281 a=1.0: I12 h 1.0025 s 1.0023  token pair err 0.383  single-vs-token 0.344
  D=0.281 a=2.0: I12 h 1.0026 s 1.0044  token pair err 0.428  single-vs-token 0.383
  D=0.281 a=4.0: I12 h 0.9980 s 1.0080  token pair err 0.761  single-vs-token 0.688
  D=0.281 a=8.0: I12 h 1.0075 s 1.0124  token pair err 1.644  single-vs-token 1.546
  D=0.609 a=0.5: I12 h 1.0006 s 1.0004  token pair err 0.376  single-vs-token 0.344
  D=0.609 a=1.0: I12 h 1.0011 s 1.0008  token pair err 0.374  single-vs-token 0.344
  D=0.609 a=2.0: I12 h 1.0020 s 1.0016  token pair err 0.404  single-vs-token 0.383
  D=0.609 a=4.0: I12 h 1.0038 s 1.0028  token pair err 0.693  single-vs-token 0.688
  D=0.609 a=8.0: I12 h 1.0069 s 1.0038  token pair err 1.543  single-vs-token 1.546
  D=1.219 a=0.5: I12 h 1.0002 s 1.0002  token pair err 0.363  single-vs-token 0.344
  D=1.219 a=1.0: I12 h 1.0005 s 1.0003  token pair err 0.362  single-vs-token 0.344
  D=1.219 a=2.0: I12 h 1.0009 s 1.0005  token pair err 0.397  single-vs-token 0.383
  D=1.219 a=4.0: I12 h 1.0014 s 1.0007  token pair err 0.692  single-vs-token 0.688
  D=1.219 a=8.0: I12 h 1.0005 s 1.0006  token pair err 1.543  single-vs-token 1.546
  D=2.391 a=0.5: I12 h 1.0000 s 1.0000  token pair err 0.366  single-vs-token 0.344
  D=2.391 a=1.0: I12 h 1.0001 s 1.0000  token pair err 0.367  single-vs-token 0.344
  D=2.391 a=2.0: I12 h 1.0002 s 1.0001  token pair err 0.407  single-vs-token 0.383
  D=2.391 a=4.0: I12 h 1.0003 s 1.0001  token pair err 0.702  single-vs-token 0.688
  D=2.391 a=8.0: I12 h 1.0002 s 1.0001  token pair err 1.536  single-vs-token 1.546
Q3: H4 False H5 False H6 False
transfer success (H1 and H2): False
wrote /home/user/Spoti-pi/poc/results
EXIT 0
