single A=0.5 done
single A=1.0 done
single A=2.0 done
single A=4.0 done
single A=8.0 done
M0      params 0  A=0.5:0.344 A=1.0:0.344 A=2.0:0.383 A=4.0:0.688 A=8.0:1.546  slopes {} gain 0.000
M_gain  params 1  A=0.5:0.360 A=1.0:0.344 A=2.0:0.393 A=4.0:0.598 A=8.0:1.131  slopes {} gain -0.248
M1      params 2  A=0.5:0.360 A=1.0:0.344 A=2.0:0.393 A=4.0:0.598 A=8.0:1.136  slopes {'lam': -0.022720955158033466} gain -0.276
M2      params 3  A=0.5:0.373 A=1.0:0.344 A=2.0:0.385 A=4.0:0.500 A=8.0:0.930  slopes {'lam': -0.03823736601890517, 'g_eff': 0.2354004722489185} gain -0.231
M3      params 4  A=0.5:0.374 A=1.0:0.344 A=2.0:0.385 A=4.0:0.499 A=8.0:0.932  slopes {'lam': -0.029680566033029685, 'g_eff': 0.2376162655955264, 'v_max': -0.11948141999191625} gain -0.203
M4      params 5  A=0.5:0.374 A=1.0:0.344 A=2.0:0.385 A=4.0:0.497 A=8.0:0.931  slopes {'lam': -0.023461503275080335, 'g_eff': 0.2378079757657537, 'v_max': -0.10768660010885397, 'k_cut': 2.89566387377938} gain -0.206
pair D=0.281 A=4.0 done
pair D=0.281 A=2.0 done
pair D=0.281 A=8.0 done
pair D=0.609 A=4.0 done
pair D=0.609 A=2.0 done
pair D=0.609 A=8.0 done
pair models: P1 {'c1': -0.10227596899812186}  P2 {'c1': -0.20704710693980588, 'lam': 0.7767369976432095}
{
  "H1": {
    "median_recovered_fraction": 0.22166786964747412,
    "no_degradation_at_0.5": true,
    "pass": false
  },
  "H2": {
    "median_ratio": 0.7783321303525259,
    "pass": false
  },
  "H3": {
    "eta": {
      "M_gain": 0.2255416726503523,
      "M1": 0.11178093097201414,
      "M4": 0.06547951013647799,
      "P1": 0.019250533975323614,
      "P2": 0.012348756515731474
    },
    "pass": true
  },
  "H4": false,
  "H5": false,
  "knee": {
    "gain_curve": {
      "M0": 0.6204558310846197,
      "M_gain": 0.41782143891995027,
      "M1": 0.42038251890692346,
      "M2": 0.3136495486904065,
      "M3": 0.3146238371685124,
      "M4": 0.31389620222544257
    },
    "M1_fraction_of_M4_gain": -0.024643484763008875
  },
  "verdict": "failure"
}
wrote /home/user/Spoti-pi/poc/results
